Archive member included to satisfy reference by file (symbol)

/Applications/VEXcode.app/Contents/Resources/sdk/vexv5/libv5rt.a(v5_startup.c.obj)
                              (vexStartup)
/Applications/VEXcode.app/Contents/Resources/sdk/vexv5/libv5rt.a(v5_util.c.obj)
                              /Applications/VEXcode.app/Contents/Resources/sdk/vexv5/libv5rt.a(v5_startup.c.obj) (vexStdlibVersionLinked)
/Applications/VEXcode.app/Contents/Resources/sdk/vexv5/libv5rt.a(v5_apijump.c.obj)
                              /Applications/VEXcode.app/Contents/Resources/sdk/vexv5/libv5rt.a(v5_startup.c.obj) (vexPrivateApiEnable)
/Applications/VEXcode.app/Contents/Resources/sdk/vexv5/libv5rt.a(v5_apiuser.c.obj)
                              build/src/main.o (vexMotorVoltageSet)
/Applications/VEXcode.app/Contents/Resources/sdk/vexv5/libv5rt.a(v5_apiversions.c.obj)
                              /Applications/VEXcode.app/Contents/Resources/sdk/vexv5/libv5rt.a(v5_apijump.c.obj) (vexSystemVersion)
/Applications/VEXcode.app/Contents/Resources/sdk/vexv5/libv5rt.a(vex_global.cpp.obj)
                              build/src/main.o (vex::blue)
/Applications/VEXcode.app/Contents/Resources/sdk/vexv5/libv5rt.a(vex_motor.cpp.obj)
                              build/src/main.o (vex::motor::installed())
/Applications/VEXcode.app/Contents/Resources/sdk/vexv5/libv5rt.a(vex_controller.cpp.obj)
                              build/src/main.o (vex::controller::~controller())
/Applications/VEXcode.app/Contents/Resources/sdk/vexv5/libv5rt.a(vex_task.cpp.obj)
                              build/src/main.o (vex::task::sleep(unsigned long))
/Applications/VEXcode.app/Contents/Resources/sdk/vexv5/libv5rt.a(vex_event.cpp.obj)
                              /Applications/VEXcode.app/Contents/Resources/sdk/vexv5/libv5rt.a(vex_controller.cpp.obj) (vex::event::init(unsigned long, unsigned long, void (*)()))
/Applications/VEXcode.app/Contents/Resources/sdk/vexv5/libv5rt.a(vex_mevent.cpp.obj)
                              /Applications/VEXcode.app/Contents/Resources/sdk/vexv5/libv5rt.a(vex_controller.cpp.obj) (vex::mevent::mevent(unsigned long, unsigned long))
/Applications/VEXcode.app/Contents/Resources/sdk/vexv5/libv5rt.a(vex_brain.cpp.obj)
                              build/src/main.o (vex::brain::~brain())
/Applications/VEXcode.app/Contents/Resources/sdk/vexv5/libv5rt.a(vex_competition.cpp.obj)
                              build/src/main.o (vex::competition::competition())
/Applications/VEXcode.app/Contents/Resources/sdk/vexv5/libv5rt.a(vex_triport.cpp.obj)
                              /Applications/VEXcode.app/Contents/Resources/sdk/vexv5/libv5rt.a(vex_brain.cpp.obj) (vex::triport::~triport())
/Applications/VEXcode.app/Contents/Resources/sdk/vexv5/libv5rt.a(vex_color.cpp.obj)
                              /Applications/VEXcode.app/Contents/Resources/sdk/vexv5/libv5rt.a(vex_brain.cpp.obj) (vex::color::operator unsigned long() const)
/Applications/VEXcode.app/Contents/Resources/sdk/vexv5/libv5rt.a(vex_timer.cpp.obj)
                              build/src/main.o (vex::timer::~timer())
/Applications/VEXcode.app/Contents/Resources/sdk/vexv5/libv5rt.a(vex_device.cpp.obj)
                              /Applications/VEXcode.app/Contents/Resources/sdk/vexv5/libv5rt.a(vex_triport.cpp.obj) (vex::device::value())
/Applications/VEXcode.app/Contents/Resources/sdk/vexv5/gcc/libs/libc.a(lib_a-fini.o)
                              /Applications/VEXcode.app/Contents/Resources/sdk/vexv5/libv5rt.a(v5_startup.c.obj) (__libc_fini_array)
/Applications/VEXcode.app/Contents/Resources/sdk/vexv5/gcc/libs/libc.a(lib_a-impure.o)
                              /Applications/VEXcode.app/Contents/Resources/sdk/vexv5/libv5rt.a(v5_startup.c.obj) (_impure_ptr)
/Applications/VEXcode.app/Contents/Resources/sdk/vexv5/gcc/libs/libc.a(lib_a-init.o)
                              /Applications/VEXcode.app/Contents/Resources/sdk/vexv5/libv5rt.a(v5_startup.c.obj) (__libc_init_array)
/Applications/VEXcode.app/Contents/Resources/sdk/vexv5/gcc/libs/libc.a(lib_a-tolower.o)
                              /Applications/VEXcode.app/Contents/Resources/sdk/vexv5/libv5rt.a(vex_brain.cpp.obj) (tolower)
/Applications/VEXcode.app/Contents/Resources/sdk/vexv5/gcc/libs/libc.a(lib_a-ctype_.o)
                              /Applications/VEXcode.app/Contents/Resources/sdk/vexv5/gcc/libs/libc.a(lib_a-tolower.o) (__ctype_ptr__)

Allocating common symbols
Common symbol       size              file

__vex_critical_section
                    0x1               /Applications/VEXcode.app/Contents/Resources/sdk/vexv5/libv5rt.a(v5_startup.c.obj)

Discarded input sections

 .text          0x0000000000000000        0x0 build/src/main.o
 .text._Z6getLUpv
                0x0000000000000000       0x10 build/src/main.o
 .ARM.exidx.text._Z6getLUpv
                0x0000000000000000        0x8 build/src/main.o
 .text._Z6getRUpv
                0x0000000000000000       0x10 build/src/main.o
 .ARM.exidx.text._Z6getRUpv
[...]
Memory Configuration

Name             Origin             Length             Attributes
ps7_ddr_0_S_AXI_BASEADDR 0x0000000003800000 0x0000000004800000
*default*        0x0000000000000000 0xffffffffffffffff

Linker script and memory map

                0x0000000000002000                _STACK_SIZE = DEFINED (_STACK_SIZE)?_STACK_SIZE:0x2000
                0x0000000000100000                _HEAP_SIZE = DEFINED (_HEAP_SIZE)?_HEAP_SIZE:0x100000
                0x0000000000000400                _ABORT_STACK_SIZE = DEFINED (_ABORT_STACK_SIZE)?_ABORT_STACK_SIZE:0x400
                0x0000000000000800                _SUPERVISOR_STACK_SIZE = DEFINED (_SUPERVISOR_STACK_SIZE)?_SUPERVISOR_STACK_SIZE:0x800
                0x0000000000000400                _IRQ_STACK_SIZE = DEFINED (_IRQ_STACK_SIZE)?_IRQ_STACK_SIZE:0x400
                0x0000000000000400                _FIQ_STACK_SIZE = DEFINED (_FIQ_STACK_SIZE)?_FIQ_STACK_SIZE:0x400
                0x0000000000000400                _UNDEF_STACK_SIZE = DEFINED (_UNDEF_STACK_SIZE)?_UNDEF_STACK_SIZE:0x400

.text           0x0000000003800000     0x5ed8
 *(.vectors)
 *(.boot_data)
 .boot_data     0x0000000003800000       0x20 /Applications/VEXcode.app/Contents/Resources/sdk/vexv5/libv5rt.a(v5_startup.c.obj)
                0x0000000003800000                vexCodeSig
                0x0000000000000020                . = 0x20
 *(.boot)
 .boot          0x0000000003800020       0xb4 /Applications/VEXcode.app/Contents/Resources/sdk/vexv5/libv5rt.a(v5_startup.c.obj)
                0x0000000003800020                vexStartup
                0x0000000003800100                . = ALIGN (0x40)
 *fill*         0x00000000038000d4       0x2c 
 *(.freertos_vectors)
 *(.text)
 *(.text.*)
 .text._Z13baseBrakeHoldi
                0x0000000003800100       0x50 build/src/main.o
                0x0000000003800100                baseBrakeHold(int)
 .text._Z14baseBrakeCoasti
                0x0000000003800150       0x50 build/src/main.o
                0x0000000003800150                baseBrakeCoast(int)
 .text._Z6govoltfff
                0x00000000038001a0       0xe0 build/src/main.o
                0x00000000038001a0                govolt(float, float, float)
 .text._ZN3vex13motor_special4spinENS_13directionTypeEdNS_12voltageUnitsE
                0x0000000003800280       0x48 build/src/main.o
                0x0000000003800280                vex::motor_special::spin(vex::directionType, double, vex::voltageUnits)
 .text._Z8movebasei
                0x00000000038002c8       0x94 build/src/main.o
                0x00000000038002c8                movebase(int)
 .text._Z10intakeMoveidd
                0x000000000380035c       0x88 build/src/main.o
                0x000000000380035c                intakeMove(int, double, double)
 .text._Z6upMoveidd
                0x00000000038003e4       0xb0 build/src/main.o
                0x00000000038003e4                upMove(int, double, double)
 .text._Z14stopEverythingv
                0x0000000003800494       0x8c build/src/main.o
                0x0000000003800494                stopEverything()
 .text._Z7routined
                0x0000000003800520       0xd0 build/src/main.o
                0x0000000003800520                routine(double)
 .text._Z3goHddd
                0x00000000038005f0       0x98 build/src/main.o
                0x00000000038005f0                goH(double, double, double)
 .text._Z7goSidesdddddd
                0x0000000003800688      0x120 build/src/main.o
                0x0000000003800688                goSides(double, double, double, double, double, double)
 .text._Z11turnEncoderddd
                0x00000000038007a8       0xfc build/src/main.o
                0x00000000038007a8                turnEncoder(double, double, double)
 .text._Z2upif  0x00000000038008a4       0x6c build/src/main.o
                0x00000000038008a4                up(int, float)
 .text._Z6upGoUpddd
                0x0000000003800910      0x20c build/src/main.o
                0x0000000003800910                upGoUp(double, double, double)
 *fill*         0x0000000003800b1c        0x4 
 .text._Z3gooidddd
                0x0000000003800b20      0x1d0 build/src/main.o
                0x0000000003800b20                goo(int, double, double, double, double)
 .text._Z8goOldPIDffddf
                0x0000000003800cf0      0x25c build/src/main.o
                0x0000000003800cf0                goOldPID(float, float, double, double, float)
 .text._Z15autoColorSelectv
                0x0000000003800f4c       0xe0 build/src/main.o
                0x0000000003800f4c                autoColorSelect()
 *fill*         0x000000000380102c        0x4 
 .text._Z7runAutoiib
                0x0000000003801030     0x1f98 build/src/main.o
                0x0000000003801030                runAuto(int, int, bool)
 .text._Z10autonomousv
                0x0000000003802fc8       0x10 build/src/main.o
                0x0000000003802fc8                autonomous()
 .text._Z11usercontrolv
                0x0000000003802fd8      0x378 build/src/main.o
                0x0000000003802fd8                usercontrol()
 .text.main     0x0000000003803350      0x2e8 build/src/main.o
                0x0000000003803350                main
 .text._GLOBAL__sub_I_main.cpp
                0x0000000003803638      0x350 build/src/main.o
 .text.vexMain  0x0000000003803988       0xb0 /Applications/VEXcode.app/Contents/Resources/sdk/vexv5/libv5rt.a(v5_startup.c.obj)
                0x0000000003803988                vexMain
 .text.__vex_function_prolog
                0x0000000003803a38       0x18 /Applications/VEXcode.app/Contents/Resources/sdk/vexv5/libv5rt.a(v5_startup.c.obj)
                0x0000000003803a38                __vex_function_prolog
 .text._init    0x0000000003803a50        0x4 /Applications/VEXcode.app/Contents/Resources/sdk/vexv5/libv5rt.a(v5_startup.c.obj)
                0x0000000003803a50                _init
 .text._fini    0x0000000003803a54        0x4 /Applications/VEXcode.app/Contents/Resources/sdk/vexv5/libv5rt.a(v5_startup.c.obj)
                0x0000000003803a54                _fini
 .text.vexStdlibVersionLinked
                0x0000000003803a58        0xc /Applications/VEXcode.app/Contents/Resources/sdk/vexv5/libv5rt.a(v5_util.c.obj)
                0x0000000003803a58                vexStdlibVersionLinked
 .text.vexStdlibVersionVerify
                0x0000000003803a64       0x30 /Applications/VEXcode.app/Contents/Resources/sdk/vexv5/libv5rt.a(v5_util.c.obj)
                0x0000000003803a64                vexStdlibVersionVerify
 .text.vexPrivateApiEnable
                0x0000000003803a94       0x10 /Applications/VEXcode.app/Contents/Resources/sdk/vexv5/libv5rt.a(v5_apijump.c.obj)
                0x0000000003803a94                vexPrivateApiEnable
 .text.vexStdlibMismatchError
                0x0000000003803aa4       0x3c /Applications/VEXcode.app/Contents/Resources/sdk/vexv5/libv5rt.a(v5_apijump.c.obj)
                0x0000000003803aa4                vexStdlibMismatchError
 .text.vexTaskAdd
                0x0000000003803ae0       0x10 /Applications/VEXcode.app/Contents/Resources/sdk/vexv5/libv5rt.a(v5_apijump.c.obj)
                0x0000000003803ae0                vexTaskAdd
 .text.vexTaskStop
                0x0000000003803af0       0x10 /Applications/VEXcode.app/Contents/Resources/sdk/vexv5/libv5rt.a(v5_apijump.c.obj)
                0x0000000003803af0                vexTaskStop
 .text.vexTasksRun
                0x0000000003803b00       0x10 /Applications/VEXcode.app/Contents/Resources/sdk/vexv5/libv5rt.a(v5_apijump.c.obj)
                0x0000000003803b00                vexTasksRun
 .text.vexTaskYield
                0x0000000003803b10       0x10 /Applications/VEXcode.app/Contents/Resources/sdk/vexv5/libv5rt.a(v5_apijump.c.obj)
                0x0000000003803b10                vexTaskYield
 .text.vexTaskCheckTimeslice
                0x0000000003803b20       0x10 /Applications/VEXcode.app/Contents/Resources/sdk/vexv5/libv5rt.a(v5_apijump.c.obj)
                0x0000000003803b20                vexTaskCheckTimeslice
 .text.vexTaskSleep
                0x0000000003803b30       0x10 /Applications/VEXcode.app/Contents/Resources/sdk/vexv5/libv5rt.a(v5_apijump.c.obj)
                0x0000000003803b30                vexTaskSleep
 .text.vexTasksDump
                0x0000000003803b40       0x1c /Applications/VEXcode.app/Contents/Resources/sdk/vexv5/libv5rt.a(v5_apijump.c.obj)
                0x0000000003803b40                vexTasksDump
 .text.vexTaskGetTaskIndex
                0x0000000003803b5c       0x10 /Applications/VEXcode.app/Contents/Resources/sdk/vexv5/libv5rt.a(v5_apijump.c.obj)
                0x0000000003803b5c                vexTaskGetTaskIndex
 .text.vexTaskStopAll
                0x0000000003803b6c       0x10 /Applications/VEXcode.app/Contents/Resources/sdk/vexv5/libv5rt.a(v5_apijump.c.obj)
                0x0000000003803b6c                vexTaskStopAll
 .text.vexTaskRemoveAllUser
                0x0000000003803b7c       0x34 /Applications/VEXcode.app/Contents/Resources/sdk/vexv5/libv5rt.a(v5_apijump.c.obj)
                0x0000000003803b7c                vexTaskRemoveAllUser
 .text.vexTaskCompletionIdSet
                0x0000000003803bb0       0x10 /Applications/VEXcode.app/Contents/Resources/sdk/vexv5/libv5rt.a(v5_apijump.c.obj)
                0x0000000003803bb0                vexTaskCompletionIdSet
 .text.vexCriticalSection
                0x0000000003803bc0       0x2c /Applications/VEXcode.app/Contents/Resources/sdk/vexv5/libv5rt.a(v5_apijump.c.obj)
                0x0000000003803bc0                vexCriticalSection
 .text.vexEventAdd
                0x0000000003803bec       0x34 /Applications/VEXcode.app/Contents/Resources/sdk/vexv5/libv5rt.a(v5_apijump.c.obj)
                0x0000000003803bec                vexEventAdd
 .text.vexEventUserIndexGet
                0x0000000003803c20       0x1c /Applications/VEXcode.app/Contents/Resources/sdk/vexv5/libv5rt.a(v5_apijump.c.obj)
                0x0000000003803c20                vexEventUserIndexGet
 .text.vexEventAddWithArg
                0x0000000003803c3c       0x3c /Applications/VEXcode.app/Contents/Resources/sdk/vexv5/libv5rt.a(v5_apijump.c.obj)
                0x0000000003803c3c                vexEventAddWithArg
 .text.vexEventsCleanup
                0x0000000003803c78       0x2c /Applications/VEXcode.app/Contents/Resources/sdk/vexv5/libv5rt.a(v5_apijump.c.obj)
                0x0000000003803c78                vexEventsCleanup
 .text.vexDebug
                0x0000000003803ca4       0x38 /Applications/VEXcode.app/Contents/Resources/sdk/vexv5/libv5rt.a(v5_apijump.c.obj)
                0x0000000003803ca4                vexDebug
 .text.vex_sprintf
                0x0000000003803cdc       0x40 /Applications/VEXcode.app/Contents/Resources/sdk/vexv5/libv5rt.a(v5_apijump.c.obj)
                0x0000000003803cdc                vex_sprintf
 .text.vex_vsnprintf
                0x0000000003803d1c       0x3c /Applications/VEXcode.app/Contents/Resources/sdk/vexv5/libv5rt.a(v5_apijump.c.obj)
                0x0000000003803d1c                vex_vsnprintf
 .text.vexSystemTimeGet
                0x0000000003803d58       0x1c /Applications/VEXcode.app/Contents/Resources/sdk/vexv5/libv5rt.a(v5_apijump.c.obj)
                0x0000000003803d58                vexSystemTimeGet
 .text.vexSystemExitRequest
                0x0000000003803d74       0x1c /Applications/VEXcode.app/Contents/Resources/sdk/vexv5/libv5rt.a(v5_apijump.c.obj)
                0x0000000003803d74                vexSystemExitRequest
 .text.vexDeviceGetByIndex
                0x0000000003803d90       0x24 /Applications/VEXcode.app/Contents/Resources/sdk/vexv5/libv5rt.a(v5_apijump.c.obj)
                0x0000000003803d90                vexDeviceGetByIndex
 .text.vexControllerGet
                0x0000000003803db4       0x2c /Applications/VEXcode.app/Contents/Resources/sdk/vexv5/libv5rt.a(v5_apijump.c.obj)
                0x0000000003803db4                vexControllerGet
 .text.vexControllerTextSet
                0x0000000003803de0       0x74 /Applications/VEXcode.app/Contents/Resources/sdk/vexv5/libv5rt.a(v5_apijump.c.obj)
                0x0000000003803de0                vexControllerTextSet
 .text.vexDeviceAdiPortConfigSet
                0x0000000003803e54       0x34 /Applications/VEXcode.app/Contents/Resources/sdk/vexv5/libv5rt.a(v5_apijump.c.obj)
                0x0000000003803e54                vexDeviceAdiPortConfigSet
 .text.vexDeviceMotorVelocitySet
                0x0000000003803e88       0x2c /Applications/VEXcode.app/Contents/Resources/sdk/vexv5/libv5rt.a(v5_apijump.c.obj)
                0x0000000003803e88                vexDeviceMotorVelocitySet
 .text.vexDeviceMotorVoltageSet
                0x0000000003803eb4       0x2c /Applications/VEXcode.app/Contents/Resources/sdk/vexv5/libv5rt.a(v5_apijump.c.obj)
                0x0000000003803eb4                vexDeviceMotorVoltageSet
 .text.vexDeviceMotorActualVelocityGet
                0x0000000003803ee0       0x24 /Applications/VEXcode.app/Contents/Resources/sdk/vexv5/libv5rt.a(v5_apijump.c.obj)
                0x0000000003803ee0                vexDeviceMotorActualVelocityGet
 .text.vexDeviceMotorTemperatureGet
                0x0000000003803f04       0x24 /Applications/VEXcode.app/Contents/Resources/sdk/vexv5/libv5rt.a(v5_apijump.c.obj)
                0x0000000003803f04                vexDeviceMotorTemperatureGet
 .text.vexDeviceMotorZeroPositionFlagGet
                0x0000000003803f28       0x24 /Applications/VEXcode.app/Contents/Resources/sdk/vexv5/libv5rt.a(v5_apijump.c.obj)
                0x0000000003803f28                vexDeviceMotorZeroPositionFlagGet
 .text.vexDeviceMotorReverseFlagSet
                0x0000000003803f4c       0x2c /Applications/VEXcode.app/Contents/Resources/sdk/vexv5/libv5rt.a(v5_apijump.c.obj)
                0x0000000003803f4c                vexDeviceMotorReverseFlagSet
 .text.vexDeviceMotorEncoderUnitsSet
                0x0000000003803f78       0x2c /Applications/VEXcode.app/Contents/Resources/sdk/vexv5/libv5rt.a(v5_apijump.c.obj)
                0x0000000003803f78                vexDeviceMotorEncoderUnitsSet
 .text.vexDeviceMotorBrakeModeSet
                0x0000000003803fa4       0x2c /Applications/VEXcode.app/Contents/Resources/sdk/vexv5/libv5rt.a(v5_apijump.c.obj)
                0x0000000003803fa4                vexDeviceMotorBrakeModeSet
 .text.vexDeviceMotorPositionSet
                0x0000000003803fd0       0x34 /Applications/VEXcode.app/Contents/Resources/sdk/vexv5/libv5rt.a(v5_apijump.c.obj)
                0x0000000003803fd0                vexDeviceMotorPositionSet
 .text.vexDeviceMotorPositionGet
                0x0000000003804004       0x24 /Applications/VEXcode.app/Contents/Resources/sdk/vexv5/libv5rt.a(v5_apijump.c.obj)
                0x0000000003804004                vexDeviceMotorPositionGet
 .text.vexDeviceMotorRelativeTargetSet
                0x0000000003804028       0x3c /Applications/VEXcode.app/Contents/Resources/sdk/vexv5/libv5rt.a(v5_apijump.c.obj)
                0x0000000003804028                vexDeviceMotorRelativeTargetSet
 .text.vexDeviceMotorGearingGet
                0x0000000003804064       0x24 /Applications/VEXcode.app/Contents/Resources/sdk/vexv5/libv5rt.a(v5_apijump.c.obj)
                0x0000000003804064                vexDeviceMotorGearingGet
 .text.vexDisplayForegroundColor
                0x0000000003804088       0x24 /Applications/VEXcode.app/Contents/Resources/sdk/vexv5/libv5rt.a(v5_apijump.c.obj)
                0x0000000003804088                vexDisplayForegroundColor
 .text.vexDisplayBackgroundColor
                0x00000000038040ac       0x24 /Applications/VEXcode.app/Contents/Resources/sdk/vexv5/libv5rt.a(v5_apijump.c.obj)
                0x00000000038040ac                vexDisplayBackgroundColor
 .text.vexDisplayBackgroundColorGet
                0x00000000038040d0       0x1c /Applications/VEXcode.app/Contents/Resources/sdk/vexv5/libv5rt.a(v5_apijump.c.obj)
                0x00000000038040d0                vexDisplayBackgroundColorGet
 .text.vexDisplayRectDraw
                0x00000000038040ec       0x4c /Applications/VEXcode.app/Contents/Resources/sdk/vexv5/libv5rt.a(v5_apijump.c.obj)
                0x00000000038040ec                vexDisplayRectDraw
 .text.vexDisplayRectClear
                0x0000000003804138       0x4c /Applications/VEXcode.app/Contents/Resources/sdk/vexv5/libv5rt.a(v5_apijump.c.obj)
                0x0000000003804138                vexDisplayRectClear
 .text.vexDisplayTextReference
                0x0000000003804184       0x24 /Applications/VEXcode.app/Contents/Resources/sdk/vexv5/libv5rt.a(v5_apijump.c.obj)
                0x0000000003804184                vexDisplayTextReference
 .text.vexDisplayTextSize
                0x00000000038041a8       0x2c /Applications/VEXcode.app/Contents/Resources/sdk/vexv5/libv5rt.a(v5_apijump.c.obj)
                0x00000000038041a8                vexDisplayTextSize
 .text.vexDisplayFontNamedSet
                0x00000000038041d4       0x24 /Applications/VEXcode.app/Contents/Resources/sdk/vexv5/libv5rt.a(v5_apijump.c.obj)
                0x00000000038041d4                vexDisplayFontNamedSet
 .text.vexDisplayPenSizeGet
                0x00000000038041f8       0x1c /Applications/VEXcode.app/Contents/Resources/sdk/vexv5/libv5rt.a(v5_apijump.c.obj)
                0x00000000038041f8                vexDisplayPenSizeGet
 .text.vexSystemStdlibImpureDataAddr
                0x0000000003804214       0x28 /Applications/VEXcode.app/Contents/Resources/sdk/vexv5/libv5rt.a(v5_apijump.c.obj)
                0x0000000003804214                vexSystemStdlibImpureDataAddr
 .text.vexSystemStdlibImpureDataSize
                0x000000000380423c       0x28 /Applications/VEXcode.app/Contents/Resources/sdk/vexv5/libv5rt.a(v5_apijump.c.obj)
                0x000000000380423c                vexSystemStdlibImpureDataSize
 .text.vexTouchDataGet
                0x0000000003804264       0x10 /Applications/VEXcode.app/Contents/Resources/sdk/vexv5/libv5rt.a(v5_apijump.c.obj)
                0x0000000003804264                vexTouchDataGet
 .text.vexDisplayThemeIdGet
                0x0000000003804274       0x38 /Applications/VEXcode.app/Contents/Resources/sdk/vexv5/libv5rt.a(v5_apijump.c.obj)
                0x0000000003804274                vexDisplayThemeIdGet
 .text.vexDeviceEventMaskSet
                0x00000000038042ac       0x48 /Applications/VEXcode.app/Contents/Resources/sdk/vexv5/libv5rt.a(v5_apijump.c.obj)
                0x00000000038042ac                vexDeviceEventMaskSet
 .text.vexDeviceEventMaskGet
                0x00000000038042f4       0x3c /Applications/VEXcode.app/Contents/Resources/sdk/vexv5/libv5rt.a(v5_apijump.c.obj)
                0x00000000038042f4                vexDeviceEventMaskGet
 .text.vexAdiPortConfigSet
                0x0000000003804330       0x28 /Applications/VEXcode.app/Contents/Resources/sdk/vexv5/libv5rt.a(v5_apiuser.c.obj)
                0x0000000003804330                vexAdiPortConfigSet
 .text.vexMotorVelocitySet
                0x0000000003804358       0x20 /Applications/VEXcode.app/Contents/Resources/sdk/vexv5/libv5rt.a(v5_apiuser.c.obj)
                0x0000000003804358                vexMotorVelocitySet
 .text.vexMotorVoltageSet
                0x0000000003804378       0x20 /Applications/VEXcode.app/Contents/Resources/sdk/vexv5/libv5rt.a(v5_apiuser.c.obj)
                0x0000000003804378                vexMotorVoltageSet
 .text.vexMotorActualVelocityGet
                0x0000000003804398       0x24 /Applications/VEXcode.app/Contents/Resources/sdk/vexv5/libv5rt.a(v5_apiuser.c.obj)
                0x0000000003804398                vexMotorActualVelocityGet
 .text.vexMotorTemperatureGet
                0x00000000038043bc       0x24 /Applications/VEXcode.app/Contents/Resources/sdk/vexv5/libv5rt.a(v5_apiuser.c.obj)
                0x00000000038043bc                vexMotorTemperatureGet
 .text.vexMotorZeroPositionFlagGet
                0x00000000038043e0       0x18 /Applications/VEXcode.app/Contents/Resources/sdk/vexv5/libv5rt.a(v5_apiuser.c.obj)
                0x00000000038043e0                vexMotorZeroPositionFlagGet
 .text.vexMotorReverseFlagSet
                0x00000000038043f8       0x20 /Applications/VEXcode.app/Contents/Resources/sdk/vexv5/libv5rt.a(v5_apiuser.c.obj)
                0x00000000038043f8                vexMotorReverseFlagSet
 .text.vexMotorEncoderUnitsSet
                0x0000000003804418       0x20 /Applications/VEXcode.app/Contents/Resources/sdk/vexv5/libv5rt.a(v5_apiuser.c.obj)
                0x0000000003804418                vexMotorEncoderUnitsSet
 .text.vexMotorBrakeModeSet
                0x0000000003804438       0x20 /Applications/VEXcode.app/Contents/Resources/sdk/vexv5/libv5rt.a(v5_apiuser.c.obj)
                0x0000000003804438                vexMotorBrakeModeSet
 .text.vexMotorPositionSet
                0x0000000003804458       0x28 /Applications/VEXcode.app/Contents/Resources/sdk/vexv5/libv5rt.a(v5_apiuser.c.obj)
                0x0000000003804458                vexMotorPositionSet
 .text.vexMotorPositionGet
                0x0000000003804480       0x24 /Applications/VEXcode.app/Contents/Resources/sdk/vexv5/libv5rt.a(v5_apiuser.c.obj)
                0x0000000003804480                vexMotorPositionGet
 .text.vexMotorRelativeTargetSet
                0x00000000038044a4       0x30 /Applications/VEXcode.app/Contents/Resources/sdk/vexv5/libv5rt.a(v5_apiuser.c.obj)
                0x00000000038044a4                vexMotorRelativeTargetSet
 .text.vexMotorGearingGet
                0x00000000038044d4       0x18 /Applications/VEXcode.app/Contents/Resources/sdk/vexv5/libv5rt.a(v5_apiuser.c.obj)
                0x00000000038044d4                vexMotorGearingGet
 .text.vexEventMaskSet
                0x00000000038044ec       0x28 /Applications/VEXcode.app/Contents/Resources/sdk/vexv5/libv5rt.a(v5_apiuser.c.obj)
                0x00000000038044ec                vexEventMaskSet
 .text.vexEventMaskGet
                0x0000000003804514       0x18 /Applications/VEXcode.app/Contents/Resources/sdk/vexv5/libv5rt.a(v5_apiuser.c.obj)
                0x0000000003804514                vexEventMaskGet
 .text.vexSystemVersion
                0x000000000380452c       0x10 /Applications/VEXcode.app/Contents/Resources/sdk/vexv5/libv5rt.a(v5_apiversions.c.obj)
                0x000000000380452c                vexSystemVersion
 .text.vexStdlibVersion
                0x000000000380453c       0x10 /Applications/VEXcode.app/Contents/Resources/sdk/vexv5/libv5rt.a(v5_apiversions.c.obj)
                0x000000000380453c                vexStdlibVersion
 .text._ZN3vex5motor9installedEv
                0x000000000380454c       0x18 /Applications/VEXcode.app/Contents/Resources/sdk/vexv5/libv5rt.a(vex_motor.cpp.obj)
                0x000000000380454c                vex::motor::installed()
 .text._ZN3vex5motorD2Ev
                0x0000000003804564       0x20 /Applications/VEXcode.app/Contents/Resources/sdk/vexv5/libv5rt.a(vex_motor.cpp.obj)
                0x0000000003804564                vex::motor::~motor()
                0x0000000003804564                vex::motor::~motor()
 .text._ZN3vex5motor15defaultStoppingENS_9brakeTypeE
                0x0000000003804584       0x30 /Applications/VEXcode.app/Contents/Resources/sdk/vexv5/libv5rt.a(vex_motor.cpp.obj)
                0x0000000003804584                vex::motor::defaultStopping(vex::brakeType)
 .text._ZN3vex5motorC2El
                0x00000000038045b4       0x70 /Applications/VEXcode.app/Contents/Resources/sdk/vexv5/libv5rt.a(vex_motor.cpp.obj)
                0x00000000038045b4                vex::motor::motor(long)
                0x00000000038045b4                vex::motor::motor(long)
 .text._ZN3vex5motorC2Elb
                0x0000000003804624       0x24 /Applications/VEXcode.app/Contents/Resources/sdk/vexv5/libv5rt.a(vex_motor.cpp.obj)
                0x0000000003804624                vex::motor::motor(long, bool)
                0x0000000003804624                vex::motor::motor(long, bool)
 .text._ZN3vex5motor10isSpinningEv
                0x0000000003804648       0x38 /Applications/VEXcode.app/Contents/Resources/sdk/vexv5/libv5rt.a(vex_motor.cpp.obj)
                0x0000000003804648                vex::motor::isSpinning()
 .text._ZN3vex5motor4stopENS_9brakeTypeE
                0x0000000003804680       0x30 /Applications/VEXcode.app/Contents/Resources/sdk/vexv5/libv5rt.a(vex_motor.cpp.obj)
                0x0000000003804680                vex::motor::stop(vex::brakeType)
 .text._ZN3vex5motor4stopEv
                0x00000000038046b0        0x8 /Applications/VEXcode.app/Contents/Resources/sdk/vexv5/libv5rt.a(vex_motor.cpp.obj)
                0x00000000038046b0                vex::motor::stop()
 .text._ZN3vex5motor11temperatureENS_12percentUnitsE
                0x00000000038046b8       0x68 /Applications/VEXcode.app/Contents/Resources/sdk/vexv5/libv5rt.a(vex_motor.cpp.obj)
                0x00000000038046b8                vex::motor::temperature(vex::percentUnits)
 .text._ZN3vex5motor16velocityToScaledEdNS_13velocityUnitsE
                0x0000000003804720       0x5c /Applications/VEXcode.app/Contents/Resources/sdk/vexv5/libv5rt.a(vex_motor.cpp.obj)
                0x0000000003804720                vex::motor::velocityToScaled(double, vex::velocityUnits)
 .text._ZN3vex5motor8velocityENS_13velocityUnitsE
                0x000000000380477c       0x30 /Applications/VEXcode.app/Contents/Resources/sdk/vexv5/libv5rt.a(vex_motor.cpp.obj)
                0x000000000380477c                vex::motor::velocity(vex::velocityUnits)
 .text._ZN3vex5motor5valueEv
                0x00000000038047ac       0x1c /Applications/VEXcode.app/Contents/Resources/sdk/vexv5/libv5rt.a(vex_motor.cpp.obj)
                0x00000000038047ac                vex::motor::value()
 .text._ZN3vex5motor16scaledToVelocityEdNS_13velocityUnitsE
                0x00000000038047c8       0xa4 /Applications/VEXcode.app/Contents/Resources/sdk/vexv5/libv5rt.a(vex_motor.cpp.obj)
                0x00000000038047c8                vex::motor::scaledToVelocity(double, vex::velocityUnits)
 .text._ZN3vex5motor4spinENS_13directionTypeEdNS_13velocityUnitsE
                0x000000000380486c       0x5c /Applications/VEXcode.app/Contents/Resources/sdk/vexv5/libv5rt.a(vex_motor.cpp.obj)
                0x000000000380486c                vex::motor::spin(vex::directionType, double, vex::velocityUnits)
 .text._ZN3vex5motor16setRotationUnitsENS_13rotationUnitsE
                0x00000000038048c8       0x1c /Applications/VEXcode.app/Contents/Resources/sdk/vexv5/libv5rt.a(vex_motor.cpp.obj)
                0x00000000038048c8                vex::motor::setRotationUnits(vex::rotationUnits)
 .text._ZN3vex5motor11setRotationEdNS_13rotationUnitsE
                0x00000000038048e4       0x44 /Applications/VEXcode.app/Contents/Resources/sdk/vexv5/libv5rt.a(vex_motor.cpp.obj)
                0x00000000038048e4                vex::motor::setRotation(double, vex::rotationUnits)
 .text._ZN3vex5motor13resetRotationEv
                0x0000000003804928       0x20 /Applications/VEXcode.app/Contents/Resources/sdk/vexv5/libv5rt.a(vex_motor.cpp.obj)
                0x0000000003804928                vex::motor::resetRotation()
 .text._ZN3vex5motor9rotateForEdNS_13rotationUnitsEdNS_13velocityUnitsEb
                0x0000000003804948       0xe0 /Applications/VEXcode.app/Contents/Resources/sdk/vexv5/libv5rt.a(vex_motor.cpp.obj)
                0x0000000003804948                vex::motor::rotateFor(double, vex::rotationUnits, double, vex::velocityUnits, bool)
 .text._ZN3vex5motor14startRotateForEdNS_13rotationUnitsEdNS_13velocityUnitsE
                0x0000000003804a28       0x34 /Applications/VEXcode.app/Contents/Resources/sdk/vexv5/libv5rt.a(vex_motor.cpp.obj)
                0x0000000003804a28                vex::motor::startRotateFor(double, vex::rotationUnits, double, vex::velocityUnits)
 .text._ZN3vex5motor8rotationENS_13rotationUnitsE
                0x0000000003804a5c       0x44 /Applications/VEXcode.app/Contents/Resources/sdk/vexv5/libv5rt.a(vex_motor.cpp.obj)
                0x0000000003804a5c                vex::motor::rotation(vex::rotationUnits)
 .text.startup._GLOBAL__sub_I__ZN3vex5motorC2El
                0x0000000003804aa0       0x30 /Applications/VEXcode.app/Contents/Resources/sdk/vexv5/libv5rt.a(vex_motor.cpp.obj)
 .text._ZN3vex10controllerD2Ev
                0x0000000003804ad0        0x4 /Applications/VEXcode.app/Contents/Resources/sdk/vexv5/libv5rt.a(vex_controller.cpp.obj)
                0x0000000003804ad0                vex::controller::~controller()
                0x0000000003804ad0                vex::controller::~controller()
 .text._ZN3vex10controller5valueE19_V5_ControllerIndex
                0x0000000003804ad4        0x8 /Applications/VEXcode.app/Contents/Resources/sdk/vexv5/libv5rt.a(vex_controller.cpp.obj)
                0x0000000003804ad4                vex::controller::value(_V5_ControllerIndex)
 .text._ZN3vex10controller6rumbleEPKc
                0x0000000003804adc       0x4c /Applications/VEXcode.app/Contents/Resources/sdk/vexv5/libv5rt.a(vex_controller.cpp.obj)
                0x0000000003804adc                vex::controller::rumble(char const*)
 .text._ZN3vex10controller6button8pressingEv
                0x0000000003804b28       0xc8 /Applications/VEXcode.app/Contents/Resources/sdk/vexv5/libv5rt.a(vex_controller.cpp.obj)
                0x0000000003804b28                vex::controller::button::pressing()
 .text._ZN3vex10controller6button21_buttonToPressedEventEv
                0x0000000003804bf0       0x20 /Applications/VEXcode.app/Contents/Resources/sdk/vexv5/libv5rt.a(vex_controller.cpp.obj)
                0x0000000003804bf0                vex::controller::button::_buttonToPressedEvent()
 .text._ZN3vex10controller6button22_buttonToReleasedEventEv
                0x0000000003804c10       0x20 /Applications/VEXcode.app/Contents/Resources/sdk/vexv5/libv5rt.a(vex_controller.cpp.obj)
                0x0000000003804c10                vex::controller::button::_buttonToReleasedEvent()
 .text._ZN3vex10controller6buttonC2ENS0_11tButtonTypeEPS0_
                0x0000000003804c30       0x48 /Applications/VEXcode.app/Contents/Resources/sdk/vexv5/libv5rt.a(vex_controller.cpp.obj)
                0x0000000003804c30                vex::controller::button::button(vex::controller::tButtonType, vex::controller*)
                0x0000000003804c30                vex::controller::button::button(vex::controller::tButtonType, vex::controller*)
 .text._ZN3vex10controller4axis5valueEv
                0x0000000003804c78       0x58 /Applications/VEXcode.app/Contents/Resources/sdk/vexv5/libv5rt.a(vex_controller.cpp.obj)
                0x0000000003804c78                vex::controller::axis::value()
 .text._ZN3vex10controller4axis23_joystickToChangedEventEv
                0x0000000003804cd0       0x20 /Applications/VEXcode.app/Contents/Resources/sdk/vexv5/libv5rt.a(vex_controller.cpp.obj)
                0x0000000003804cd0                vex::controller::axis::_joystickToChangedEvent()
 .text._ZN3vex10controller4axisC2ENS0_9tAxisTypeEPS0_
                0x0000000003804cf0       0x2c /Applications/VEXcode.app/Contents/Resources/sdk/vexv5/libv5rt.a(vex_controller.cpp.obj)
                0x0000000003804cf0                vex::controller::axis::axis(vex::controller::tAxisType, vex::controller*)
                0x0000000003804cf0                vex::controller::axis::axis(vex::controller::tAxisType, vex::controller*)
 .text._ZN3vex10controllerC2Ev
                0x0000000003804d1c      0x204 /Applications/VEXcode.app/Contents/Resources/sdk/vexv5/libv5rt.a(vex_controller.cpp.obj)
                0x0000000003804d1c                vex::controller::controller()
                0x0000000003804d1c                vex::controller::controller()
 .text._ZN3vex10controller3lcd15getControllerIdEv
                0x0000000003804f20       0x10 /Applications/VEXcode.app/Contents/Resources/sdk/vexv5/libv5rt.a(vex_controller.cpp.obj)
                0x0000000003804f20                vex::controller::lcd::getControllerId()
 .text._ZN3vex10controller3lcd5printEPKcz
                0x0000000003804f30       0x54 /Applications/VEXcode.app/Contents/Resources/sdk/vexv5/libv5rt.a(vex_controller.cpp.obj)
                0x0000000003804f30                vex::controller::lcd::print(char const*, ...)
 .text._ZN3vex10controller3lcd9clearLineEi
                0x0000000003804f84       0x44 /Applications/VEXcode.app/Contents/Resources/sdk/vexv5/libv5rt.a(vex_controller.cpp.obj)
                0x0000000003804f84                vex::controller::lcd::clearLine(int)
 .text._ZN3vex10controller3lcd9clearLineEv
                0x0000000003804fc8        0x8 /Applications/VEXcode.app/Contents/Resources/sdk/vexv5/libv5rt.a(vex_controller.cpp.obj)
                0x0000000003804fc8                vex::controller::lcd::clearLine()
 .text._ZN3vex10controller3lcd7newLineEv
                0x0000000003804fd0       0x20 /Applications/VEXcode.app/Contents/Resources/sdk/vexv5/libv5rt.a(vex_controller.cpp.obj)
                0x0000000003804fd0                vex::controller::lcd::newLine()
 .text._ZN3vex4taskC2EPFivE
                0x0000000003804ff0       0x54 /Applications/VEXcode.app/Contents/Resources/sdk/vexv5/libv5rt.a(vex_task.cpp.obj)
                0x0000000003804ff0                vex::task::task(int (*)())
                0x0000000003804ff0                vex::task::task(int (*)())
 .text._ZN3vex4taskD2Ev
                0x0000000003805044        0x4 /Applications/VEXcode.app/Contents/Resources/sdk/vexv5/libv5rt.a(vex_task.cpp.obj)
                0x0000000003805044                vex::task::~task()
                0x0000000003805044                vex::task::~task()
 .text._ZN3vex4task4stopEPFivE
                0x0000000003805048        0xc /Applications/VEXcode.app/Contents/Resources/sdk/vexv5/libv5rt.a(vex_task.cpp.obj)
                0x0000000003805048                vex::task::stop(int (*)())
 .text._ZN3vex4task5sleepEm
                0x0000000003805054        0x4 /Applications/VEXcode.app/Contents/Resources/sdk/vexv5/libv5rt.a(vex_task.cpp.obj)
                0x0000000003805054                vex::task::sleep(unsigned long)
 .text._ZN3vex4task6_indexEPFivE
                0x0000000003805058       0x14 /Applications/VEXcode.app/Contents/Resources/sdk/vexv5/libv5rt.a(vex_task.cpp.obj)
                0x0000000003805058                vex::task::_index(int (*)())
 .text._ZN3vex4task8_stopAllEv
                0x000000000380506c       0x3c /Applications/VEXcode.app/Contents/Resources/sdk/vexv5/libv5rt.a(vex_task.cpp.obj)
                0x000000000380506c                vex::task::_stopAll()
 .text._ZN3vex5event4initEmmPFvvE
                0x00000000038050a8        0x4 /Applications/VEXcode.app/Contents/Resources/sdk/vexv5/libv5rt.a(vex_event.cpp.obj)
                0x00000000038050a8                vex::event::init(unsigned long, unsigned long, void (*)())
 .text._ZN3vex5event4initEmmPFvPvES1_
                0x00000000038050ac        0x4 /Applications/VEXcode.app/Contents/Resources/sdk/vexv5/libv5rt.a(vex_event.cpp.obj)
                0x00000000038050ac                vex::event::init(unsigned long, unsigned long, void (*)(void*), void*)
 .text._ZN3vex5event9userindexEv
                0x00000000038050b0        0x4 /Applications/VEXcode.app/Contents/Resources/sdk/vexv5/libv5rt.a(vex_event.cpp.obj)
                0x00000000038050b0                vex::event::userindex()
 .text._ZZN3vex6meventC4EmmENUlvE_4_FUNEv
                0x00000000038050b4        0x4 /Applications/VEXcode.app/Contents/Resources/sdk/vexv5/libv5rt.a(vex_mevent.cpp.obj)
 .text._ZN3vex6meventC2Emm
                0x00000000038050b8       0x70 /Applications/VEXcode.app/Contents/Resources/sdk/vexv5/libv5rt.a(vex_mevent.cpp.obj)
                0x00000000038050b8                vex::mevent::mevent(unsigned long, unsigned long)
                0x00000000038050b8                vex::mevent::mevent(unsigned long, unsigned long)
 .text._ZN3vex5brainD2Ev
                0x0000000003805128       0x20 /Applications/VEXcode.app/Contents/Resources/sdk/vexv5/libv5rt.a(vex_brain.cpp.obj)
                0x0000000003805128                vex::brain::~brain()
                0x0000000003805128                vex::brain::~brain()
 .text._ZN3vex5brain9_getIndexEv
                0x0000000003805148       0x10 /Applications/VEXcode.app/Contents/Resources/sdk/vexv5/libv5rt.a(vex_brain.cpp.obj)
                0x0000000003805148                vex::brain::_getIndex()
 .text._ZN3vex5brain3lcd9setCursorEll
                0x0000000003805158       0x44 /Applications/VEXcode.app/Contents/Resources/sdk/vexv5/libv5rt.a(vex_brain.cpp.obj)
                0x0000000003805158                vex::brain::lcd::setCursor(long, long)
 .text._ZN3vex5brain3lcd7setFontENS_8fontTypeE
                0x000000000380519c      0x228 /Applications/VEXcode.app/Contents/Resources/sdk/vexv5/libv5rt.a(vex_brain.cpp.obj)
                0x000000000380519c                vex::brain::lcd::setFont(vex::fontType)
 .text._ZN3vex5brain3lcdC2Ev
                0x00000000038053c4       0x94 /Applications/VEXcode.app/Contents/Resources/sdk/vexv5/libv5rt.a(vex_brain.cpp.obj)
                0x00000000038053c4                vex::brain::lcd::lcd()
                0x00000000038053c4                vex::brain::lcd::lcd()
 .text._ZN3vex5brainC2Ev
                0x0000000003805458       0x40 /Applications/VEXcode.app/Contents/Resources/sdk/vexv5/libv5rt.a(vex_brain.cpp.obj)
                0x0000000003805458                vex::brain::brain()
                0x0000000003805458                vex::brain::brain()
 .text._ZN3vex5brain3lcd13drawRectangleEiiii
                0x0000000003805498       0xdc /Applications/VEXcode.app/Contents/Resources/sdk/vexv5/libv5rt.a(vex_brain.cpp.obj)
                0x0000000003805498                vex::brain::lcd::drawRectangle(int, int, int, int)
 .text._ZN3vex5brain3lcd14_drawRectangleEiiiim
                0x0000000003805574       0x74 /Applications/VEXcode.app/Contents/Resources/sdk/vexv5/libv5rt.a(vex_brain.cpp.obj)
                0x0000000003805574                vex::brain::lcd::_drawRectangle(int, int, int, int, unsigned long)
 .text._ZN3vex5brain3lcd13drawRectangleEiiiiRKNS_5colorE
                0x00000000038055e8       0x68 /Applications/VEXcode.app/Contents/Resources/sdk/vexv5/libv5rt.a(vex_brain.cpp.obj)
                0x00000000038055e8                vex::brain::lcd::drawRectangle(int, int, int, int, vex::color const&)
 .text._ZN3vex5brain3lcd8pressingEv
                0x0000000003805650       0x20 /Applications/VEXcode.app/Contents/Resources/sdk/vexv5/libv5rt.a(vex_brain.cpp.obj)
                0x0000000003805650                vex::brain::lcd::pressing()
 .text._ZN3vex11competition8_disableEPv
                0x0000000003805670       0x9c /Applications/VEXcode.app/Contents/Resources/sdk/vexv5/libv5rt.a(vex_competition.cpp.obj)
                0x0000000003805670                vex::competition::_disable(void*)
 .text._ZN3vex11competition11_autonomousEv
                0x000000000380570c       0x7c /Applications/VEXcode.app/Contents/Resources/sdk/vexv5/libv5rt.a(vex_competition.cpp.obj)
                0x000000000380570c                vex::competition::_autonomous()
 .text._ZN3vex11competition14_drivercontrolEv
                0x0000000003805788       0x7c /Applications/VEXcode.app/Contents/Resources/sdk/vexv5/libv5rt.a(vex_competition.cpp.obj)
                0x0000000003805788                vex::competition::_drivercontrol()
 .text._ZN3vex11competitionC2Ev
                0x0000000003805804      0x13c /Applications/VEXcode.app/Contents/Resources/sdk/vexv5/libv5rt.a(vex_competition.cpp.obj)
                0x0000000003805804                vex::competition::competition()
                0x0000000003805804                vex::competition::competition()
 .text._ZN3vex11competitionD2Ev
                0x0000000003805940        0x4 /Applications/VEXcode.app/Contents/Resources/sdk/vexv5/libv5rt.a(vex_competition.cpp.obj)
                0x0000000003805940                vex::competition::~competition()
                0x0000000003805940                vex::competition::~competition()
 .text._ZN3vex11competition10autonomousEPFvvE
                0x0000000003805944       0x44 /Applications/VEXcode.app/Contents/Resources/sdk/vexv5/libv5rt.a(vex_competition.cpp.obj)
                0x0000000003805944                vex::competition::autonomous(void (*)())
 .text._ZN3vex11competition13drivercontrolEPFvvE
                0x0000000003805988       0x44 /Applications/VEXcode.app/Contents/Resources/sdk/vexv5/libv5rt.a(vex_competition.cpp.obj)
                0x0000000003805988                vex::competition::drivercontrol(void (*)())
 .text._ZN3vex7triport9installedEv
                0x00000000038059cc       0x18 /Applications/VEXcode.app/Contents/Resources/sdk/vexv5/libv5rt.a(vex_triport.cpp.obj)
                0x00000000038059cc                vex::triport::installed()
 .text._ZN3vex7triportD2Ev
                0x00000000038059e4       0x38 /Applications/VEXcode.app/Contents/Resources/sdk/vexv5/libv5rt.a(vex_triport.cpp.obj)
                0x00000000038059e4                vex::triport::~triport()
                0x00000000038059e4                vex::triport::~triport()
 .text._ZN3vex7triport4portC2ElPS0_
                0x0000000003805a1c       0x90 /Applications/VEXcode.app/Contents/Resources/sdk/vexv5/libv5rt.a(vex_triport.cpp.obj)
                0x0000000003805a1c                vex::triport::port::port(long, vex::triport*)
                0x0000000003805a1c                vex::triport::port::port(long, vex::triport*)
 .text._ZN3vex7triportC2El
                0x0000000003805aac       0xf0 /Applications/VEXcode.app/Contents/Resources/sdk/vexv5/libv5rt.a(vex_triport.cpp.obj)
                0x0000000003805aac                vex::triport::triport(long)
                0x0000000003805aac                vex::triport::triport(long)
 .text.startup._GLOBAL__sub_I__ZN3vex7triportC2El
                0x0000000003805b9c       0x30 /Applications/VEXcode.app/Contents/Resources/sdk/vexv5/libv5rt.a(vex_triport.cpp.obj)
 .text._ZN3vex5colorD2Ev
                0x0000000003805bcc        0x4 /Applications/VEXcode.app/Contents/Resources/sdk/vexv5/libv5rt.a(vex_color.cpp.obj)
                0x0000000003805bcc                vex::color::~color()
                0x0000000003805bcc                vex::color::~color()
 .text._ZNK3vex5colorcvmEv
                0x0000000003805bd0        0x8 /Applications/VEXcode.app/Contents/Resources/sdk/vexv5/libv5rt.a(vex_color.cpp.obj)
                0x0000000003805bd0                vex::color::operator unsigned long() const
 .text._ZNK3vex5color13isTransparentEv
                0x0000000003805bd8        0x8 /Applications/VEXcode.app/Contents/Resources/sdk/vexv5/libv5rt.a(vex_color.cpp.obj)
                0x0000000003805bd8                vex::color::isTransparent() const
 .text.startup._GLOBAL__sub_I__ZN3vex5color5blackE
                0x0000000003805be0      0x164 /Applications/VEXcode.app/Contents/Resources/sdk/vexv5/libv5rt.a(vex_color.cpp.obj)
 .text._ZN3vex5timerD2Ev
                0x0000000003805d44        0x4 /Applications/VEXcode.app/Contents/Resources/sdk/vexv5/libv5rt.a(vex_timer.cpp.obj)
                0x0000000003805d44                vex::timer::~timer()
                0x0000000003805d44                vex::timer::~timer()
 .text._ZN3vex5timer5clearEv
                0x0000000003805d48       0x1c /Applications/VEXcode.app/Contents/Resources/sdk/vexv5/libv5rt.a(vex_timer.cpp.obj)
                0x0000000003805d48                vex::timer::clear()
 .text._ZN3vex5timerC2Ev
                0x0000000003805d64       0x14 /Applications/VEXcode.app/Contents/Resources/sdk/vexv5/libv5rt.a(vex_timer.cpp.obj)
                0x0000000003805d64                vex::timer::timer()
                0x0000000003805d64                vex::timer::timer()
 .text._ZNK3vex5timer4timeENS_9timeUnitsE
                0x0000000003805d78       0x40 /Applications/VEXcode.app/Contents/Resources/sdk/vexv5/libv5rt.a(vex_timer.cpp.obj)
                0x0000000003805d78                vex::timer::time(vex::timeUnits) const
 .text._ZN3vex6device5valueEv
                0x0000000003805db8        0x8 /Applications/VEXcode.app/Contents/Resources/sdk/vexv5/libv5rt.a(vex_device.cpp.obj)
                0x0000000003805db8                vex::device::value()
 .text._ZN3vex6deviceD2Ev
                0x0000000003805dc0        0x4 /Applications/VEXcode.app/Contents/Resources/sdk/vexv5/libv5rt.a(vex_device.cpp.obj)
                0x0000000003805dc0                vex::device::~device()
                0x0000000003805dc0                vex::device::~device()
 .text._ZN3vex6device4initEl
                0x0000000003805dc4       0x30 /Applications/VEXcode.app/Contents/Resources/sdk/vexv5/libv5rt.a(vex_device.cpp.obj)
                0x0000000003805dc4                vex::device::init(long)
 .text._ZN3vex6deviceC2El
                0x0000000003805df4       0x20 /Applications/VEXcode.app/Contents/Resources/sdk/vexv5/libv5rt.a(vex_device.cpp.obj)
                0x0000000003805df4                vex::device::device(long)
                0x0000000003805df4                vex::device::device(long)
 .text._ZN3vex6device4typeEv
                0x0000000003805e14       0x10 /Applications/VEXcode.app/Contents/Resources/sdk/vexv5/libv5rt.a(vex_device.cpp.obj)
                0x0000000003805e14                vex::device::type()
 .text._ZN3vex6device9installedEv
                0x0000000003805e24       0x14 /Applications/VEXcode.app/Contents/Resources/sdk/vexv5/libv5rt.a(vex_device.cpp.obj)
                0x0000000003805e24                vex::device::installed()
 .text.__libc_fini_array
                0x0000000003805e38       0x30 /Applications/VEXcode.app/Contents/Resources/sdk/vexv5/gcc/libs/libc.a(lib_a-fini.o)
                0x0000000003805e38                __libc_fini_array
 .text.__libc_init_array
                0x0000000003805e68       0x58 /Applications/VEXcode.app/Contents/Resources/sdk/vexv5/gcc/libs/libc.a(lib_a-init.o)
                0x0000000003805e68                __libc_init_array
 .text.__libc_init_array.__stub
                0x0000000003805ec0       0x18 linker stubs
 *(.gnu.linkonce.t.*)
 *(.plt)
 *(.gnu_warning)
 *(.gcc_except_table)
 *(.glue_7)
 .glue_7        0x0000000003805ed8        0x0 linker stubs
 *(.glue_7t)
 .glue_7t       0x0000000003805ed8        0x0 linker stubs
 *(.vfp11_veneer)
 .vfp11_veneer  0x0000000003805ed8        0x0 linker stubs
 *(.ARM.extab)
 *(.gnu.linkonce.armextab.*)

.v4_bx          0x0000000003805ed8        0x0
 .v4_bx         0x0000000003805ed8        0x0 linker stubs

.iplt           0x0000000003805ed8        0x0
 .iplt          0x0000000003805ed8        0x0 build/src/main.o

.init
 *(.init)

.fini
 *(.fini)

.rodata         0x0000000003805ed8      0x1a4
                0x0000000003805ed8                __rodata_start = .
 *(.rodata)
 *(.rodata.*)
 .rodata.str1.1
                0x0000000003805ed8       0xa9 build/src/main.o
 *fill*         0x0000000003805f81        0x3 
 .rodata._ZTVN3vex13motor_specialE
                0x0000000003805f84       0x10 build/src/main.o
                0x0000000003805f84                vtable for vex::motor_special
 .rodata.str1.1
                0x0000000003805f94       0x2e /Applications/VEXcode.app/Contents/Resources/sdk/vexv5/libv5rt.a(v5_startup.c.obj)
 *fill*         0x0000000003805fc2        0x2 
 .rodata._ZN3vex4blueE
                0x0000000003805fc4        0x4 /Applications/VEXcode.app/Contents/Resources/sdk/vexv5/libv5rt.a(vex_global.cpp.obj)
                0x0000000003805fc4                vex::blue
 .rodata._ZN3vex6PORT22E
                0x0000000003805fc8        0x4 /Applications/VEXcode.app/Contents/Resources/sdk/vexv5/libv5rt.a(vex_global.cpp.obj)
                0x0000000003805fc8                vex::PORT22
 .rodata._ZN3vex5PORT2E
                0x0000000003805fcc        0x4 /Applications/VEXcode.app/Contents/Resources/sdk/vexv5/libv5rt.a(vex_global.cpp.obj)
                0x0000000003805fcc                vex::PORT2
 .rodata._ZN3vex6PORT12E
                0x0000000003805fd0        0x4 /Applications/VEXcode.app/Contents/Resources/sdk/vexv5/libv5rt.a(vex_global.cpp.obj)
                0x0000000003805fd0                vex::PORT12
 .rodata._ZN3vex6PORT15E
                0x0000000003805fd4        0x4 /Applications/VEXcode.app/Contents/Resources/sdk/vexv5/libv5rt.a(vex_global.cpp.obj)
                0x0000000003805fd4                vex::PORT15
 .rodata._ZN3vex5PORT9E
                0x0000000003805fd8        0x4 /Applications/VEXcode.app/Contents/Resources/sdk/vexv5/libv5rt.a(vex_global.cpp.obj)
                0x0000000003805fd8                vex::PORT9
 .rodata._ZN3vex6PORT10E
                0x0000000003805fdc        0x4 /Applications/VEXcode.app/Contents/Resources/sdk/vexv5/libv5rt.a(vex_global.cpp.obj)
                0x0000000003805fdc                vex::PORT10
 .rodata._ZN3vex3redE
                0x0000000003805fe0        0x4 /Applications/VEXcode.app/Contents/Resources/sdk/vexv5/libv5rt.a(vex_global.cpp.obj)
                0x0000000003805fe0                vex::red
 .rodata._ZN3vex6PORT16E
                0x0000000003805fe4        0x4 /Applications/VEXcode.app/Contents/Resources/sdk/vexv5/libv5rt.a(vex_global.cpp.obj)
                0x0000000003805fe4                vex::PORT16
 .rodata._ZN3vex5PORT3E
                0x0000000003805fe8        0x4 /Applications/VEXcode.app/Contents/Resources/sdk/vexv5/libv5rt.a(vex_global.cpp.obj)
                0x0000000003805fe8                vex::PORT3
 .rodata._ZN3vex6PORT20E
                0x0000000003805fec        0x4 /Applications/VEXcode.app/Contents/Resources/sdk/vexv5/libv5rt.a(vex_global.cpp.obj)
                0x0000000003805fec                vex::PORT20
 .rodata._ZTVN3vex5motorE
                0x0000000003805ff0       0x10 /Applications/VEXcode.app/Contents/Resources/sdk/vexv5/libv5rt.a(vex_motor.cpp.obj)
                0x0000000003805ff0                vtable for vex::motor
 .rodata.str1.1
                0x0000000003806000       0x15 /Applications/VEXcode.app/Contents/Resources/sdk/vexv5/libv5rt.a(vex_controller.cpp.obj)
                                         0x16 (size before relaxing)
 .rodata.CSWTCH.15
                0x0000000003806015        0xb /Applications/VEXcode.app/Contents/Resources/sdk/vexv5/libv5rt.a(vex_controller.cpp.obj)
 .rodata.CSWTCH.17
                0x0000000003806020        0xb /Applications/VEXcode.app/Contents/Resources/sdk/vexv5/libv5rt.a(vex_controller.cpp.obj)
 .rodata.CSWTCH.23
                0x000000000380602b        0x3 /Applications/VEXcode.app/Contents/Resources/sdk/vexv5/libv5rt.a(vex_controller.cpp.obj)
 .rodata.str1.1
                0x000000000380602e        0xa /Applications/VEXcode.app/Contents/Resources/sdk/vexv5/libv5rt.a(vex_task.cpp.obj)
 .rodata.str1.1
                0x0000000003806038       0x1a /Applications/VEXcode.app/Contents/Resources/sdk/vexv5/libv5rt.a(vex_brain.cpp.obj)
 *fill*         0x0000000003806052        0x6 
 .rodata._ZTVN3vex7triportE
                0x0000000003806058       0x10 /Applications/VEXcode.app/Contents/Resources/sdk/vexv5/libv5rt.a(vex_triport.cpp.obj)
                0x0000000003806058                vtable for vex::triport
 .rodata._ZTVN3vex6deviceE
                0x0000000003806068       0x10 /Applications/VEXcode.app/Contents/Resources/sdk/vexv5/libv5rt.a(vex_device.cpp.obj)
                0x0000000003806068                vtable for vex::device
 .rodata.str1.4
                0x0000000003806078        0x4 /Applications/VEXcode.app/Contents/Resources/sdk/vexv5/gcc/libs/libc.a(lib_a-impure.o)
                                          0x2 (size before relaxing)
 *(.gnu.linkonce.r.*)
                0x000000000380607c                __rodata_end = .

.rodata1        0x000000000380607c        0x0
                0x000000000380607c                __rodata1_start = .
 *(.rodata1)
 *(.rodata1.*)
                0x000000000380607c                __rodata1_end = .

.sdata2         0x000000000380607c        0x0
                0x000000000380607c                __sdata2_start = .
 *(.sdata2)
 *(.sdata2.*)
 *(.gnu.linkonce.s2.*)
                0x000000000380607c                __sdata2_end = .

.sbss2          0x000000000380607c        0x0
                0x000000000380607c                __sbss2_start = .
 *(.sbss2)
 *(.sbss2.*)
 *(.gnu.linkonce.sb2.*)
                0x000000000380607c                __sbss2_end = .

.data           0x0000000003806080      0x444
                0x0000000003806080                __data_start = .
 *(.data)
 *(.data.*)
 .data.hSpeed   0x0000000003806080        0x8 build/src/main.o
                0x0000000003806080                hSpeed
 .data.autoRunning
                0x0000000003806088        0x1 build/src/main.o
                0x0000000003806088                autoRunning
 *fill*         0x0000000003806089        0x3 
 .data.appRunning
                0x000000000380608c        0x4 /Applications/VEXcode.app/Contents/Resources/sdk/vexv5/libv5rt.a(v5_startup.c.obj)
                0x000000000380608c                appRunning
 .data.__yoff   0x0000000003806090        0x4 /Applications/VEXcode.app/Contents/Resources/sdk/vexv5/libv5rt.a(v5_apijump.c.obj)
 *fill*         0x0000000003806094        0x4 
 .data.impure_data
                0x0000000003806098      0x428 /Applications/VEXcode.app/Contents/Resources/sdk/vexv5/gcc/libs/libc.a(lib_a-impure.o)
 .data._impure_ptr
                0x00000000038064c0        0x4 /Applications/VEXcode.app/Contents/Resources/sdk/vexv5/gcc/libs/libc.a(lib_a-impure.o)
                0x00000000038064c0                _impure_ptr
 *(.gnu.linkonce.d.*)
 *(.jcr)
 *(.got)
 *(.got.plt)
                0x00000000038064c4                __data_end = .

.igot.plt       0x00000000038064c4        0x0
 .igot.plt      0x00000000038064c4        0x0 build/src/main.o

.data1          0x00000000038064c4        0x0
                0x00000000038064c4                __data1_start = .
 *(.data1)
 *(.data1.*)
                0x00000000038064c4                __data1_end = .

.got
 *(.got)

.ctors          0x00000000038064c4        0x0
                0x00000000038064c4                __CTOR_LIST__ = .
                0x00000000038064c4                ___CTORS_LIST___ = .
 *crtbegin.o(.ctors)
 *(EXCLUDE_FILE(*crtend.o) .ctors)
 *(SORT_BY_NAME(.ctors.*))
 *(.ctors)
                0x00000000038064c4                __CTOR_END__ = .
                0x00000000038064c4                ___CTORS_END___ = .

.dtors          0x00000000038064c4        0x0
                0x00000000038064c4                __DTOR_LIST__ = .
                0x00000000038064c4                ___DTORS_LIST___ = .
 *crtbegin.o(.dtors)
 *(EXCLUDE_FILE(*crtend.o) .dtors)
 *(SORT_BY_NAME(.dtors.*))
 *(.dtors)
                0x00000000038064c4                __DTOR_END__ = .
                0x00000000038064c4                ___DTORS_END___ = .

.fixup          0x00000000038064c4        0x0
                0x00000000038064c4                __fixup_start = .
 *(.fixup)
                0x00000000038064c4                __fixup_end = .

.eh_frame
 *(.eh_frame)

.eh_framehdr    0x00000000038064c4        0x0
                0x00000000038064c4                __eh_framehdr_start = .
 *(.eh_framehdr)
                0x00000000038064c4                __eh_framehdr_end = .

.gcc_except_table
 *(.gcc_except_table)

.mmu_tbl        0x0000000003808000        0x0
                0x0000000003808000                __mmu_tbl_start = .
 *(.mmu_tbl)
                0x0000000003808000                __mmu_tbl_end = .

.ARM.exidx      0x00000000038064c4        0x8
                0x00000000038064c4                __exidx_start = .
 *(.ARM.exidx*)
 .ARM.exidx.text._Z13baseBrakeHoldi
                0x00000000038064c4        0x8 build/src/main.o
 .ARM.exidx.text._Z14baseBrakeCoasti
                0x00000000038064cc        0x0 build/src/main.o
                                          0x8 (size before relaxing)
 .ARM.exidx.text._Z6govoltfff
                0x00000000038064cc        0x0 build/src/main.o
                                          0x8 (size before relaxing)
 .ARM.exidx.text._ZN3vex13motor_special4spinENS_13directionTypeEdNS_12voltageUnitsE
                0x00000000038064cc        0x0 build/src/main.o
                                          0x8 (size before relaxing)
 .ARM.exidx.text._Z8movebasei
                0x00000000038064cc        0x0 build/src/main.o
                                          0x8 (size before relaxing)
 .ARM.exidx.text._Z10intakeMoveidd
                0x00000000038064cc        0x0 build/src/main.o
                                          0x8 (size before relaxing)
 .ARM.exidx.text._Z6upMoveidd
                0x00000000038064cc        0x0 build/src/main.o
                                          0x8 (size before relaxing)
 .ARM.exidx.text._Z14stopEverythingv
                0x00000000038064cc        0x0 build/src/main.o
                                          0x8 (size before relaxing)
 .ARM.exidx.text._Z7routined
                0x00000000038064cc        0x0 build/src/main.o
                                          0x8 (size before relaxing)
 .ARM.exidx.text._Z3goHddd
                0x00000000038064cc        0x0 build/src/main.o
                                          0x8 (size before relaxing)
 .ARM.exidx.text._Z7goSidesdddddd
                0x00000000038064cc        0x0 build/src/main.o
                                          0x8 (size before relaxing)
 .ARM.exidx.text._Z11turnEncoderddd
                0x00000000038064cc        0x0 build/src/main.o
                                          0x8 (size before relaxing)
 .ARM.exidx.text._Z2upif
                0x00000000038064cc        0x0 build/src/main.o
                                          0x8 (size before relaxing)
 .ARM.exidx.text._Z6upGoUpddd
                0x00000000038064cc        0x0 build/src/main.o
                                          0x8 (size before relaxing)
 .ARM.exidx.text._Z3gooidddd
                0x00000000038064cc        0x0 build/src/main.o
                                          0x8 (size before relaxing)
 .ARM.exidx.text._Z8goOldPIDffddf
                0x00000000038064cc        0x0 build/src/main.o
                                          0x8 (size before relaxing)
 .ARM.exidx.text._Z15autoColorSelectv
                0x00000000038064cc        0x0 build/src/main.o
                                          0x8 (size before relaxing)
 .ARM.exidx.text._Z7runAutoiib
                0x00000000038064cc        0x0 build/src/main.o
                                          0x8 (size before relaxing)
 .ARM.exidx.text._Z10autonomousv
                0x00000000038064cc        0x0 build/src/main.o
                                          0x8 (size before relaxing)
 .ARM.exidx.text._Z11usercontrolv
                0x00000000038064cc        0x0 build/src/main.o
                                          0x8 (size before relaxing)
 .ARM.exidx.text.main
                0x00000000038064cc        0x0 build/src/main.o
                                          0x8 (size before relaxing)
 .ARM.exidx.text._GLOBAL__sub_I_main.cpp
                0x00000000038064cc        0x0 build/src/main.o
                                          0x8 (size before relaxing)
 *(.gnu.linkonce.armexidix.*.*)
                0x00000000038064cc                __exidx_end = .

.rel.dyn        0x00000000038064cc        0x0
 .rel.iplt      0x00000000038064cc        0x0 build/src/main.o

.preinit_array  0x00000000038064cc        0x0
                0x00000000038064cc                __preinit_array_start = .
 *(SORT_BY_NAME(.preinit_array.*))
 *(.preinit_array)
                0x00000000038064cc                __preinit_array_end = .

.init_array     0x00000000038064cc       0x10
                0x00000000038064cc                __init_array_start = .
 *(SORT_BY_NAME(.init_array.*))
 *(.init_array)
 .init_array    0x00000000038064cc        0x4 build/src/main.o
 .init_array    0x00000000038064d0        0x4 /Applications/VEXcode.app/Contents/Resources/sdk/vexv5/libv5rt.a(vex_motor.cpp.obj)
 .init_array    0x00000000038064d4        0x4 /Applications/VEXcode.app/Contents/Resources/sdk/vexv5/libv5rt.a(vex_triport.cpp.obj)
 .init_array    0x00000000038064d8        0x4 /Applications/VEXcode.app/Contents/Resources/sdk/vexv5/libv5rt.a(vex_color.cpp.obj)
                0x00000000038064dc                __init_array_end = .

.fini_array     0x00000000038064dc        0x0
                0x00000000038064dc                __fini_array_start = .
 *(SORT_BY_NAME(.fini_array.*))
 *(.fini_array)
                0x00000000038064dc                __fini_array_end = .

.ARM.attributes
                0x00000000038064dc       0x3c
                0x00000000038064dc                __ARM.attributes_start = .
 *(.ARM.attributes)
 .ARM.attributes
                0x00000000038064dc       0x3a build/src/main.o
 .ARM.attributes
                0x0000000003806516       0x35 /Applications/VEXcode.app/Contents/Resources/sdk/vexv5/libv5rt.a(v5_startup.c.obj)
 .ARM.attributes
                0x000000000380654b       0x35 /Applications/VEXcode.app/Contents/Resources/sdk/vexv5/libv5rt.a(v5_util.c.obj)
 .ARM.attributes
                0x0000000003806580       0x35 /Applications/VEXcode.app/Contents/Resources/sdk/vexv5/libv5rt.a(v5_apijump.c.obj)
 .ARM.attributes
                0x00000000038065b5       0x35 /Applications/VEXcode.app/Contents/Resources/sdk/vexv5/libv5rt.a(v5_apiuser.c.obj)
 .ARM.attributes
                0x00000000038065ea       0x35 /Applications/VEXcode.app/Contents/Resources/sdk/vexv5/libv5rt.a(v5_apiversions.c.obj)
 .ARM.attributes
                0x000000000380661f       0x35 /Applications/VEXcode.app/Contents/Resources/sdk/vexv5/libv5rt.a(vex_global.cpp.obj)
 .ARM.attributes
                0x0000000003806654       0x35 /Applications/VEXcode.app/Contents/Resources/sdk/vexv5/libv5rt.a(vex_motor.cpp.obj)
 .ARM.attributes
                0x0000000003806689       0x35 /Applications/VEXcode.app/Contents/Resources/sdk/vexv5/libv5rt.a(vex_controller.cpp.obj)
 .ARM.attributes
                0x00000000038066be       0x35 /Applications/VEXcode.app/Contents/Resources/sdk/vexv5/libv5rt.a(vex_task.cpp.obj)
 .ARM.attributes
                0x00000000038066f3       0x35 /Applications/VEXcode.app/Contents/Resources/sdk/vexv5/libv5rt.a(vex_event.cpp.obj)
 .ARM.attributes
                0x0000000003806728       0x35 /Applications/VEXcode.app/Contents/Resources/sdk/vexv5/libv5rt.a(vex_mevent.cpp.obj)
 .ARM.attributes
                0x000000000380675d       0x35 /Applications/VEXcode.app/Contents/Resources/sdk/vexv5/libv5rt.a(vex_brain.cpp.obj)
 .ARM.attributes
                0x0000000003806792       0x35 /Applications/VEXcode.app/Contents/Resources/sdk/vexv5/libv5rt.a(vex_competition.cpp.obj)
 .ARM.attributes
                0x00000000038067c7       0x35 /Applications/VEXcode.app/Contents/Resources/sdk/vexv5/libv5rt.a(vex_triport.cpp.obj)
 .ARM.attributes
                0x00000000038067fc       0x35 /Applications/VEXcode.app/Contents/Resources/sdk/vexv5/libv5rt.a(vex_color.cpp.obj)
 .ARM.attributes
                0x0000000003806831       0x35 /Applications/VEXcode.app/Contents/Resources/sdk/vexv5/libv5rt.a(vex_timer.cpp.obj)
 .ARM.attributes
                0x0000000003806866       0x35 /Applications/VEXcode.app/Contents/Resources/sdk/vexv5/libv5rt.a(vex_device.cpp.obj)
 .ARM.attributes
                0x000000000380689b       0x2b /Applications/VEXcode.app/Contents/Resources/sdk/vexv5/gcc/libs/libc.a(lib_a-fini.o)
 .ARM.attributes
                0x00000000038068c6       0x2b /Applications/VEXcode.app/Contents/Resources/sdk/vexv5/gcc/libs/libc.a(lib_a-impure.o)
 .ARM.attributes
                0x00000000038068f1       0x2b /Applications/VEXcode.app/Contents/Resources/sdk/vexv5/gcc/libs/libc.a(lib_a-init.o)
                0x000000000380691c                __ARM.attributes_end = .

.sdata          0x00000000038064dc        0x0
                0x00000000038064dc                __sdata_start = .
 *(.sdata)
 *(.sdata.*)
 *(.gnu.linkonce.s.*)
                0x00000000038064dc                __sdata_end = .

.sbss           0x00000000038064dc        0x0
                0x00000000038064dc                __sbss_start = .
 *(.sbss)
 *(.sbss.*)
 *(.gnu.linkonce.sb.*)
                0x00000000038064dc                __sbss_end = .

.tdata          0x00000000038064dc        0x0
                0x00000000038064dc                __tdata_start = .
 *(.tdata)
 *(.tdata.*)
 *(.gnu.linkonce.td.*)
                0x00000000038064dc                __tdata_end = .

.tbss           0x00000000038064dc        0x0
                0x00000000038064dc                __tbss_start = .
 *(.tbss)
 *(.tbss.*)
 *(.gnu.linkonce.tb.*)
                0x00000000038064dc                __tbss_end = .

.bss            0x00000000038064e0      0x799
                0x00000000038064e0                __bss_start = .
 *(.bss)
 *(.bss.*)
 .bss.Brain     0x00000000038064e0      0x2e0 build/src/main.o
                0x00000000038064e0                Brain
 .bss.Controller1
                0x00000000038067c0      0x1e0 build/src/main.o
                0x00000000038067c0                Controller1
 .bss.TimerDrive
                0x00000000038069a0        0x8 build/src/main.o
                0x00000000038069a0                TimerDrive
 .bss.TimerUp   0x00000000038069a8        0x8 build/src/main.o
                0x00000000038069a8                TimerUp
 .bss.Lwheel2   0x00000000038069b0       0x28 build/src/main.o
                0x00000000038069b0                Lwheel2
 .bss.Lwheel    0x00000000038069d8       0x28 build/src/main.o
                0x00000000038069d8                Lwheel
 .bss.Rwheel2   0x0000000003806a00       0x28 build/src/main.o
                0x0000000003806a00                Rwheel2
 .bss.Rwheel    0x0000000003806a28       0x28 build/src/main.o
                0x0000000003806a28                Rwheel
 .bss.Hwheel    0x0000000003806a50       0x28 build/src/main.o
                0x0000000003806a50                Hwheel
 .bss.Intake    0x0000000003806a78       0x28 build/src/main.o
                0x0000000003806a78                Intake
 .bss.LUp       0x0000000003806aa0       0x28 build/src/main.o
                0x0000000003806aa0                LUp
 .bss.RUp       0x0000000003806ac8       0x28 build/src/main.o
                0x0000000003806ac8                RUp
 .bss.RF        0x0000000003806af0       0x2c build/src/main.o
                0x0000000003806af0                RF
 .bss.RB        0x0000000003806b1c       0x2c build/src/main.o
                0x0000000003806b1c                RB
 .bss.LF        0x0000000003806b48       0x2c build/src/main.o
                0x0000000003806b48                LF
 .bss.LB        0x0000000003806b74       0x2c build/src/main.o
                0x0000000003806b74                LB
 .bss.MH        0x0000000003806ba0       0x2c build/src/main.o
                0x0000000003806ba0                MH
 .bss.brakeVar  0x0000000003806bcc        0x4 build/src/main.o
                0x0000000003806bcc                brakeVar
 .bss.intakeBrakeVar
                0x0000000003806bd0        0x4 build/src/main.o
                0x0000000003806bd0                intakeBrakeVar
 *fill*         0x0000000003806bd4        0x4 
 .bss.autoCol   0x0000000003806bd8        0x8 build/src/main.o
                0x0000000003806bd8                autoCol
 .bss.Competition
                0x0000000003806be0       0x28 build/src/main.o
                0x0000000003806be0                Competition
 .bss.__dso_handle
                0x0000000003806c08        0x4 /Applications/VEXcode.app/Contents/Resources/sdk/vexv5/libv5rt.a(v5_startup.c.obj)
                0x0000000003806c08                __dso_handle
 .bss.lastTime.8075
                0x0000000003806c0c        0x4 /Applications/VEXcode.app/Contents/Resources/sdk/vexv5/libv5rt.a(v5_apijump.c.obj)
 .bss._ZStL8__ioinit
                0x0000000003806c10        0x1 /Applications/VEXcode.app/Contents/Resources/sdk/vexv5/libv5rt.a(vex_motor.cpp.obj)
 *fill*         0x0000000003806c11        0x3 
 .bss._ZN3vex4task8_labelIdE
                0x0000000003806c14        0x4 /Applications/VEXcode.app/Contents/Resources/sdk/vexv5/libv5rt.a(vex_task.cpp.obj)
                0x0000000003806c14                vex::task::_labelId
 .bss._ZN3vex11competition22bStopTasksBetweenModesE
                0x0000000003806c18        0x1 /Applications/VEXcode.app/Contents/Resources/sdk/vexv5/libv5rt.a(vex_competition.cpp.obj)
                0x0000000003806c18                vex::competition::bStopTasksBetweenModes
 .bss._ZN3vex11competition25bStopAllTasksBetweenModesE
                0x0000000003806c19        0x1 /Applications/VEXcode.app/Contents/Resources/sdk/vexv5/libv5rt.a(vex_competition.cpp.obj)
                0x0000000003806c19                vex::competition::bStopAllTasksBetweenModes
 .bss._ZN3vex11competition14_auton_pendingE
                0x0000000003806c1a        0x1 /Applications/VEXcode.app/Contents/Resources/sdk/vexv5/libv5rt.a(vex_competition.cpp.obj)
                0x0000000003806c1a                vex::competition::_auton_pending
 *fill*         0x0000000003806c1b        0x1 
 .bss._ZN3vex11competition20_autonomous_callbackE
                0x0000000003806c1c        0x4 /Applications/VEXcode.app/Contents/Resources/sdk/vexv5/libv5rt.a(vex_competition.cpp.obj)
                0x0000000003806c1c                vex::competition::_autonomous_callback
 .bss._ZN3vex11competition23_drivercontrol_callbackE
                0x0000000003806c20        0x4 /Applications/VEXcode.app/Contents/Resources/sdk/vexv5/libv5rt.a(vex_competition.cpp.obj)
                0x0000000003806c20                vex::competition::_drivercontrol_callback
 .bss._ZN3vex11competition15_driver_pendingE
                0x0000000003806c24        0x1 /Applications/VEXcode.app/Contents/Resources/sdk/vexv5/libv5rt.a(vex_competition.cpp.obj)
                0x0000000003806c24                vex::competition::_driver_pending
 .bss._ZStL8__ioinit
                0x0000000003806c25        0x1 /Applications/VEXcode.app/Contents/Resources/sdk/vexv5/libv5rt.a(vex_triport.cpp.obj)
 *fill*         0x0000000003806c26        0x2 
 .bss._ZN3vex5color6orangeE
                0x0000000003806c28        0x8 /Applications/VEXcode.app/Contents/Resources/sdk/vexv5/libv5rt.a(vex_color.cpp.obj)
                0x0000000003806c28                vex::color::orange
 .bss._ZN3vex5color5blackE
                0x0000000003806c30        0x8 /Applications/VEXcode.app/Contents/Resources/sdk/vexv5/libv5rt.a(vex_color.cpp.obj)
                0x0000000003806c30                vex::color::black
 .bss._ZN3vex5color6yellowE
                0x0000000003806c38        0x8 /Applications/VEXcode.app/Contents/Resources/sdk/vexv5/libv5rt.a(vex_color.cpp.obj)
                0x0000000003806c38                vex::color::yellow
 .bss._ZN3vex5color5greenE
                0x0000000003806c40        0x8 /Applications/VEXcode.app/Contents/Resources/sdk/vexv5/libv5rt.a(vex_color.cpp.obj)
                0x0000000003806c40                vex::color::green
 .bss._ZN3vex5color6purpleE
                0x0000000003806c48        0x8 /Applications/VEXcode.app/Contents/Resources/sdk/vexv5/libv5rt.a(vex_color.cpp.obj)
                0x0000000003806c48                vex::color::purple
 .bss._ZN3vex5color4cyanE
                0x0000000003806c50        0x8 /Applications/VEXcode.app/Contents/Resources/sdk/vexv5/libv5rt.a(vex_color.cpp.obj)
                0x0000000003806c50                vex::color::cyan
 .bss._ZN3vex5color4blueE
                0x0000000003806c58        0x8 /Applications/VEXcode.app/Contents/Resources/sdk/vexv5/libv5rt.a(vex_color.cpp.obj)
                0x0000000003806c58                vex::color::blue
 .bss._ZN3vex5color3redE
                0x0000000003806c60        0x8 /Applications/VEXcode.app/Contents/Resources/sdk/vexv5/libv5rt.a(vex_color.cpp.obj)
                0x0000000003806c60                vex::color::red
 .bss._ZN3vex5color11transparentE
                0x0000000003806c68        0x8 /Applications/VEXcode.app/Contents/Resources/sdk/vexv5/libv5rt.a(vex_color.cpp.obj)
                0x0000000003806c68                vex::color::transparent
 .bss._ZN3vex5color5whiteE
                0x0000000003806c70        0x8 /Applications/VEXcode.app/Contents/Resources/sdk/vexv5/libv5rt.a(vex_color.cpp.obj)
                0x0000000003806c70                vex::color::white
 *(.gnu.linkonce.b.*)
 *(COMMON)
 COMMON         0x0000000003806c78        0x1 /Applications/VEXcode.app/Contents/Resources/sdk/vexv5/libv5rt.a(v5_startup.c.obj)
                0x0000000003806c78                __vex_critical_section
                0x0000000003806c79                __bss_end = .
                0x00000000038064dc                _SDA_BASE_ = (__sdata_start + ((__sbss_end - __sdata_start) / 0x2))
                0x000000000380607c                _SDA2_BASE_ = (__sdata2_start + ((__sbss2_end - __sdata2_start) / 0x2))

.heap           0x0000000003806c79   0x100007
                0x0000000003806c80                . = ALIGN (0x10)
 *fill*         0x0000000003806c79        0x7 
                0x0000000003806c80                _heap = .
                0x0000000003806c80                HeapBase = .
                0x0000000003806c80                _heap_start = .
                0x0000000003906c80                . = (. + _HEAP_SIZE)
 *fill*         0x0000000003806c80   0x100000 
                0x0000000003906c80                _heap_end = .
                0x0000000003906c80                HeapLimit = .

.stack          0x0000000003906c80     0x3800
                0x0000000003906c80                . = ALIGN (0x10)
                0x0000000003906c80                _stack_end = .
                0x0000000003908c80                . = (. + _STACK_SIZE)
 *fill*         0x0000000003906c80     0x2000 
                0x0000000003908c80                . = ALIGN (0x10)
                0x0000000003908c80                _stack = .
                0x0000000003908c80                __stack = _stack
                0x0000000003908c80                . = ALIGN (0x10)
                0x0000000003908c80                _irq_stack_end = .
                0x0000000003909080                . = (. + _IRQ_STACK_SIZE)
 *fill*         0x0000000003908c80      0x400 
                0x0000000003909080                . = ALIGN (0x10)
                0x0000000003909080                __irq_stack = .
                0x0000000003909080                _supervisor_stack_end = .
                0x0000000003909880                . = (. + _SUPERVISOR_STACK_SIZE)
 *fill*         0x0000000003909080      0x800 
                0x0000000003909880                . = ALIGN (0x10)
                0x0000000003909880                __supervisor_stack = .
                0x0000000003909880                _abort_stack_end = .
                0x0000000003909c80                . = (. + _ABORT_STACK_SIZE)
 *fill*         0x0000000003909880      0x400 
                0x0000000003909c80                . = ALIGN (0x10)
                0x0000000003909c80                __abort_stack = .
                0x0000000003909c80                _fiq_stack_end = .
                0x000000000390a080                . = (. + _FIQ_STACK_SIZE)
 *fill*         0x0000000003909c80      0x400 
                0x000000000390a080                . = ALIGN (0x10)
                0x000000000390a080                __fiq_stack = .
                0x000000000390a080                _undef_stack_end = .
                0x000000000390a480                . = (. + _UNDEF_STACK_SIZE)
 *fill*         0x000000000390a080      0x400 
                0x000000000390a480                . = ALIGN (0x10)
                0x000000000390a480                __undef_stack = .
                0x000000000390a480                _end = .
LOAD /Applications/VEXcode.app/Contents/Resources/sdk/vexv5/stdlib_0.lib
LOAD build/src/main.o
START GROUP
LOAD /Applications/VEXcode.app/Contents/Resources/sdk/vexv5/libv5rt.a
LOAD /Applications/VEXcode.app/Contents/Resources/sdk/vexv5/gcc/libs/libstdc++.a
LOAD /Applications/VEXcode.app/Contents/Resources/sdk/vexv5/gcc/libs/libc.a
LOAD /Applications/VEXcode.app/Contents/Resources/sdk/vexv5/gcc/libs/libm.a
LOAD /Applications/VEXcode.app/Contents/Resources/sdk/vexv5/gcc/libs/libgcc.a
END GROUP
OUTPUT(build/BLUE.elf elf32-littlearm)

.comment        0x0000000000000000       0x9d
 .comment       0x0000000000000000       0x2d build/src/main.o
                                         0x2e (size before relaxing)
 .comment       0x000000000000002d       0x70 /Applications/VEXcode.app/Contents/Resources/sdk/vexv5/libv5rt.a(v5_startup.c.obj)
                                         0x71 (size before relaxing)
 .comment       0x000000000000009d       0x71 /Applications/VEXcode.app/Contents/Resources/sdk/vexv5/libv5rt.a(v5_util.c.obj)
 .comment       0x000000000000009d       0x71 /Applications/VEXcode.app/Contents/Resources/sdk/vexv5/libv5rt.a(v5_apijump.c.obj)
 .comment       0x000000000000009d       0x71 /Applications/VEXcode.app/Contents/Resources/sdk/vexv5/libv5rt.a(v5_apiuser.c.obj)
 .comment       0x000000000000009d       0x71 /Applications/VEXcode.app/Contents/Resources/sdk/vexv5/libv5rt.a(v5_apiversions.c.obj)
 .comment       0x000000000000009d       0x71 /Applications/VEXcode.app/Contents/Resources/sdk/vexv5/libv5rt.a(vex_global.cpp.obj)
 .comment       0x000000000000009d       0x71 /Applications/VEXcode.app/Contents/Resources/sdk/vexv5/libv5rt.a(vex_motor.cpp.obj)
 .comment       0x000000000000009d       0x71 /Applications/VEXcode.app/Contents/Resources/sdk/vexv5/libv5rt.a(vex_controller.cpp.obj)
 .comment       0x000000000000009d       0x71 /Applications/VEXcode.app/Contents/Resources/sdk/vexv5/libv5rt.a(vex_task.cpp.obj)
 .comment       0x000000000000009d       0x71 /Applications/VEXcode.app/Contents/Resources/sdk/vexv5/libv5rt.a(vex_event.cpp.obj)
 .comment       0x000000000000009d       0x71 /Applications/VEXcode.app/Contents/Resources/sdk/vexv5/libv5rt.a(vex_mevent.cpp.obj)
 .comment       0x000000000000009d       0x71 /Applications/VEXcode.app/Contents/Resources/sdk/vexv5/libv5rt.a(vex_brain.cpp.obj)
 .comment       0x000000000000009d       0x71 /Applications/VEXcode.app/Contents/Resources/sdk/vexv5/libv5rt.a(vex_competition.cpp.obj)
 .comment       0x000000000000009d       0x71 /Applications/VEXcode.app/Contents/Resources/sdk/vexv5/libv5rt.a(vex_triport.cpp.obj)
 .comment       0x000000000000009d       0x71 /Applications/VEXcode.app/Contents/Resources/sdk/vexv5/libv5rt.a(vex_color.cpp.obj)
 .comment       0x000000000000009d       0x71 /Applications/VEXcode.app/Contents/Resources/sdk/vexv5/libv5rt.a(vex_timer.cpp.obj)
 .comment       0x000000000000009d       0x71 /Applications/VEXcode.app/Contents/Resources/sdk/vexv5/libv5rt.a(vex_device.cpp.obj)

.note.GNU-stack
                0x0000000000000000        0x0
 .note.GNU-stack
                0x0000000000000000        0x0 build/src/main.o

.debug_frame    0x0000000000000000       0x60
 .debug_frame   0x0000000000000000       0x34 /Applications/VEXcode.app/Contents/Resources/sdk/vexv5/gcc/libs/libc.a(lib_a-fini.o)
 .debug_frame   0x0000000000000034       0x2c /Applications/VEXcode.app/Contents/Resources/sdk/vexv5/gcc/libs/libc.a(lib_a-init.o)
