Archive member included to satisfy reference by file (symbol)

/Applications/VEXcode.app/Contents/Resources/sdk/vexv5/libv5rt.a(v5_startup.c.obj)
                              (vexStartup)
/Applications/VEXcode.app/Contents/Resources/sdk/vexv5/libv5rt.a(v5_util.c.obj)
                              /Applications/VEXcode.app/Contents/Resources/sdk/vexv5/libv5rt.a(v5_startup.c.obj) (vexStdlibVersionLinked)
/Applications/VEXcode.app/Contents/Resources/sdk/vexv5/libv5rt.a(v5_apijump.c.obj)
                              /Applications/VEXcode.app/Contents/Resources/sdk/vexv5/libv5rt.a(v5_startup.c.obj) (vexPrivateApiEnable)
/Applications/VEXcode.app/Contents/Resources/sdk/vexv5/libv5rt.a(v5_apiuser.c.obj)
                              build/src/main.o (vexMotorVoltageSet)
/Applications/VEXcode.app/Contents/Resources/sdk/vexv5/libv5rt.a(v5_apiversions.c.obj)
                              /Applications/VEXcode.app/Contents/Resources/sdk/vexv5/libv5rt.a(v5_apijump.c.obj) (vexSystemVersion)
/Applications/VEXcode.app/Contents/Resources/sdk/vexv5/libv5rt.a(vex_global.cpp.obj)
                              build/src/main.o (vex::PORT10)
/Applications/VEXcode.app/Contents/Resources/sdk/vexv5/libv5rt.a(vex_motor.cpp.obj)
                              build/src/main.o (vex::motor::installed())
/Applications/VEXcode.app/Contents/Resources/sdk/vexv5/libv5rt.a(vex_controller.cpp.obj)
                              build/src/main.o (vex::controller::~controller())
/Applications/VEXcode.app/Contents/Resources/sdk/vexv5/libv5rt.a(vex_task.cpp.obj)
                              build/src/main.o (vex::task::sleep(unsigned long))
/Applications/VEXcode.app/Contents/Resources/sdk/vexv5/libv5rt.a(vex_event.cpp.obj)
                              /Applications/VEXcode.app/Contents/Resources/sdk/vexv5/libv5rt.a(vex_controller.cpp.obj) (vex::event::init(unsigned long, unsigned long, void (*)()))
/Applications/VEXcode.app/Contents/Resources/sdk/vexv5/libv5rt.a(vex_mevent.cpp.obj)
                              /Applications/VEXcode.app/Contents/Resources/sdk/vexv5/libv5rt.a(vex_controller.cpp.obj) (vex::mevent::mevent(unsigned long, unsigned long))
/Applications/VEXcode.app/Contents/Resources/sdk/vexv5/libv5rt.a(vex_brain.cpp.obj)
                              build/src/main.o (vex::brain::~brain())
/Applications/VEXcode.app/Contents/Resources/sdk/vexv5/libv5rt.a(vex_competition.cpp.obj)
                              build/src/main.o (vex::competition::competition())
/Applications/VEXcode.app/Contents/Resources/sdk/vexv5/libv5rt.a(vex_triport.cpp.obj)
                              /Applications/VEXcode.app/Contents/Resources/sdk/vexv5/libv5rt.a(vex_brain.cpp.obj) (vex::triport::~triport())
/Applications/VEXcode.app/Contents/Resources/sdk/vexv5/libv5rt.a(vex_color.cpp.obj)
                              /Applications/VEXcode.app/Contents/Resources/sdk/vexv5/libv5rt.a(vex_brain.cpp.obj) (vex::color::operator unsigned long() const)
/Applications/VEXcode.app/Contents/Resources/sdk/vexv5/libv5rt.a(vex_timer.cpp.obj)
                              /Applications/VEXcode.app/Contents/Resources/sdk/vexv5/libv5rt.a(vex_brain.cpp.obj) (vex::timer::~timer())
/Applications/VEXcode.app/Contents/Resources/sdk/vexv5/libv5rt.a(vex_device.cpp.obj)
                              /Applications/VEXcode.app/Contents/Resources/sdk/vexv5/libv5rt.a(vex_triport.cpp.obj) (vex::device::value())
/Applications/VEXcode.app/Contents/Resources/sdk/vexv5/gcc/libs/libc.a(lib_a-fini.o)
                              /Applications/VEXcode.app/Contents/Resources/sdk/vexv5/libv5rt.a(v5_startup.c.obj) (__libc_fini_array)
/Applications/VEXcode.app/Contents/Resources/sdk/vexv5/gcc/libs/libc.a(lib_a-impure.o)
                              /Applications/VEXcode.app/Contents/Resources/sdk/vexv5/libv5rt.a(v5_startup.c.obj) (_impure_ptr)
/Applications/VEXcode.app/Contents/Resources/sdk/vexv5/gcc/libs/libc.a(lib_a-init.o)
                              /Applications/VEXcode.app/Contents/Resources/sdk/vexv5/libv5rt.a(v5_startup.c.obj) (__libc_init_array)
/Applications/VEXcode.app/Contents/Resources/sdk/vexv5/gcc/libs/libc.a(lib_a-tolower.o)
                              /Applications/VEXcode.app/Contents/Resources/sdk/vexv5/libv5rt.a(vex_brain.cpp.obj) (tolower)
/Applications/VEXcode.app/Contents/Resources/sdk/vexv5/gcc/libs/libc.a(lib_a-ctype_.o)
                              /Applications/VEXcode.app/Contents/Resources/sdk/vexv5/gcc/libs/libc.a(lib_a-tolower.o) (__ctype_ptr__)

Allocating common symbols
Common symbol       size              file

__vex_critical_section
                    0x1               /Applications/VEXcode.app/Contents/Resources/sdk/vexv5/libv5rt.a(v5_startup.c.obj)

Discarded input sections

 .text          0x0000000000000000        0x0 build/src/main.o
 .text._Z9getAnalogi
                0x0000000000000000       0x50 build/src/main.o
 .ARM.exidx.text._Z9getAnalogi
                0x0000000000000000        0x8 build/src/main.o
 .text._Z4waiti
[...]
Memory Configuration

Name             Origin             Length             Attributes
ps7_ddr_0_S_AXI_BASEADDR 0x0000000003800000 0x0000000004800000
*default*        0x0000000000000000 0xffffffffffffffff

Linker script and memory map

                0x0000000000002000                _STACK_SIZE = DEFINED (_STACK_SIZE)?_STACK_SIZE:0x2000
                0x0000000000100000                _HEAP_SIZE = DEFINED (_HEAP_SIZE)?_HEAP_SIZE:0x100000
                0x0000000000000400                _ABORT_STACK_SIZE = DEFINED (_ABORT_STACK_SIZE)?_ABORT_STACK_SIZE:0x400
                0x0000000000000800                _SUPERVISOR_STACK_SIZE = DEFINED (_SUPERVISOR_STACK_SIZE)?_SUPERVISOR_STACK_SIZE:0x800
                0x0000000000000400                _IRQ_STACK_SIZE = DEFINED (_IRQ_STACK_SIZE)?_IRQ_STACK_SIZE:0x400
                0x0000000000000400                _FIQ_STACK_SIZE = DEFINED (_FIQ_STACK_SIZE)?_FIQ_STACK_SIZE:0x400
                0x0000000000000400                _UNDEF_STACK_SIZE = DEFINED (_UNDEF_STACK_SIZE)?_UNDEF_STACK_SIZE:0x400

.text           0x0000000003800000     0x2350
 *(.vectors)
 *(.boot_data)
 .boot_data     0x0000000003800000       0x20 /Applications/VEXcode.app/Contents/Resources/sdk/vexv5/libv5rt.a(v5_startup.c.obj)
                0x0000000003800000                vexCodeSig
                0x0000000000000020                . = 0x20
 *(.boot)
 .boot          0x0000000003800020       0xb4 /Applications/VEXcode.app/Contents/Resources/sdk/vexv5/libv5rt.a(v5_startup.c.obj)
                0x0000000003800020                vexStartup
                0x0000000003800100                . = ALIGN (0x40)
 *fill*         0x00000000038000d4       0x2c 
 *(.freertos_vectors)
 *(.text)
 *(.text.*)
 .text._ZN3vex13motor_special4spinENS_13directionTypeEdNS_12voltageUnitsE
                0x0000000003800100       0x48 build/src/main.o
                0x0000000003800100                vex::motor_special::spin(vex::directionType, double, vex::voltageUnits)
 .text._Z10autonomousv
                0x0000000003800148        0x4 build/src/main.o
                0x0000000003800148                autonomous()
 *fill*         0x000000000380014c        0x4 
 .text._Z11usercontrolv
                0x0000000003800150      0x210 build/src/main.o
                0x0000000003800150                usercontrol()
 .text.main     0x0000000003800360      0x110 build/src/main.o
                0x0000000003800360                main
 .text._GLOBAL__sub_I_main.cpp
                0x0000000003800470      0x21c build/src/main.o
 .text.vexMain  0x000000000380068c       0xb0 /Applications/VEXcode.app/Contents/Resources/sdk/vexv5/libv5rt.a(v5_startup.c.obj)
                0x000000000380068c                vexMain
 .text.__vex_function_prolog
                0x000000000380073c       0x18 /Applications/VEXcode.app/Contents/Resources/sdk/vexv5/libv5rt.a(v5_startup.c.obj)
                0x000000000380073c                __vex_function_prolog
 .text._init    0x0000000003800754        0x4 /Applications/VEXcode.app/Contents/Resources/sdk/vexv5/libv5rt.a(v5_startup.c.obj)
                0x0000000003800754                _init
 .text._fini    0x0000000003800758        0x4 /Applications/VEXcode.app/Contents/Resources/sdk/vexv5/libv5rt.a(v5_startup.c.obj)
                0x0000000003800758                _fini
 .text.vexStdlibVersionLinked
                0x000000000380075c        0xc /Applications/VEXcode.app/Contents/Resources/sdk/vexv5/libv5rt.a(v5_util.c.obj)
                0x000000000380075c                vexStdlibVersionLinked
 .text.vexStdlibVersionVerify
                0x0000000003800768       0x30 /Applications/VEXcode.app/Contents/Resources/sdk/vexv5/libv5rt.a(v5_util.c.obj)
                0x0000000003800768                vexStdlibVersionVerify
 .text.vexPrivateApiEnable
                0x0000000003800798       0x10 /Applications/VEXcode.app/Contents/Resources/sdk/vexv5/libv5rt.a(v5_apijump.c.obj)
                0x0000000003800798                vexPrivateApiEnable
 .text.vexStdlibMismatchError
                0x00000000038007a8       0x3c /Applications/VEXcode.app/Contents/Resources/sdk/vexv5/libv5rt.a(v5_apijump.c.obj)
                0x00000000038007a8                vexStdlibMismatchError
 .text.vexTaskAdd
                0x00000000038007e4       0x10 /Applications/VEXcode.app/Contents/Resources/sdk/vexv5/libv5rt.a(v5_apijump.c.obj)
                0x00000000038007e4                vexTaskAdd
 .text.vexTaskStop
                0x00000000038007f4       0x10 /Applications/VEXcode.app/Contents/Resources/sdk/vexv5/libv5rt.a(v5_apijump.c.obj)
                0x00000000038007f4                vexTaskStop
 .text.vexTasksRun
                0x0000000003800804       0x10 /Applications/VEXcode.app/Contents/Resources/sdk/vexv5/libv5rt.a(v5_apijump.c.obj)
                0x0000000003800804                vexTasksRun
 .text.vexTaskYield
                0x0000000003800814       0x10 /Applications/VEXcode.app/Contents/Resources/sdk/vexv5/libv5rt.a(v5_apijump.c.obj)
                0x0000000003800814                vexTaskYield
 .text.vexTaskCheckTimeslice
                0x0000000003800824       0x10 /Applications/VEXcode.app/Contents/Resources/sdk/vexv5/libv5rt.a(v5_apijump.c.obj)
                0x0000000003800824                vexTaskCheckTimeslice
 .text.vexTaskSleep
                0x0000000003800834       0x10 /Applications/VEXcode.app/Contents/Resources/sdk/vexv5/libv5rt.a(v5_apijump.c.obj)
                0x0000000003800834                vexTaskSleep
 .text.vexTasksDump
                0x0000000003800844       0x1c /Applications/VEXcode.app/Contents/Resources/sdk/vexv5/libv5rt.a(v5_apijump.c.obj)
                0x0000000003800844                vexTasksDump
 .text.vexTaskGetTaskIndex
                0x0000000003800860       0x10 /Applications/VEXcode.app/Contents/Resources/sdk/vexv5/libv5rt.a(v5_apijump.c.obj)
                0x0000000003800860                vexTaskGetTaskIndex
 .text.vexTaskStopAll
                0x0000000003800870       0x10 /Applications/VEXcode.app/Contents/Resources/sdk/vexv5/libv5rt.a(v5_apijump.c.obj)
                0x0000000003800870                vexTaskStopAll
 .text.vexTaskRemoveAllUser
                0x0000000003800880       0x34 /Applications/VEXcode.app/Contents/Resources/sdk/vexv5/libv5rt.a(v5_apijump.c.obj)
                0x0000000003800880                vexTaskRemoveAllUser
 .text.vexTaskCompletionIdSet
                0x00000000038008b4       0x10 /Applications/VEXcode.app/Contents/Resources/sdk/vexv5/libv5rt.a(v5_apijump.c.obj)
                0x00000000038008b4                vexTaskCompletionIdSet
 .text.vexEventAdd
                0x00000000038008c4       0x34 /Applications/VEXcode.app/Contents/Resources/sdk/vexv5/libv5rt.a(v5_apijump.c.obj)
                0x00000000038008c4                vexEventAdd
 .text.vexEventUserIndexGet
                0x00000000038008f8       0x1c /Applications/VEXcode.app/Contents/Resources/sdk/vexv5/libv5rt.a(v5_apijump.c.obj)
                0x00000000038008f8                vexEventUserIndexGet
 .text.vexEventAddWithArg
                0x0000000003800914       0x3c /Applications/VEXcode.app/Contents/Resources/sdk/vexv5/libv5rt.a(v5_apijump.c.obj)
                0x0000000003800914                vexEventAddWithArg
 .text.vexEventsCleanup
                0x0000000003800950       0x2c /Applications/VEXcode.app/Contents/Resources/sdk/vexv5/libv5rt.a(v5_apijump.c.obj)
                0x0000000003800950                vexEventsCleanup
 .text.vexDebug
                0x000000000380097c       0x38 /Applications/VEXcode.app/Contents/Resources/sdk/vexv5/libv5rt.a(v5_apijump.c.obj)
                0x000000000380097c                vexDebug
 .text.vex_sprintf
                0x00000000038009b4       0x40 /Applications/VEXcode.app/Contents/Resources/sdk/vexv5/libv5rt.a(v5_apijump.c.obj)
                0x00000000038009b4                vex_sprintf
 .text.vexSystemTimeGet
                0x00000000038009f4       0x1c /Applications/VEXcode.app/Contents/Resources/sdk/vexv5/libv5rt.a(v5_apijump.c.obj)
                0x00000000038009f4                vexSystemTimeGet
 .text.vexSystemExitRequest
                0x0000000003800a10       0x1c /Applications/VEXcode.app/Contents/Resources/sdk/vexv5/libv5rt.a(v5_apijump.c.obj)
                0x0000000003800a10                vexSystemExitRequest
 .text.vexDeviceGetByIndex
                0x0000000003800a2c       0x24 /Applications/VEXcode.app/Contents/Resources/sdk/vexv5/libv5rt.a(v5_apijump.c.obj)
                0x0000000003800a2c                vexDeviceGetByIndex
 .text.vexControllerGet
                0x0000000003800a50       0x2c /Applications/VEXcode.app/Contents/Resources/sdk/vexv5/libv5rt.a(v5_apijump.c.obj)
                0x0000000003800a50                vexControllerGet
 .text.vexControllerTextSet
                0x0000000003800a7c       0x74 /Applications/VEXcode.app/Contents/Resources/sdk/vexv5/libv5rt.a(v5_apijump.c.obj)
                0x0000000003800a7c                vexControllerTextSet
 .text.vexDeviceAdiPortConfigSet
                0x0000000003800af0       0x34 /Applications/VEXcode.app/Contents/Resources/sdk/vexv5/libv5rt.a(v5_apijump.c.obj)
                0x0000000003800af0                vexDeviceAdiPortConfigSet
 .text.vexDeviceMotorVelocitySet
                0x0000000003800b24       0x2c /Applications/VEXcode.app/Contents/Resources/sdk/vexv5/libv5rt.a(v5_apijump.c.obj)
                0x0000000003800b24                vexDeviceMotorVelocitySet
 .text.vexDeviceMotorVoltageSet
                0x0000000003800b50       0x2c /Applications/VEXcode.app/Contents/Resources/sdk/vexv5/libv5rt.a(v5_apijump.c.obj)
                0x0000000003800b50                vexDeviceMotorVoltageSet
 .text.vexDeviceMotorActualVelocityGet
                0x0000000003800b7c       0x24 /Applications/VEXcode.app/Contents/Resources/sdk/vexv5/libv5rt.a(v5_apijump.c.obj)
                0x0000000003800b7c                vexDeviceMotorActualVelocityGet
 .text.vexDeviceMotorTemperatureGet
                0x0000000003800ba0       0x24 /Applications/VEXcode.app/Contents/Resources/sdk/vexv5/libv5rt.a(v5_apijump.c.obj)
                0x0000000003800ba0                vexDeviceMotorTemperatureGet
 .text.vexDeviceMotorReverseFlagSet
                0x0000000003800bc4       0x2c /Applications/VEXcode.app/Contents/Resources/sdk/vexv5/libv5rt.a(v5_apijump.c.obj)
                0x0000000003800bc4                vexDeviceMotorReverseFlagSet
 .text.vexDeviceMotorBrakeModeSet
                0x0000000003800bf0       0x2c /Applications/VEXcode.app/Contents/Resources/sdk/vexv5/libv5rt.a(v5_apijump.c.obj)
                0x0000000003800bf0                vexDeviceMotorBrakeModeSet
 .text.vexDeviceMotorPositionSet
                0x0000000003800c1c       0x34 /Applications/VEXcode.app/Contents/Resources/sdk/vexv5/libv5rt.a(v5_apijump.c.obj)
                0x0000000003800c1c                vexDeviceMotorPositionSet
 .text.vexDeviceMotorGearingGet
                0x0000000003800c50       0x24 /Applications/VEXcode.app/Contents/Resources/sdk/vexv5/libv5rt.a(v5_apijump.c.obj)
                0x0000000003800c50                vexDeviceMotorGearingGet
 .text.vexDisplayForegroundColor
                0x0000000003800c74       0x24 /Applications/VEXcode.app/Contents/Resources/sdk/vexv5/libv5rt.a(v5_apijump.c.obj)
                0x0000000003800c74                vexDisplayForegroundColor
 .text.vexDisplayBackgroundColor
                0x0000000003800c98       0x24 /Applications/VEXcode.app/Contents/Resources/sdk/vexv5/libv5rt.a(v5_apijump.c.obj)
                0x0000000003800c98                vexDisplayBackgroundColor
 .text.vexDisplayTextReference
                0x0000000003800cbc       0x24 /Applications/VEXcode.app/Contents/Resources/sdk/vexv5/libv5rt.a(v5_apijump.c.obj)
                0x0000000003800cbc                vexDisplayTextReference
 .text.vexDisplayTextSize
                0x0000000003800ce0       0x2c /Applications/VEXcode.app/Contents/Resources/sdk/vexv5/libv5rt.a(v5_apijump.c.obj)
                0x0000000003800ce0                vexDisplayTextSize
 .text.vexDisplayFontNamedSet
                0x0000000003800d0c       0x24 /Applications/VEXcode.app/Contents/Resources/sdk/vexv5/libv5rt.a(v5_apijump.c.obj)
                0x0000000003800d0c                vexDisplayFontNamedSet
 .text.vexSystemStdlibImpureDataAddr
                0x0000000003800d30       0x28 /Applications/VEXcode.app/Contents/Resources/sdk/vexv5/libv5rt.a(v5_apijump.c.obj)
                0x0000000003800d30                vexSystemStdlibImpureDataAddr
 .text.vexSystemStdlibImpureDataSize
                0x0000000003800d58       0x28 /Applications/VEXcode.app/Contents/Resources/sdk/vexv5/libv5rt.a(v5_apijump.c.obj)
                0x0000000003800d58                vexSystemStdlibImpureDataSize
 .text.vexDisplayThemeIdGet
                0x0000000003800d80       0x38 /Applications/VEXcode.app/Contents/Resources/sdk/vexv5/libv5rt.a(v5_apijump.c.obj)
                0x0000000003800d80                vexDisplayThemeIdGet
 .text.vexDeviceEventMaskSet
                0x0000000003800db8       0x48 /Applications/VEXcode.app/Contents/Resources/sdk/vexv5/libv5rt.a(v5_apijump.c.obj)
                0x0000000003800db8                vexDeviceEventMaskSet
 .text.vexDeviceEventMaskGet
                0x0000000003800e00       0x3c /Applications/VEXcode.app/Contents/Resources/sdk/vexv5/libv5rt.a(v5_apijump.c.obj)
                0x0000000003800e00                vexDeviceEventMaskGet
 .text.vexAdiPortConfigSet
                0x0000000003800e3c       0x28 /Applications/VEXcode.app/Contents/Resources/sdk/vexv5/libv5rt.a(v5_apiuser.c.obj)
                0x0000000003800e3c                vexAdiPortConfigSet
 .text.vexMotorVelocitySet
                0x0000000003800e64       0x20 /Applications/VEXcode.app/Contents/Resources/sdk/vexv5/libv5rt.a(v5_apiuser.c.obj)
                0x0000000003800e64                vexMotorVelocitySet
 .text.vexMotorVoltageSet
                0x0000000003800e84       0x20 /Applications/VEXcode.app/Contents/Resources/sdk/vexv5/libv5rt.a(v5_apiuser.c.obj)
                0x0000000003800e84                vexMotorVoltageSet
 .text.vexMotorActualVelocityGet
                0x0000000003800ea4       0x24 /Applications/VEXcode.app/Contents/Resources/sdk/vexv5/libv5rt.a(v5_apiuser.c.obj)
                0x0000000003800ea4                vexMotorActualVelocityGet
 .text.vexMotorTemperatureGet
                0x0000000003800ec8       0x24 /Applications/VEXcode.app/Contents/Resources/sdk/vexv5/libv5rt.a(v5_apiuser.c.obj)
                0x0000000003800ec8                vexMotorTemperatureGet
 .text.vexMotorReverseFlagSet
                0x0000000003800eec       0x20 /Applications/VEXcode.app/Contents/Resources/sdk/vexv5/libv5rt.a(v5_apiuser.c.obj)
                0x0000000003800eec                vexMotorReverseFlagSet
 .text.vexMotorBrakeModeSet
                0x0000000003800f0c       0x20 /Applications/VEXcode.app/Contents/Resources/sdk/vexv5/libv5rt.a(v5_apiuser.c.obj)
                0x0000000003800f0c                vexMotorBrakeModeSet
 .text.vexMotorPositionSet
                0x0000000003800f2c       0x28 /Applications/VEXcode.app/Contents/Resources/sdk/vexv5/libv5rt.a(v5_apiuser.c.obj)
                0x0000000003800f2c                vexMotorPositionSet
 .text.vexMotorGearingGet
                0x0000000003800f54       0x18 /Applications/VEXcode.app/Contents/Resources/sdk/vexv5/libv5rt.a(v5_apiuser.c.obj)
                0x0000000003800f54                vexMotorGearingGet
 .text.vexEventMaskSet
                0x0000000003800f6c       0x28 /Applications/VEXcode.app/Contents/Resources/sdk/vexv5/libv5rt.a(v5_apiuser.c.obj)
                0x0000000003800f6c                vexEventMaskSet
 .text.vexEventMaskGet
                0x0000000003800f94       0x18 /Applications/VEXcode.app/Contents/Resources/sdk/vexv5/libv5rt.a(v5_apiuser.c.obj)
                0x0000000003800f94                vexEventMaskGet
 .text.vexSystemVersion
                0x0000000003800fac       0x10 /Applications/VEXcode.app/Contents/Resources/sdk/vexv5/libv5rt.a(v5_apiversions.c.obj)
                0x0000000003800fac                vexSystemVersion
 .text.vexStdlibVersion
                0x0000000003800fbc       0x10 /Applications/VEXcode.app/Contents/Resources/sdk/vexv5/libv5rt.a(v5_apiversions.c.obj)
                0x0000000003800fbc                vexStdlibVersion
 .text._ZN3vex5motor9installedEv
                0x0000000003800fcc       0x18 /Applications/VEXcode.app/Contents/Resources/sdk/vexv5/libv5rt.a(vex_motor.cpp.obj)
                0x0000000003800fcc                vex::motor::installed()
 .text._ZN3vex5motorD2Ev
                0x0000000003800fe4       0x20 /Applications/VEXcode.app/Contents/Resources/sdk/vexv5/libv5rt.a(vex_motor.cpp.obj)
                0x0000000003800fe4                vex::motor::~motor()
                0x0000000003800fe4                vex::motor::~motor()
 .text._ZN3vex5motor15defaultStoppingENS_9brakeTypeE
                0x0000000003801004       0x30 /Applications/VEXcode.app/Contents/Resources/sdk/vexv5/libv5rt.a(vex_motor.cpp.obj)
                0x0000000003801004                vex::motor::defaultStopping(vex::brakeType)
 .text._ZN3vex5motorC2El
                0x0000000003801034       0x70 /Applications/VEXcode.app/Contents/Resources/sdk/vexv5/libv5rt.a(vex_motor.cpp.obj)
                0x0000000003801034                vex::motor::motor(long)
                0x0000000003801034                vex::motor::motor(long)
 .text._ZN3vex5motorC2Elb
                0x00000000038010a4       0x24 /Applications/VEXcode.app/Contents/Resources/sdk/vexv5/libv5rt.a(vex_motor.cpp.obj)
                0x00000000038010a4                vex::motor::motor(long, bool)
                0x00000000038010a4                vex::motor::motor(long, bool)
 .text._ZN3vex5motor4stopENS_9brakeTypeE
                0x00000000038010c8       0x30 /Applications/VEXcode.app/Contents/Resources/sdk/vexv5/libv5rt.a(vex_motor.cpp.obj)
                0x00000000038010c8                vex::motor::stop(vex::brakeType)
 .text._ZN3vex5motor4stopEv
                0x00000000038010f8        0x8 /Applications/VEXcode.app/Contents/Resources/sdk/vexv5/libv5rt.a(vex_motor.cpp.obj)
                0x00000000038010f8                vex::motor::stop()
 .text._ZN3vex5motor11temperatureENS_12percentUnitsE
                0x0000000003801100       0x68 /Applications/VEXcode.app/Contents/Resources/sdk/vexv5/libv5rt.a(vex_motor.cpp.obj)
                0x0000000003801100                vex::motor::temperature(vex::percentUnits)
 .text._ZN3vex5motor16velocityToScaledEdNS_13velocityUnitsE
                0x0000000003801168       0x5c /Applications/VEXcode.app/Contents/Resources/sdk/vexv5/libv5rt.a(vex_motor.cpp.obj)
                0x0000000003801168                vex::motor::velocityToScaled(double, vex::velocityUnits)
 .text._ZN3vex5motor8velocityENS_13velocityUnitsE
                0x00000000038011c4       0x30 /Applications/VEXcode.app/Contents/Resources/sdk/vexv5/libv5rt.a(vex_motor.cpp.obj)
                0x00000000038011c4                vex::motor::velocity(vex::velocityUnits)
 .text._ZN3vex5motor5valueEv
                0x00000000038011f4       0x1c /Applications/VEXcode.app/Contents/Resources/sdk/vexv5/libv5rt.a(vex_motor.cpp.obj)
                0x00000000038011f4                vex::motor::value()
 .text.startup._GLOBAL__sub_I__ZN3vex5motorC2El
                0x0000000003801210       0x30 /Applications/VEXcode.app/Contents/Resources/sdk/vexv5/libv5rt.a(vex_motor.cpp.obj)
 .text._ZN3vex10controllerD2Ev
                0x0000000003801240        0x4 /Applications/VEXcode.app/Contents/Resources/sdk/vexv5/libv5rt.a(vex_controller.cpp.obj)
                0x0000000003801240                vex::controller::~controller()
                0x0000000003801240                vex::controller::~controller()
 .text._ZN3vex10controller5valueE19_V5_ControllerIndex
                0x0000000003801244        0x8 /Applications/VEXcode.app/Contents/Resources/sdk/vexv5/libv5rt.a(vex_controller.cpp.obj)
                0x0000000003801244                vex::controller::value(_V5_ControllerIndex)
 .text._ZN3vex10controller6rumbleEPKc
                0x000000000380124c       0x4c /Applications/VEXcode.app/Contents/Resources/sdk/vexv5/libv5rt.a(vex_controller.cpp.obj)
                0x000000000380124c                vex::controller::rumble(char const*)
 .text._ZN3vex10controller6button8pressingEv
                0x0000000003801298       0xc8 /Applications/VEXcode.app/Contents/Resources/sdk/vexv5/libv5rt.a(vex_controller.cpp.obj)
                0x0000000003801298                vex::controller::button::pressing()
 .text._ZN3vex10controller6button21_buttonToPressedEventEv
                0x0000000003801360       0x20 /Applications/VEXcode.app/Contents/Resources/sdk/vexv5/libv5rt.a(vex_controller.cpp.obj)
                0x0000000003801360                vex::controller::button::_buttonToPressedEvent()
 .text._ZN3vex10controller6button22_buttonToReleasedEventEv
                0x0000000003801380       0x20 /Applications/VEXcode.app/Contents/Resources/sdk/vexv5/libv5rt.a(vex_controller.cpp.obj)
                0x0000000003801380                vex::controller::button::_buttonToReleasedEvent()
 .text._ZN3vex10controller6buttonC2ENS0_11tButtonTypeEPS0_
                0x00000000038013a0       0x48 /Applications/VEXcode.app/Contents/Resources/sdk/vexv5/libv5rt.a(vex_controller.cpp.obj)
                0x00000000038013a0                vex::controller::button::button(vex::controller::tButtonType, vex::controller*)
                0x00000000038013a0                vex::controller::button::button(vex::controller::tButtonType, vex::controller*)
 .text._ZN3vex10controller4axis5valueEv
                0x00000000038013e8       0x58 /Applications/VEXcode.app/Contents/Resources/sdk/vexv5/libv5rt.a(vex_controller.cpp.obj)
                0x00000000038013e8                vex::controller::axis::value()
 .text._ZN3vex10controller4axis23_joystickToChangedEventEv
                0x0000000003801440       0x20 /Applications/VEXcode.app/Contents/Resources/sdk/vexv5/libv5rt.a(vex_controller.cpp.obj)
                0x0000000003801440                vex::controller::axis::_joystickToChangedEvent()
 .text._ZN3vex10controller4axisC2ENS0_9tAxisTypeEPS0_
                0x0000000003801460       0x2c /Applications/VEXcode.app/Contents/Resources/sdk/vexv5/libv5rt.a(vex_controller.cpp.obj)
                0x0000000003801460                vex::controller::axis::axis(vex::controller::tAxisType, vex::controller*)
                0x0000000003801460                vex::controller::axis::axis(vex::controller::tAxisType, vex::controller*)
 .text._ZN3vex10controllerC2Ev
                0x000000000380148c      0x204 /Applications/VEXcode.app/Contents/Resources/sdk/vexv5/libv5rt.a(vex_controller.cpp.obj)
                0x000000000380148c                vex::controller::controller()
                0x000000000380148c                vex::controller::controller()
 .text._ZN3vex4taskC2EPFivE
                0x0000000003801690       0x54 /Applications/VEXcode.app/Contents/Resources/sdk/vexv5/libv5rt.a(vex_task.cpp.obj)
                0x0000000003801690                vex::task::task(int (*)())
                0x0000000003801690                vex::task::task(int (*)())
 .text._ZN3vex4taskD2Ev
                0x00000000038016e4        0x4 /Applications/VEXcode.app/Contents/Resources/sdk/vexv5/libv5rt.a(vex_task.cpp.obj)
                0x00000000038016e4                vex::task::~task()
                0x00000000038016e4                vex::task::~task()
 .text._ZN3vex4task4stopEPFivE
                0x00000000038016e8        0xc /Applications/VEXcode.app/Contents/Resources/sdk/vexv5/libv5rt.a(vex_task.cpp.obj)
                0x00000000038016e8                vex::task::stop(int (*)())
 .text._ZN3vex4task5sleepEm
                0x00000000038016f4        0x4 /Applications/VEXcode.app/Contents/Resources/sdk/vexv5/libv5rt.a(vex_task.cpp.obj)
                0x00000000038016f4                vex::task::sleep(unsigned long)
 .text._ZN3vex4task6_indexEPFivE
                0x00000000038016f8       0x14 /Applications/VEXcode.app/Contents/Resources/sdk/vexv5/libv5rt.a(vex_task.cpp.obj)
                0x00000000038016f8                vex::task::_index(int (*)())
 .text._ZN3vex4task8_stopAllEv
                0x000000000380170c       0x3c /Applications/VEXcode.app/Contents/Resources/sdk/vexv5/libv5rt.a(vex_task.cpp.obj)
                0x000000000380170c                vex::task::_stopAll()
 .text._ZN3vex5event4initEmmPFvvE
                0x0000000003801748        0x4 /Applications/VEXcode.app/Contents/Resources/sdk/vexv5/libv5rt.a(vex_event.cpp.obj)
                0x0000000003801748                vex::event::init(unsigned long, unsigned long, void (*)())
 .text._ZN3vex5event4initEmmPFvPvES1_
                0x000000000380174c        0x4 /Applications/VEXcode.app/Contents/Resources/sdk/vexv5/libv5rt.a(vex_event.cpp.obj)
                0x000000000380174c                vex::event::init(unsigned long, unsigned long, void (*)(void*), void*)
 .text._ZN3vex5event9userindexEv
                0x0000000003801750        0x4 /Applications/VEXcode.app/Contents/Resources/sdk/vexv5/libv5rt.a(vex_event.cpp.obj)
                0x0000000003801750                vex::event::userindex()
 .text._ZZN3vex6meventC4EmmENUlvE_4_FUNEv
                0x0000000003801754        0x4 /Applications/VEXcode.app/Contents/Resources/sdk/vexv5/libv5rt.a(vex_mevent.cpp.obj)
 .text._ZN3vex6meventC2Emm
                0x0000000003801758       0x70 /Applications/VEXcode.app/Contents/Resources/sdk/vexv5/libv5rt.a(vex_mevent.cpp.obj)
                0x0000000003801758                vex::mevent::mevent(unsigned long, unsigned long)
                0x0000000003801758                vex::mevent::mevent(unsigned long, unsigned long)
 .text._ZN3vex5brainD2Ev
                0x00000000038017c8       0x20 /Applications/VEXcode.app/Contents/Resources/sdk/vexv5/libv5rt.a(vex_brain.cpp.obj)
                0x00000000038017c8                vex::brain::~brain()
                0x00000000038017c8                vex::brain::~brain()
 .text._ZN3vex5brain9_getIndexEv
                0x00000000038017e8       0x10 /Applications/VEXcode.app/Contents/Resources/sdk/vexv5/libv5rt.a(vex_brain.cpp.obj)
                0x00000000038017e8                vex::brain::_getIndex()
 .text._ZN3vex5brain3lcd9setCursorEll
                0x00000000038017f8       0x44 /Applications/VEXcode.app/Contents/Resources/sdk/vexv5/libv5rt.a(vex_brain.cpp.obj)
                0x00000000038017f8                vex::brain::lcd::setCursor(long, long)
 .text._ZN3vex5brain3lcd7setFontENS_8fontTypeE
                0x000000000380183c      0x228 /Applications/VEXcode.app/Contents/Resources/sdk/vexv5/libv5rt.a(vex_brain.cpp.obj)
                0x000000000380183c                vex::brain::lcd::setFont(vex::fontType)
 .text._ZN3vex5brain3lcdC2Ev
                0x0000000003801a64       0x94 /Applications/VEXcode.app/Contents/Resources/sdk/vexv5/libv5rt.a(vex_brain.cpp.obj)
                0x0000000003801a64                vex::brain::lcd::lcd()
                0x0000000003801a64                vex::brain::lcd::lcd()
 .text._ZN3vex5brainC2Ev
                0x0000000003801af8       0x40 /Applications/VEXcode.app/Contents/Resources/sdk/vexv5/libv5rt.a(vex_brain.cpp.obj)
                0x0000000003801af8                vex::brain::brain()
                0x0000000003801af8                vex::brain::brain()
 .text._ZN3vex11competition8_disableEPv
                0x0000000003801b38       0x9c /Applications/VEXcode.app/Contents/Resources/sdk/vexv5/libv5rt.a(vex_competition.cpp.obj)
                0x0000000003801b38                vex::competition::_disable(void*)
 .text._ZN3vex11competition11_autonomousEv
                0x0000000003801bd4       0x7c /Applications/VEXcode.app/Contents/Resources/sdk/vexv5/libv5rt.a(vex_competition.cpp.obj)
                0x0000000003801bd4                vex::competition::_autonomous()
 .text._ZN3vex11competition14_drivercontrolEv
                0x0000000003801c50       0x7c /Applications/VEXcode.app/Contents/Resources/sdk/vexv5/libv5rt.a(vex_competition.cpp.obj)
                0x0000000003801c50                vex::competition::_drivercontrol()
 .text._ZN3vex11competitionC2Ev
                0x0000000003801ccc      0x13c /Applications/VEXcode.app/Contents/Resources/sdk/vexv5/libv5rt.a(vex_competition.cpp.obj)
                0x0000000003801ccc                vex::competition::competition()
                0x0000000003801ccc                vex::competition::competition()
 .text._ZN3vex11competitionD2Ev
                0x0000000003801e08        0x4 /Applications/VEXcode.app/Contents/Resources/sdk/vexv5/libv5rt.a(vex_competition.cpp.obj)
                0x0000000003801e08                vex::competition::~competition()
                0x0000000003801e08                vex::competition::~competition()
 .text._ZN3vex11competition10autonomousEPFvvE
                0x0000000003801e0c       0x44 /Applications/VEXcode.app/Contents/Resources/sdk/vexv5/libv5rt.a(vex_competition.cpp.obj)
                0x0000000003801e0c                vex::competition::autonomous(void (*)())
 .text._ZN3vex11competition13drivercontrolEPFvvE
                0x0000000003801e50       0x44 /Applications/VEXcode.app/Contents/Resources/sdk/vexv5/libv5rt.a(vex_competition.cpp.obj)
                0x0000000003801e50                vex::competition::drivercontrol(void (*)())
 .text._ZN3vex7triport9installedEv
                0x0000000003801e94       0x18 /Applications/VEXcode.app/Contents/Resources/sdk/vexv5/libv5rt.a(vex_triport.cpp.obj)
                0x0000000003801e94                vex::triport::installed()
 .text._ZN3vex7triportD2Ev
                0x0000000003801eac       0x38 /Applications/VEXcode.app/Contents/Resources/sdk/vexv5/libv5rt.a(vex_triport.cpp.obj)
                0x0000000003801eac                vex::triport::~triport()
                0x0000000003801eac                vex::triport::~triport()
 .text._ZN3vex7triport4portC2ElPS0_
                0x0000000003801ee4       0x90 /Applications/VEXcode.app/Contents/Resources/sdk/vexv5/libv5rt.a(vex_triport.cpp.obj)
                0x0000000003801ee4                vex::triport::port::port(long, vex::triport*)
                0x0000000003801ee4                vex::triport::port::port(long, vex::triport*)
 .text._ZN3vex7triportC2El
                0x0000000003801f74       0xf0 /Applications/VEXcode.app/Contents/Resources/sdk/vexv5/libv5rt.a(vex_triport.cpp.obj)
                0x0000000003801f74                vex::triport::triport(long)
                0x0000000003801f74                vex::triport::triport(long)
 .text.startup._GLOBAL__sub_I__ZN3vex7triportC2El
                0x0000000003802064       0x30 /Applications/VEXcode.app/Contents/Resources/sdk/vexv5/libv5rt.a(vex_triport.cpp.obj)
 .text._ZN3vex5colorD2Ev
                0x0000000003802094        0x4 /Applications/VEXcode.app/Contents/Resources/sdk/vexv5/libv5rt.a(vex_color.cpp.obj)
                0x0000000003802094                vex::color::~color()
                0x0000000003802094                vex::color::~color()
 .text.startup._GLOBAL__sub_I__ZN3vex5color5blackE
                0x0000000003802098      0x164 /Applications/VEXcode.app/Contents/Resources/sdk/vexv5/libv5rt.a(vex_color.cpp.obj)
 .text._ZN3vex5timerD2Ev
                0x00000000038021fc        0x4 /Applications/VEXcode.app/Contents/Resources/sdk/vexv5/libv5rt.a(vex_timer.cpp.obj)
                0x00000000038021fc                vex::timer::~timer()
                0x00000000038021fc                vex::timer::~timer()
 .text._ZN3vex5timer5clearEv
                0x0000000003802200       0x1c /Applications/VEXcode.app/Contents/Resources/sdk/vexv5/libv5rt.a(vex_timer.cpp.obj)
                0x0000000003802200                vex::timer::clear()
 .text._ZN3vex5timerC2Ev
                0x000000000380221c       0x14 /Applications/VEXcode.app/Contents/Resources/sdk/vexv5/libv5rt.a(vex_timer.cpp.obj)
                0x000000000380221c                vex::timer::timer()
                0x000000000380221c                vex::timer::timer()
 .text._ZN3vex6device5valueEv
                0x0000000003802230        0x8 /Applications/VEXcode.app/Contents/Resources/sdk/vexv5/libv5rt.a(vex_device.cpp.obj)
                0x0000000003802230                vex::device::value()
 .text._ZN3vex6deviceD2Ev
                0x0000000003802238        0x4 /Applications/VEXcode.app/Contents/Resources/sdk/vexv5/libv5rt.a(vex_device.cpp.obj)
                0x0000000003802238                vex::device::~device()
                0x0000000003802238                vex::device::~device()
 .text._ZN3vex6device4initEl
                0x000000000380223c       0x30 /Applications/VEXcode.app/Contents/Resources/sdk/vexv5/libv5rt.a(vex_device.cpp.obj)
                0x000000000380223c                vex::device::init(long)
 .text._ZN3vex6deviceC2El
                0x000000000380226c       0x20 /Applications/VEXcode.app/Contents/Resources/sdk/vexv5/libv5rt.a(vex_device.cpp.obj)
                0x000000000380226c                vex::device::device(long)
                0x000000000380226c                vex::device::device(long)
 .text._ZN3vex6device4typeEv
                0x000000000380228c       0x10 /Applications/VEXcode.app/Contents/Resources/sdk/vexv5/libv5rt.a(vex_device.cpp.obj)
                0x000000000380228c                vex::device::type()
 .text._ZN3vex6device9installedEv
                0x000000000380229c       0x14 /Applications/VEXcode.app/Contents/Resources/sdk/vexv5/libv5rt.a(vex_device.cpp.obj)
                0x000000000380229c                vex::device::installed()
 .text.__libc_fini_array
                0x00000000038022b0       0x30 /Applications/VEXcode.app/Contents/Resources/sdk/vexv5/gcc/libs/libc.a(lib_a-fini.o)
                0x00000000038022b0                __libc_fini_array
 .text.__libc_init_array
                0x00000000038022e0       0x58 /Applications/VEXcode.app/Contents/Resources/sdk/vexv5/gcc/libs/libc.a(lib_a-init.o)
                0x00000000038022e0                __libc_init_array
 .text.__libc_init_array.__stub
                0x0000000003802338       0x18 linker stubs
 *(.gnu.linkonce.t.*)
 *(.plt)
 *(.gnu_warning)
 *(.gcc_except_table)
 *(.glue_7)
 .glue_7        0x0000000003802350        0x0 linker stubs
 *(.glue_7t)
 .glue_7t       0x0000000003802350        0x0 linker stubs
 *(.vfp11_veneer)
 .vfp11_veneer  0x0000000003802350        0x0 linker stubs
 *(.ARM.extab)
 *(.gnu.linkonce.armextab.*)

.v4_bx          0x0000000003802350        0x0
 .v4_bx         0x0000000003802350        0x0 linker stubs

.iplt           0x0000000003802350        0x0
 .iplt          0x0000000003802350        0x0 build/src/main.o

.init
 *(.init)

.fini
 *(.fini)

.rodata         0x0000000003802350       0xcc
                0x0000000003802350                __rodata_start = .
 *(.rodata)
 *(.rodata.*)
 .rodata.str1.1
                0x0000000003802350        0x2 build/src/main.o
 *fill*         0x0000000003802352        0x2 
 .rodata._ZTVN3vex13motor_specialE
                0x0000000003802354       0x10 build/src/main.o
                0x0000000003802354                vtable for vex::motor_special
 .rodata.str1.1
                0x0000000003802364       0x2e /Applications/VEXcode.app/Contents/Resources/sdk/vexv5/libv5rt.a(v5_startup.c.obj)
 *fill*         0x0000000003802392        0x2 
 .rodata._ZN3vex6PORT22E
                0x0000000003802394        0x4 /Applications/VEXcode.app/Contents/Resources/sdk/vexv5/libv5rt.a(vex_global.cpp.obj)
                0x0000000003802394                vex::PORT22
 .rodata._ZN3vex5PORT2E
                0x0000000003802398        0x4 /Applications/VEXcode.app/Contents/Resources/sdk/vexv5/libv5rt.a(vex_global.cpp.obj)
                0x0000000003802398                vex::PORT2
 .rodata._ZN3vex5PORT1E
                0x000000000380239c        0x4 /Applications/VEXcode.app/Contents/Resources/sdk/vexv5/libv5rt.a(vex_global.cpp.obj)
                0x000000000380239c                vex::PORT1
 .rodata._ZN3vex5PORT9E
                0x00000000038023a0        0x4 /Applications/VEXcode.app/Contents/Resources/sdk/vexv5/libv5rt.a(vex_global.cpp.obj)
                0x00000000038023a0                vex::PORT9
 .rodata._ZN3vex6PORT10E
                0x00000000038023a4        0x4 /Applications/VEXcode.app/Contents/Resources/sdk/vexv5/libv5rt.a(vex_global.cpp.obj)
                0x00000000038023a4                vex::PORT10
 .rodata._ZTVN3vex5motorE
                0x00000000038023a8       0x10 /Applications/VEXcode.app/Contents/Resources/sdk/vexv5/libv5rt.a(vex_motor.cpp.obj)
                0x00000000038023a8                vtable for vex::motor
 .rodata.CSWTCH.15
                0x00000000038023b8        0xb /Applications/VEXcode.app/Contents/Resources/sdk/vexv5/libv5rt.a(vex_controller.cpp.obj)
 .rodata.CSWTCH.17
                0x00000000038023c3        0xb /Applications/VEXcode.app/Contents/Resources/sdk/vexv5/libv5rt.a(vex_controller.cpp.obj)
 .rodata.CSWTCH.23
                0x00000000038023ce        0x3 /Applications/VEXcode.app/Contents/Resources/sdk/vexv5/libv5rt.a(vex_controller.cpp.obj)
 .rodata.str1.1
                0x00000000038023d1        0xa /Applications/VEXcode.app/Contents/Resources/sdk/vexv5/libv5rt.a(vex_task.cpp.obj)
 .rodata.str1.1
                0x00000000038023db       0x1a /Applications/VEXcode.app/Contents/Resources/sdk/vexv5/libv5rt.a(vex_brain.cpp.obj)
 *fill*         0x00000000038023f5        0x3 
 .rodata._ZTVN3vex7triportE
                0x00000000038023f8       0x10 /Applications/VEXcode.app/Contents/Resources/sdk/vexv5/libv5rt.a(vex_triport.cpp.obj)
                0x00000000038023f8                vtable for vex::triport
 .rodata._ZTVN3vex6deviceE
                0x0000000003802408       0x10 /Applications/VEXcode.app/Contents/Resources/sdk/vexv5/libv5rt.a(vex_device.cpp.obj)
                0x0000000003802408                vtable for vex::device
 .rodata.str1.4
                0x0000000003802418        0x4 /Applications/VEXcode.app/Contents/Resources/sdk/vexv5/gcc/libs/libc.a(lib_a-impure.o)
                                          0x2 (size before relaxing)
 *(.gnu.linkonce.r.*)
                0x000000000380241c                __rodata_end = .

.rodata1        0x000000000380241c        0x0
                0x000000000380241c                __rodata1_start = .
 *(.rodata1)
 *(.rodata1.*)
                0x000000000380241c                __rodata1_end = .

.sdata2         0x000000000380241c        0x0
                0x000000000380241c                __sdata2_start = .
 *(.sdata2)
 *(.sdata2.*)
 *(.gnu.linkonce.s2.*)
                0x000000000380241c                __sdata2_end = .

.sbss2          0x000000000380241c        0x0
                0x000000000380241c                __sbss2_start = .
 *(.sbss2)
 *(.sbss2.*)
 *(.gnu.linkonce.sb2.*)
                0x000000000380241c                __sbss2_end = .

.data           0x0000000003802420      0x444
                0x0000000003802420                __data_start = .
 *(.data)
 *(.data.*)
 .data.turnSpeed
                0x0000000003802420        0x8 build/src/main.o
                0x0000000003802420                turnSpeed
 .data.straightSpeed
                0x0000000003802428        0x8 build/src/main.o
                0x0000000003802428                straightSpeed
 .data.appRunning
                0x0000000003802430        0x4 /Applications/VEXcode.app/Contents/Resources/sdk/vexv5/libv5rt.a(v5_startup.c.obj)
                0x0000000003802430                appRunning
 *fill*         0x0000000003802434        0x4 
 .data.impure_data
                0x0000000003802438      0x428 /Applications/VEXcode.app/Contents/Resources/sdk/vexv5/gcc/libs/libc.a(lib_a-impure.o)
 .data._impure_ptr
                0x0000000003802860        0x4 /Applications/VEXcode.app/Contents/Resources/sdk/vexv5/gcc/libs/libc.a(lib_a-impure.o)
                0x0000000003802860                _impure_ptr
 *(.gnu.linkonce.d.*)
 *(.jcr)
 *(.got)
 *(.got.plt)
                0x0000000003802864                __data_end = .

.igot.plt       0x0000000003802864        0x0
 .igot.plt      0x0000000003802864        0x0 build/src/main.o

.data1          0x0000000003802864        0x0
                0x0000000003802864                __data1_start = .
 *(.data1)
 *(.data1.*)
                0x0000000003802864                __data1_end = .

.got
 *(.got)

.ctors          0x0000000003802864        0x0
                0x0000000003802864                __CTOR_LIST__ = .
                0x0000000003802864                ___CTORS_LIST___ = .
 *crtbegin.o(.ctors)
 *(EXCLUDE_FILE(*crtend.o) .ctors)
 *(SORT_BY_NAME(.ctors.*))
 *(.ctors)
                0x0000000003802864                __CTOR_END__ = .
                0x0000000003802864                ___CTORS_END___ = .

.dtors          0x0000000003802864        0x0
                0x0000000003802864                __DTOR_LIST__ = .
                0x0000000003802864                ___DTORS_LIST___ = .
 *crtbegin.o(.dtors)
 *(EXCLUDE_FILE(*crtend.o) .dtors)
 *(SORT_BY_NAME(.dtors.*))
 *(.dtors)
                0x0000000003802864                __DTOR_END__ = .
                0x0000000003802864                ___DTORS_END___ = .

.fixup          0x0000000003802864        0x0
                0x0000000003802864                __fixup_start = .
 *(.fixup)
                0x0000000003802864                __fixup_end = .

.eh_frame
 *(.eh_frame)

.eh_framehdr    0x0000000003802864        0x0
                0x0000000003802864                __eh_framehdr_start = .
 *(.eh_framehdr)
                0x0000000003802864                __eh_framehdr_end = .

.gcc_except_table
 *(.gcc_except_table)

.mmu_tbl        0x0000000003804000        0x0
                0x0000000003804000                __mmu_tbl_start = .
 *(.mmu_tbl)
                0x0000000003804000                __mmu_tbl_end = .

.ARM.exidx      0x0000000003802864        0x8
                0x0000000003802864                __exidx_start = .
 *(.ARM.exidx*)
 .ARM.exidx.text._ZN3vex13motor_special4spinENS_13directionTypeEdNS_12voltageUnitsE
                0x0000000003802864        0x8 build/src/main.o
 .ARM.exidx.text._Z10autonomousv
                0x000000000380286c        0x0 build/src/main.o
                                          0x8 (size before relaxing)
 .ARM.exidx.text._Z11usercontrolv
                0x000000000380286c        0x0 build/src/main.o
                                          0x8 (size before relaxing)
 .ARM.exidx.text.main
                0x000000000380286c        0x0 build/src/main.o
                                          0x8 (size before relaxing)
 .ARM.exidx.text._GLOBAL__sub_I_main.cpp
                0x000000000380286c        0x0 build/src/main.o
                                          0x8 (size before relaxing)
 *(.gnu.linkonce.armexidix.*.*)
                0x000000000380286c                __exidx_end = .

.rel.dyn        0x000000000380286c        0x0
 .rel.iplt      0x000000000380286c        0x0 build/src/main.o

.preinit_array  0x000000000380286c        0x0
                0x000000000380286c                __preinit_array_start = .
 *(SORT_BY_NAME(.preinit_array.*))
 *(.preinit_array)
                0x000000000380286c                __preinit_array_end = .

.init_array     0x000000000380286c       0x10
                0x000000000380286c                __init_array_start = .
 *(SORT_BY_NAME(.init_array.*))
 *(.init_array)
 .init_array    0x000000000380286c        0x4 build/src/main.o
 .init_array    0x0000000003802870        0x4 /Applications/VEXcode.app/Contents/Resources/sdk/vexv5/libv5rt.a(vex_motor.cpp.obj)
 .init_array    0x0000000003802874        0x4 /Applications/VEXcode.app/Contents/Resources/sdk/vexv5/libv5rt.a(vex_triport.cpp.obj)
 .init_array    0x0000000003802878        0x4 /Applications/VEXcode.app/Contents/Resources/sdk/vexv5/libv5rt.a(vex_color.cpp.obj)
                0x000000000380287c                __init_array_end = .

.fini_array     0x000000000380287c        0x0
                0x000000000380287c                __fini_array_start = .
 *(SORT_BY_NAME(.fini_array.*))
 *(.fini_array)
                0x000000000380287c                __fini_array_end = .

.ARM.attributes
                0x000000000380287c       0x3c
                0x000000000380287c                __ARM.attributes_start = .
 *(.ARM.attributes)
 .ARM.attributes
                0x000000000380287c       0x3a build/src/main.o
 .ARM.attributes
                0x00000000038028b6       0x35 /Applications/VEXcode.app/Contents/Resources/sdk/vexv5/libv5rt.a(v5_startup.c.obj)
 .ARM.attributes
                0x00000000038028eb       0x35 /Applications/VEXcode.app/Contents/Resources/sdk/vexv5/libv5rt.a(v5_util.c.obj)
 .ARM.attributes
                0x0000000003802920       0x35 /Applications/VEXcode.app/Contents/Resources/sdk/vexv5/libv5rt.a(v5_apijump.c.obj)
 .ARM.attributes
                0x0000000003802955       0x35 /Applications/VEXcode.app/Contents/Resources/sdk/vexv5/libv5rt.a(v5_apiuser.c.obj)
 .ARM.attributes
                0x000000000380298a       0x35 /Applications/VEXcode.app/Contents/Resources/sdk/vexv5/libv5rt.a(v5_apiversions.c.obj)
 .ARM.attributes
                0x00000000038029bf       0x35 /Applications/VEXcode.app/Contents/Resources/sdk/vexv5/libv5rt.a(vex_global.cpp.obj)
 .ARM.attributes
                0x00000000038029f4       0x35 /Applications/VEXcode.app/Contents/Resources/sdk/vexv5/libv5rt.a(vex_motor.cpp.obj)
 .ARM.attributes
                0x0000000003802a29       0x35 /Applications/VEXcode.app/Contents/Resources/sdk/vexv5/libv5rt.a(vex_controller.cpp.obj)
 .ARM.attributes
                0x0000000003802a5e       0x35 /Applications/VEXcode.app/Contents/Resources/sdk/vexv5/libv5rt.a(vex_task.cpp.obj)
 .ARM.attributes
                0x0000000003802a93       0x35 /Applications/VEXcode.app/Contents/Resources/sdk/vexv5/libv5rt.a(vex_event.cpp.obj)
 .ARM.attributes
                0x0000000003802ac8       0x35 /Applications/VEXcode.app/Contents/Resources/sdk/vexv5/libv5rt.a(vex_mevent.cpp.obj)
 .ARM.attributes
                0x0000000003802afd       0x35 /Applications/VEXcode.app/Contents/Resources/sdk/vexv5/libv5rt.a(vex_brain.cpp.obj)
 .ARM.attributes
                0x0000000003802b32       0x35 /Applications/VEXcode.app/Contents/Resources/sdk/vexv5/libv5rt.a(vex_competition.cpp.obj)
 .ARM.attributes
                0x0000000003802b67       0x35 /Applications/VEXcode.app/Contents/Resources/sdk/vexv5/libv5rt.a(vex_triport.cpp.obj)
 .ARM.attributes
                0x0000000003802b9c       0x35 /Applications/VEXcode.app/Contents/Resources/sdk/vexv5/libv5rt.a(vex_color.cpp.obj)
 .ARM.attributes
                0x0000000003802bd1       0x35 /Applications/VEXcode.app/Contents/Resources/sdk/vexv5/libv5rt.a(vex_timer.cpp.obj)
 .ARM.attributes
                0x0000000003802c06       0x35 /Applications/VEXcode.app/Contents/Resources/sdk/vexv5/libv5rt.a(vex_device.cpp.obj)
 .ARM.attributes
                0x0000000003802c3b       0x2b /Applications/VEXcode.app/Contents/Resources/sdk/vexv5/gcc/libs/libc.a(lib_a-fini.o)
 .ARM.attributes
                0x0000000003802c66       0x2b /Applications/VEXcode.app/Contents/Resources/sdk/vexv5/gcc/libs/libc.a(lib_a-impure.o)
 .ARM.attributes
                0x0000000003802c91       0x2b /Applications/VEXcode.app/Contents/Resources/sdk/vexv5/gcc/libs/libc.a(lib_a-init.o)
                0x0000000003802cbc                __ARM.attributes_end = .

.sdata          0x000000000380287c        0x0
                0x000000000380287c                __sdata_start = .
 *(.sdata)
 *(.sdata.*)
 *(.gnu.linkonce.s.*)
                0x000000000380287c                __sdata_end = .

.sbss           0x000000000380287c        0x0
                0x000000000380287c                __sbss_start = .
 *(.sbss)
 *(.sbss.*)
 *(.gnu.linkonce.sb.*)
                0x000000000380287c                __sbss_end = .

.tdata          0x000000000380287c        0x0
                0x000000000380287c                __tdata_start = .
 *(.tdata)
 *(.tdata.*)
 *(.gnu.linkonce.td.*)
                0x000000000380287c                __tdata_end = .

.tbss           0x000000000380287c        0x0
                0x000000000380287c                __tbss_start = .
 *(.tbss)
 *(.tbss.*)
 *(.gnu.linkonce.tb.*)
                0x000000000380287c                __tbss_end = .

.bss            0x000000000380287c      0x6ad
                0x000000000380287c                __bss_start = .
 *(.bss)
 *(.bss.*)
 .bss.Brain     0x000000000380287c      0x2e0 build/src/main.o
                0x000000000380287c                Brain
 .bss.Controller1
                0x0000000003802b5c      0x1e0 build/src/main.o
                0x0000000003802b5c                Controller1
 .bss.Lwheel2   0x0000000003802d3c       0x28 build/src/main.o
                0x0000000003802d3c                Lwheel2
 .bss.Lwheel    0x0000000003802d64       0x28 build/src/main.o
                0x0000000003802d64                Lwheel
 .bss.Rwheel2   0x0000000003802d8c       0x28 build/src/main.o
                0x0000000003802d8c                Rwheel2
 .bss.Rwheel    0x0000000003802db4       0x28 build/src/main.o
                0x0000000003802db4                Rwheel
 .bss.RF        0x0000000003802ddc       0x2c build/src/main.o
                0x0000000003802ddc                RF
 .bss.RB        0x0000000003802e08       0x2c build/src/main.o
                0x0000000003802e08                RB
 .bss.LF        0x0000000003802e34       0x2c build/src/main.o
                0x0000000003802e34                LF
 .bss.LB        0x0000000003802e60       0x2c build/src/main.o
                0x0000000003802e60                LB
 .bss.Competition
                0x0000000003802e8c       0x28 build/src/main.o
                0x0000000003802e8c                Competition
 .bss.brakeVar  0x0000000003802eb4        0x4 build/src/main.o
                0x0000000003802eb4                brakeVar
 .bss.__dso_handle
                0x0000000003802eb8        0x4 /Applications/VEXcode.app/Contents/Resources/sdk/vexv5/libv5rt.a(v5_startup.c.obj)
                0x0000000003802eb8                __dso_handle
 .bss.lastTime.8075
                0x0000000003802ebc        0x4 /Applications/VEXcode.app/Contents/Resources/sdk/vexv5/libv5rt.a(v5_apijump.c.obj)
 .bss._ZStL8__ioinit
                0x0000000003802ec0        0x1 /Applications/VEXcode.app/Contents/Resources/sdk/vexv5/libv5rt.a(vex_motor.cpp.obj)
 *fill*         0x0000000003802ec1        0x3 
 .bss._ZN3vex4task8_labelIdE
                0x0000000003802ec4        0x4 /Applications/VEXcode.app/Contents/Resources/sdk/vexv5/libv5rt.a(vex_task.cpp.obj)
                0x0000000003802ec4                vex::task::_labelId
 .bss._ZN3vex11competition22bStopTasksBetweenModesE
                0x0000000003802ec8        0x1 /Applications/VEXcode.app/Contents/Resources/sdk/vexv5/libv5rt.a(vex_competition.cpp.obj)
                0x0000000003802ec8                vex::competition::bStopTasksBetweenModes
 .bss._ZN3vex11competition25bStopAllTasksBetweenModesE
                0x0000000003802ec9        0x1 /Applications/VEXcode.app/Contents/Resources/sdk/vexv5/libv5rt.a(vex_competition.cpp.obj)
                0x0000000003802ec9                vex::competition::bStopAllTasksBetweenModes
 .bss._ZN3vex11competition14_auton_pendingE
                0x0000000003802eca        0x1 /Applications/VEXcode.app/Contents/Resources/sdk/vexv5/libv5rt.a(vex_competition.cpp.obj)
                0x0000000003802eca                vex::competition::_auton_pending
 *fill*         0x0000000003802ecb        0x1 
 .bss._ZN3vex11competition20_autonomous_callbackE
                0x0000000003802ecc        0x4 /Applications/VEXcode.app/Contents/Resources/sdk/vexv5/libv5rt.a(vex_competition.cpp.obj)
                0x0000000003802ecc                vex::competition::_autonomous_callback
 .bss._ZN3vex11competition23_drivercontrol_callbackE
                0x0000000003802ed0        0x4 /Applications/VEXcode.app/Contents/Resources/sdk/vexv5/libv5rt.a(vex_competition.cpp.obj)
                0x0000000003802ed0                vex::competition::_drivercontrol_callback
 .bss._ZN3vex11competition15_driver_pendingE
                0x0000000003802ed4        0x1 /Applications/VEXcode.app/Contents/Resources/sdk/vexv5/libv5rt.a(vex_competition.cpp.obj)
                0x0000000003802ed4                vex::competition::_driver_pending
 .bss._ZStL8__ioinit
                0x0000000003802ed5        0x1 /Applications/VEXcode.app/Contents/Resources/sdk/vexv5/libv5rt.a(vex_triport.cpp.obj)
 *fill*         0x0000000003802ed6        0x2 
 .bss._ZN3vex5color6orangeE
                0x0000000003802ed8        0x8 /Applications/VEXcode.app/Contents/Resources/sdk/vexv5/libv5rt.a(vex_color.cpp.obj)
                0x0000000003802ed8                vex::color::orange
 .bss._ZN3vex5color5blackE
                0x0000000003802ee0        0x8 /Applications/VEXcode.app/Contents/Resources/sdk/vexv5/libv5rt.a(vex_color.cpp.obj)
                0x0000000003802ee0                vex::color::black
 .bss._ZN3vex5color6yellowE
                0x0000000003802ee8        0x8 /Applications/VEXcode.app/Contents/Resources/sdk/vexv5/libv5rt.a(vex_color.cpp.obj)
                0x0000000003802ee8                vex::color::yellow
 .bss._ZN3vex5color5greenE
                0x0000000003802ef0        0x8 /Applications/VEXcode.app/Contents/Resources/sdk/vexv5/libv5rt.a(vex_color.cpp.obj)
                0x0000000003802ef0                vex::color::green
 .bss._ZN3vex5color6purpleE
                0x0000000003802ef8        0x8 /Applications/VEXcode.app/Contents/Resources/sdk/vexv5/libv5rt.a(vex_color.cpp.obj)
                0x0000000003802ef8                vex::color::purple
 .bss._ZN3vex5color4cyanE
                0x0000000003802f00        0x8 /Applications/VEXcode.app/Contents/Resources/sdk/vexv5/libv5rt.a(vex_color.cpp.obj)
                0x0000000003802f00                vex::color::cyan
 .bss._ZN3vex5color4blueE
                0x0000000003802f08        0x8 /Applications/VEXcode.app/Contents/Resources/sdk/vexv5/libv5rt.a(vex_color.cpp.obj)
                0x0000000003802f08                vex::color::blue
 .bss._ZN3vex5color3redE
                0x0000000003802f10        0x8 /Applications/VEXcode.app/Contents/Resources/sdk/vexv5/libv5rt.a(vex_color.cpp.obj)
                0x0000000003802f10                vex::color::red
 .bss._ZN3vex5color11transparentE
                0x0000000003802f18        0x8 /Applications/VEXcode.app/Contents/Resources/sdk/vexv5/libv5rt.a(vex_color.cpp.obj)
                0x0000000003802f18                vex::color::transparent
 .bss._ZN3vex5color5whiteE
                0x0000000003802f20        0x8 /Applications/VEXcode.app/Contents/Resources/sdk/vexv5/libv5rt.a(vex_color.cpp.obj)
                0x0000000003802f20                vex::color::white
 *(.gnu.linkonce.b.*)
 *(COMMON)
 COMMON         0x0000000003802f28        0x1 /Applications/VEXcode.app/Contents/Resources/sdk/vexv5/libv5rt.a(v5_startup.c.obj)
                0x0000000003802f28                __vex_critical_section
                0x0000000003802f29                __bss_end = .
                0x000000000380287c                _SDA_BASE_ = (__sdata_start + ((__sbss_end - __sdata_start) / 0x2))
                0x000000000380241c                _SDA2_BASE_ = (__sdata2_start + ((__sbss2_end - __sdata2_start) / 0x2))

.heap           0x0000000003802f29   0x100007
                0x0000000003802f30                . = ALIGN (0x10)
 *fill*         0x0000000003802f29        0x7 
                0x0000000003802f30                _heap = .
                0x0000000003802f30                HeapBase = .
                0x0000000003802f30                _heap_start = .
                0x0000000003902f30                . = (. + _HEAP_SIZE)
 *fill*         0x0000000003802f30   0x100000 
                0x0000000003902f30                _heap_end = .
                0x0000000003902f30                HeapLimit = .

.stack          0x0000000003902f30     0x3800
                0x0000000003902f30                . = ALIGN (0x10)
                0x0000000003902f30                _stack_end = .
                0x0000000003904f30                . = (. + _STACK_SIZE)
 *fill*         0x0000000003902f30     0x2000 
                0x0000000003904f30                . = ALIGN (0x10)
                0x0000000003904f30                _stack = .
                0x0000000003904f30                __stack = _stack
                0x0000000003904f30                . = ALIGN (0x10)
                0x0000000003904f30                _irq_stack_end = .
                0x0000000003905330                . = (. + _IRQ_STACK_SIZE)
 *fill*         0x0000000003904f30      0x400 
                0x0000000003905330                . = ALIGN (0x10)
                0x0000000003905330                __irq_stack = .
                0x0000000003905330                _supervisor_stack_end = .
                0x0000000003905b30                . = (. + _SUPERVISOR_STACK_SIZE)
 *fill*         0x0000000003905330      0x800 
                0x0000000003905b30                . = ALIGN (0x10)
                0x0000000003905b30                __supervisor_stack = .
                0x0000000003905b30                _abort_stack_end = .
                0x0000000003905f30                . = (. + _ABORT_STACK_SIZE)
 *fill*         0x0000000003905b30      0x400 
                0x0000000003905f30                . = ALIGN (0x10)
                0x0000000003905f30                __abort_stack = .
                0x0000000003905f30                _fiq_stack_end = .
                0x0000000003906330                . = (. + _FIQ_STACK_SIZE)
 *fill*         0x0000000003905f30      0x400 
                0x0000000003906330                . = ALIGN (0x10)
                0x0000000003906330                __fiq_stack = .
                0x0000000003906330                _undef_stack_end = .
                0x0000000003906730                . = (. + _UNDEF_STACK_SIZE)
 *fill*         0x0000000003906330      0x400 
                0x0000000003906730                . = ALIGN (0x10)
                0x0000000003906730                __undef_stack = .
                0x0000000003906730                _end = .
LOAD /Applications/VEXcode.app/Contents/Resources/sdk/vexv5/stdlib_0.lib
LOAD build/src/main.o
START GROUP
LOAD /Applications/VEXcode.app/Contents/Resources/sdk/vexv5/libv5rt.a
LOAD /Applications/VEXcode.app/Contents/Resources/sdk/vexv5/gcc/libs/libstdc++.a
LOAD /Applications/VEXcode.app/Contents/Resources/sdk/vexv5/gcc/libs/libc.a
LOAD /Applications/VEXcode.app/Contents/Resources/sdk/vexv5/gcc/libs/libm.a
LOAD /Applications/VEXcode.app/Contents/Resources/sdk/vexv5/gcc/libs/libgcc.a
END GROUP
OUTPUT(build/ArcadeDriveTest.elf elf32-littlearm)

.comment        0x0000000000000000       0x9d
 .comment       0x0000000000000000       0x2d build/src/main.o
                                         0x2e (size before relaxing)
 .comment       0x000000000000002d       0x70 /Applications/VEXcode.app/Contents/Resources/sdk/vexv5/libv5rt.a(v5_startup.c.obj)
                                         0x71 (size before relaxing)
 .comment       0x000000000000009d       0x71 /Applications/VEXcode.app/Contents/Resources/sdk/vexv5/libv5rt.a(v5_util.c.obj)
 .comment       0x000000000000009d       0x71 /Applications/VEXcode.app/Contents/Resources/sdk/vexv5/libv5rt.a(v5_apijump.c.obj)
 .comment       0x000000000000009d       0x71 /Applications/VEXcode.app/Contents/Resources/sdk/vexv5/libv5rt.a(v5_apiuser.c.obj)
 .comment       0x000000000000009d       0x71 /Applications/VEXcode.app/Contents/Resources/sdk/vexv5/libv5rt.a(v5_apiversions.c.obj)
 .comment       0x000000000000009d       0x71 /Applications/VEXcode.app/Contents/Resources/sdk/vexv5/libv5rt.a(vex_global.cpp.obj)
 .comment       0x000000000000009d       0x71 /Applications/VEXcode.app/Contents/Resources/sdk/vexv5/libv5rt.a(vex_motor.cpp.obj)
 .comment       0x000000000000009d       0x71 /Applications/VEXcode.app/Contents/Resources/sdk/vexv5/libv5rt.a(vex_controller.cpp.obj)
 .comment       0x000000000000009d       0x71 /Applications/VEXcode.app/Contents/Resources/sdk/vexv5/libv5rt.a(vex_task.cpp.obj)
 .comment       0x000000000000009d       0x71 /Applications/VEXcode.app/Contents/Resources/sdk/vexv5/libv5rt.a(vex_event.cpp.obj)
 .comment       0x000000000000009d       0x71 /Applications/VEXcode.app/Contents/Resources/sdk/vexv5/libv5rt.a(vex_mevent.cpp.obj)
 .comment       0x000000000000009d       0x71 /Applications/VEXcode.app/Contents/Resources/sdk/vexv5/libv5rt.a(vex_brain.cpp.obj)
 .comment       0x000000000000009d       0x71 /Applications/VEXcode.app/Contents/Resources/sdk/vexv5/libv5rt.a(vex_competition.cpp.obj)
 .comment       0x000000000000009d       0x71 /Applications/VEXcode.app/Contents/Resources/sdk/vexv5/libv5rt.a(vex_triport.cpp.obj)
 .comment       0x000000000000009d       0x71 /Applications/VEXcode.app/Contents/Resources/sdk/vexv5/libv5rt.a(vex_color.cpp.obj)
 .comment       0x000000000000009d       0x71 /Applications/VEXcode.app/Contents/Resources/sdk/vexv5/libv5rt.a(vex_timer.cpp.obj)
 .comment       0x000000000000009d       0x71 /Applications/VEXcode.app/Contents/Resources/sdk/vexv5/libv5rt.a(vex_device.cpp.obj)

.note.GNU-stack
                0x0000000000000000        0x0
 .note.GNU-stack
                0x0000000000000000        0x0 build/src/main.o

.debug_frame    0x0000000000000000       0x60
 .debug_frame   0x0000000000000000       0x34 /Applications/VEXcode.app/Contents/Resources/sdk/vexv5/gcc/libs/libc.a(lib_a-fini.o)
 .debug_frame   0x0000000000000034       0x2c /Applications/VEXcode.app/Contents/Resources/sdk/vexv5/gcc/libs/libc.a(lib_a-init.o)
