Archive member included to satisfy reference by file (symbol)

/Applications/VEXcode.app/Contents/Resources/sdk/vexv5/libv5rt.a(v5_startup.c.obj)
                              (vexStartup)
/Applications/VEXcode.app/Contents/Resources/sdk/vexv5/libv5rt.a(v5_util.c.obj)
                              /Applications/VEXcode.app/Contents/Resources/sdk/vexv5/libv5rt.a(v5_startup.c.obj) (vexStdlibVersionLinked)
/Applications/VEXcode.app/Contents/Resources/sdk/vexv5/libv5rt.a(v5_apijump.c.obj)
                              /Applications/VEXcode.app/Contents/Resources/sdk/vexv5/libv5rt.a(v5_startup.c.obj) (vexPrivateApiEnable)
/Applications/VEXcode.app/Contents/Resources/sdk/vexv5/libv5rt.a(v5_apiuser.c.obj)
                              build/src/main.o (vexMotorVoltageSet)
/Applications/VEXcode.app/Contents/Resources/sdk/vexv5/libv5rt.a(v5_apiversions.c.obj)
                              /Applications/VEXcode.app/Contents/Resources/sdk/vexv5/libv5rt.a(v5_apijump.c.obj) (vexSystemVersion)
/Applications/VEXcode.app/Contents/Resources/sdk/vexv5/libv5rt.a(vex_global.cpp.obj)
                              build/src/main.o (vex::blue)
/Applications/VEXcode.app/Contents/Resources/sdk/vexv5/libv5rt.a(vex_motor.cpp.obj)
                              build/src/main.o (vex::motor::installed())
/Applications/VEXcode.app/Contents/Resources/sdk/vexv5/libv5rt.a(vex_controller.cpp.obj)
                              build/src/main.o (vex::controller::~controller())
/Applications/VEXcode.app/Contents/Resources/sdk/vexv5/libv5rt.a(vex_task.cpp.obj)
                              build/src/main.o (vex::task::sleep(unsigned long))
/Applications/VEXcode.app/Contents/Resources/sdk/vexv5/libv5rt.a(vex_event.cpp.obj)
                              /Applications/VEXcode.app/Contents/Resources/sdk/vexv5/libv5rt.a(vex_controller.cpp.obj) (vex::event::init(unsigned long, unsigned long, void (*)()))
/Applications/VEXcode.app/Contents/Resources/sdk/vexv5/libv5rt.a(vex_mevent.cpp.obj)
                              /Applications/VEXcode.app/Contents/Resources/sdk/vexv5/libv5rt.a(vex_controller.cpp.obj) (vex::mevent::mevent(unsigned long, unsigned long))
/Applications/VEXcode.app/Contents/Resources/sdk/vexv5/libv5rt.a(vex_brain.cpp.obj)
                              build/src/main.o (vex::brain::~brain())
/Applications/VEXcode.app/Contents/Resources/sdk/vexv5/libv5rt.a(vex_competition.cpp.obj)
                              build/src/main.o (vex::competition::competition())
/Applications/VEXcode.app/Contents/Resources/sdk/vexv5/libv5rt.a(vex_triport.cpp.obj)
                              /Applications/VEXcode.app/Contents/Resources/sdk/vexv5/libv5rt.a(vex_brain.cpp.obj) (vex::triport::~triport())
/Applications/VEXcode.app/Contents/Resources/sdk/vexv5/libv5rt.a(vex_color.cpp.obj)
                              /Applications/VEXcode.app/Contents/Resources/sdk/vexv5/libv5rt.a(vex_brain.cpp.obj) (vex::color::operator unsigned long() const)
/Applications/VEXcode.app/Contents/Resources/sdk/vexv5/libv5rt.a(vex_timer.cpp.obj)
                              build/src/main.o (vex::timer::~timer())
/Applications/VEXcode.app/Contents/Resources/sdk/vexv5/libv5rt.a(vex_device.cpp.obj)
                              /Applications/VEXcode.app/Contents/Resources/sdk/vexv5/libv5rt.a(vex_triport.cpp.obj) (vex::device::value())
/Applications/VEXcode.app/Contents/Resources/sdk/vexv5/gcc/libs/libc.a(lib_a-fini.o)
                              /Applications/VEXcode.app/Contents/Resources/sdk/vexv5/libv5rt.a(v5_startup.c.obj) (__libc_fini_array)
/Applications/VEXcode.app/Contents/Resources/sdk/vexv5/gcc/libs/libc.a(lib_a-impure.o)
                              /Applications/VEXcode.app/Contents/Resources/sdk/vexv5/libv5rt.a(v5_startup.c.obj) (_impure_ptr)
/Applications/VEXcode.app/Contents/Resources/sdk/vexv5/gcc/libs/libc.a(lib_a-init.o)
                              /Applications/VEXcode.app/Contents/Resources/sdk/vexv5/libv5rt.a(v5_startup.c.obj) (__libc_init_array)
/Applications/VEXcode.app/Contents/Resources/sdk/vexv5/gcc/libs/libc.a(lib_a-tolower.o)
                              /Applications/VEXcode.app/Contents/Resources/sdk/vexv5/libv5rt.a(vex_brain.cpp.obj) (tolower)
/Applications/VEXcode.app/Contents/Resources/sdk/vexv5/gcc/libs/libc.a(lib_a-ctype_.o)
                              /Applications/VEXcode.app/Contents/Resources/sdk/vexv5/gcc/libs/libc.a(lib_a-tolower.o) (__ctype_ptr__)

Allocating common symbols
Common symbol       size              file

__vex_critical_section
                    0x1               /Applications/VEXcode.app/Contents/Resources/sdk/vexv5/libv5rt.a(v5_startup.c.obj)

Discarded input sections

 .text          0x0000000000000000        0x0 build/src/main.o
 .text._Z6getLUpv
                0x0000000000000000       0x10 build/src/main.o
 .ARM.exidx.text._Z6getLUpv
                0x0000000000000000        0x8 build/src/main.o
 .text._Z6getRUpv
                0x0000000000000000       0x10 build/src/main.o
 .ARM.exidx.text._Z6getRUpv
[...]
Memory Configuration

Name             Origin             Length             Attributes
ps7_ddr_0_S_AXI_BASEADDR 0x0000000003800000 0x0000000004800000
*default*        0x0000000000000000 0xffffffffffffffff

Linker script and memory map

                0x0000000000002000                _STACK_SIZE = DEFINED (_STACK_SIZE)?_STACK_SIZE:0x2000
                0x0000000000100000                _HEAP_SIZE = DEFINED (_HEAP_SIZE)?_HEAP_SIZE:0x100000
                0x0000000000000400                _ABORT_STACK_SIZE = DEFINED (_ABORT_STACK_SIZE)?_ABORT_STACK_SIZE:0x400
                0x0000000000000800                _SUPERVISOR_STACK_SIZE = DEFINED (_SUPERVISOR_STACK_SIZE)?_SUPERVISOR_STACK_SIZE:0x800
                0x0000000000000400                _IRQ_STACK_SIZE = DEFINED (_IRQ_STACK_SIZE)?_IRQ_STACK_SIZE:0x400
                0x0000000000000400                _FIQ_STACK_SIZE = DEFINED (_FIQ_STACK_SIZE)?_FIQ_STACK_SIZE:0x400
                0x0000000000000400                _UNDEF_STACK_SIZE = DEFINED (_UNDEF_STACK_SIZE)?_UNDEF_STACK_SIZE:0x400

.text           0x0000000003800000     0x5410
 *(.vectors)
 *(.boot_data)
 .boot_data     0x0000000003800000       0x20 /Applications/VEXcode.app/Contents/Resources/sdk/vexv5/libv5rt.a(v5_startup.c.obj)
                0x0000000003800000                vexCodeSig
                0x0000000000000020                . = 0x20
 *(.boot)
 .boot          0x0000000003800020       0xbc /Applications/VEXcode.app/Contents/Resources/sdk/vexv5/libv5rt.a(v5_startup.c.obj)
                0x0000000003800020                vexStartup
                0x0000000003800100                . = ALIGN (0x40)
 *fill*         0x00000000038000dc       0x24 
 *(.freertos_vectors)
 *(.text)
 *(.text.*)
 .text._Z13baseBrakeHoldi
                0x0000000003800100       0x50 build/src/main.o
                0x0000000003800100                baseBrakeHold(int)
 .text._Z14baseBrakeCoasti
                0x0000000003800150       0x50 build/src/main.o
                0x0000000003800150                baseBrakeCoast(int)
 .text._Z6govoltfff
                0x00000000038001a0       0xe0 build/src/main.o
                0x00000000038001a0                govolt(float, float, float)
 .text._ZN3vex13motor_special4spinENS_13directionTypeEdNS_12voltageUnitsE
                0x0000000003800280       0x48 build/src/main.o
                0x0000000003800280                vex::motor_special::spin(vex::directionType, double, vex::voltageUnits)
 .text._Z8movebasei
                0x00000000038002c8       0x94 build/src/main.o
                0x00000000038002c8                movebase(int)
 .text._Z10intakeMoveidd
                0x000000000380035c       0x88 build/src/main.o
                0x000000000380035c                intakeMove(int, double, double)
 .text._Z6upMoveidd
                0x00000000038003e4       0xb0 build/src/main.o
                0x00000000038003e4                upMove(int, double, double)
 .text._Z14stopEverythingv
                0x0000000003800494       0x8c build/src/main.o
                0x0000000003800494                stopEverything()
 .text._Z7routined
                0x0000000003800520       0xd8 build/src/main.o
                0x0000000003800520                routine(double)
 .text._Z3goHddd
                0x00000000038005f8       0x98 build/src/main.o
                0x00000000038005f8                goH(double, double, double)
 .text._Z7goSidesdddddd
                0x0000000003800690      0x120 build/src/main.o
                0x0000000003800690                goSides(double, double, double, double, double, double)
 .text._Z11turnEncoderddd
                0x00000000038007b0      0x100 build/src/main.o
                0x00000000038007b0                turnEncoder(double, double, double)
 .text._Z2upif  0x00000000038008b0       0x6c build/src/main.o
                0x00000000038008b0                up(int, float)
 .text._Z6upGoUpddd
                0x000000000380091c      0x20c build/src/main.o
                0x000000000380091c                upGoUp(double, double, double)
 .text._Z3gooidddd
                0x0000000003800b28      0x210 build/src/main.o
                0x0000000003800b28                goo(int, double, double, double, double)
 .text._Z8goOldPIDffddf
                0x0000000003800d38      0x25c build/src/main.o
                0x0000000003800d38                goOldPID(float, float, double, double, float)
 .text._Z15autoColorSelectv
                0x0000000003800f94       0xe0 build/src/main.o
                0x0000000003800f94                autoColorSelect()
 *fill*         0x0000000003801074        0x4 
 .text._Z7runAutoiib
                0x0000000003801078     0x14a8 build/src/main.o
                0x0000000003801078                runAuto(int, int, bool)
 .text._Z10autonomousv
                0x0000000003802520       0x10 build/src/main.o
                0x0000000003802520                autonomous()
 .text._Z11usercontrolv
                0x0000000003802530      0x368 build/src/main.o
                0x0000000003802530                usercontrol()
 .text.main     0x0000000003802898      0x2e0 build/src/main.o
                0x0000000003802898                main
 .text._GLOBAL__sub_I_main.cpp
                0x0000000003802b78      0x350 build/src/main.o
 .text.vexMain  0x0000000003802ec8       0xb0 /Applications/VEXcode.app/Contents/Resources/sdk/vexv5/libv5rt.a(v5_startup.c.obj)
                0x0000000003802ec8                vexMain
 .text.__vex_function_prolog
                0x0000000003802f78       0x18 /Applications/VEXcode.app/Contents/Resources/sdk/vexv5/libv5rt.a(v5_startup.c.obj)
                0x0000000003802f78                __vex_function_prolog
 .text._init    0x0000000003802f90        0x4 /Applications/VEXcode.app/Contents/Resources/sdk/vexv5/libv5rt.a(v5_startup.c.obj)
                0x0000000003802f90                _init
 .text._fini    0x0000000003802f94        0x4 /Applications/VEXcode.app/Contents/Resources/sdk/vexv5/libv5rt.a(v5_startup.c.obj)
                0x0000000003802f94                _fini
 .text.vexStdlibVersionLinked
                0x0000000003802f98        0xc /Applications/VEXcode.app/Contents/Resources/sdk/vexv5/libv5rt.a(v5_util.c.obj)
                0x0000000003802f98                vexStdlibVersionLinked
 .text.vexStdlibVersionVerify
                0x0000000003802fa4       0x30 /Applications/VEXcode.app/Contents/Resources/sdk/vexv5/libv5rt.a(v5_util.c.obj)
                0x0000000003802fa4                vexStdlibVersionVerify
 .text.vexPrivateApiEnable
                0x0000000003802fd4       0x10 /Applications/VEXcode.app/Contents/Resources/sdk/vexv5/libv5rt.a(v5_apijump.c.obj)
                0x0000000003802fd4                vexPrivateApiEnable
 .text.vexStdlibMismatchError
                0x0000000003802fe4       0x3c /Applications/VEXcode.app/Contents/Resources/sdk/vexv5/libv5rt.a(v5_apijump.c.obj)
                0x0000000003802fe4                vexStdlibMismatchError
 .text.vexTaskAdd
                0x0000000003803020       0x10 /Applications/VEXcode.app/Contents/Resources/sdk/vexv5/libv5rt.a(v5_apijump.c.obj)
                0x0000000003803020                vexTaskAdd
 .text.vexTaskStop
                0x0000000003803030       0x10 /Applications/VEXcode.app/Contents/Resources/sdk/vexv5/libv5rt.a(v5_apijump.c.obj)
                0x0000000003803030                vexTaskStop
 .text.vexTasksRun
                0x0000000003803040       0x10 /Applications/VEXcode.app/Contents/Resources/sdk/vexv5/libv5rt.a(v5_apijump.c.obj)
                0x0000000003803040                vexTasksRun
 .text.vexTaskYield
                0x0000000003803050       0x10 /Applications/VEXcode.app/Contents/Resources/sdk/vexv5/libv5rt.a(v5_apijump.c.obj)
                0x0000000003803050                vexTaskYield
 .text.vexTaskCheckTimeslice
                0x0000000003803060       0x10 /Applications/VEXcode.app/Contents/Resources/sdk/vexv5/libv5rt.a(v5_apijump.c.obj)
                0x0000000003803060                vexTaskCheckTimeslice
 .text.vexTaskSleep
                0x0000000003803070       0x10 /Applications/VEXcode.app/Contents/Resources/sdk/vexv5/libv5rt.a(v5_apijump.c.obj)
                0x0000000003803070                vexTaskSleep
 .text.vexTasksDump
                0x0000000003803080       0x1c /Applications/VEXcode.app/Contents/Resources/sdk/vexv5/libv5rt.a(v5_apijump.c.obj)
                0x0000000003803080                vexTasksDump
 .text.vexTaskGetTaskIndex
                0x000000000380309c       0x10 /Applications/VEXcode.app/Contents/Resources/sdk/vexv5/libv5rt.a(v5_apijump.c.obj)
                0x000000000380309c                vexTaskGetTaskIndex
 .text.vexTaskStopAll
                0x00000000038030ac       0x10 /Applications/VEXcode.app/Contents/Resources/sdk/vexv5/libv5rt.a(v5_apijump.c.obj)
                0x00000000038030ac                vexTaskStopAll
 .text.vexTaskRemoveAllUser
                0x00000000038030bc       0x34 /Applications/VEXcode.app/Contents/Resources/sdk/vexv5/libv5rt.a(v5_apijump.c.obj)
                0x00000000038030bc                vexTaskRemoveAllUser
 .text.vexTaskCompletionIdSet
                0x00000000038030f0       0x10 /Applications/VEXcode.app/Contents/Resources/sdk/vexv5/libv5rt.a(v5_apijump.c.obj)
                0x00000000038030f0                vexTaskCompletionIdSet
 .text.vexCriticalSection
                0x0000000003803100       0x2c /Applications/VEXcode.app/Contents/Resources/sdk/vexv5/libv5rt.a(v5_apijump.c.obj)
                0x0000000003803100                vexCriticalSection
 .text.vexEventAdd
                0x000000000380312c       0x34 /Applications/VEXcode.app/Contents/Resources/sdk/vexv5/libv5rt.a(v5_apijump.c.obj)
                0x000000000380312c                vexEventAdd
 .text.vexEventUserIndexGet
                0x0000000003803160       0x1c /Applications/VEXcode.app/Contents/Resources/sdk/vexv5/libv5rt.a(v5_apijump.c.obj)
                0x0000000003803160                vexEventUserIndexGet
 .text.vexEventAddWithArg
                0x000000000380317c       0x3c /Applications/VEXcode.app/Contents/Resources/sdk/vexv5/libv5rt.a(v5_apijump.c.obj)
                0x000000000380317c                vexEventAddWithArg
 .text.vexEventsCleanup
                0x00000000038031b8       0x2c /Applications/VEXcode.app/Contents/Resources/sdk/vexv5/libv5rt.a(v5_apijump.c.obj)
                0x00000000038031b8                vexEventsCleanup
 .text.vexDebug
                0x00000000038031e4       0x38 /Applications/VEXcode.app/Contents/Resources/sdk/vexv5/libv5rt.a(v5_apijump.c.obj)
                0x00000000038031e4                vexDebug
 .text.vex_sprintf
                0x000000000380321c       0x40 /Applications/VEXcode.app/Contents/Resources/sdk/vexv5/libv5rt.a(v5_apijump.c.obj)
                0x000000000380321c                vex_sprintf
 .text.vex_vsnprintf
                0x000000000380325c       0x3c /Applications/VEXcode.app/Contents/Resources/sdk/vexv5/libv5rt.a(v5_apijump.c.obj)
                0x000000000380325c                vex_vsnprintf
 .text.vexSystemTimeGet
                0x0000000003803298       0x1c /Applications/VEXcode.app/Contents/Resources/sdk/vexv5/libv5rt.a(v5_apijump.c.obj)
                0x0000000003803298                vexSystemTimeGet
 .text.vexSystemExitRequest
                0x00000000038032b4       0x1c /Applications/VEXcode.app/Contents/Resources/sdk/vexv5/libv5rt.a(v5_apijump.c.obj)
                0x00000000038032b4                vexSystemExitRequest
 .text.vexDeviceGetByIndex
                0x00000000038032d0       0x24 /Applications/VEXcode.app/Contents/Resources/sdk/vexv5/libv5rt.a(v5_apijump.c.obj)
                0x00000000038032d0                vexDeviceGetByIndex
 .text.vexControllerGet
                0x00000000038032f4       0x2c /Applications/VEXcode.app/Contents/Resources/sdk/vexv5/libv5rt.a(v5_apijump.c.obj)
                0x00000000038032f4                vexControllerGet
 .text.vexControllerTextSet
                0x0000000003803320       0x74 /Applications/VEXcode.app/Contents/Resources/sdk/vexv5/libv5rt.a(v5_apijump.c.obj)
                0x0000000003803320                vexControllerTextSet
 .text.vexDeviceAdiPortConfigSet
                0x0000000003803394       0x34 /Applications/VEXcode.app/Contents/Resources/sdk/vexv5/libv5rt.a(v5_apijump.c.obj)
                0x0000000003803394                vexDeviceAdiPortConfigSet
 .text.vexDeviceMotorVelocitySet
                0x00000000038033c8       0x2c /Applications/VEXcode.app/Contents/Resources/sdk/vexv5/libv5rt.a(v5_apijump.c.obj)
                0x00000000038033c8                vexDeviceMotorVelocitySet
 .text.vexDeviceMotorVoltageSet
                0x00000000038033f4       0x2c /Applications/VEXcode.app/Contents/Resources/sdk/vexv5/libv5rt.a(v5_apijump.c.obj)
                0x00000000038033f4                vexDeviceMotorVoltageSet
 .text.vexDeviceMotorActualVelocityGet
                0x0000000003803420       0x24 /Applications/VEXcode.app/Contents/Resources/sdk/vexv5/libv5rt.a(v5_apijump.c.obj)
                0x0000000003803420                vexDeviceMotorActualVelocityGet
 .text.vexDeviceMotorTemperatureGet
                0x0000000003803444       0x24 /Applications/VEXcode.app/Contents/Resources/sdk/vexv5/libv5rt.a(v5_apijump.c.obj)
                0x0000000003803444                vexDeviceMotorTemperatureGet
 .text.vexDeviceMotorZeroPositionFlagGet
                0x0000000003803468       0x24 /Applications/VEXcode.app/Contents/Resources/sdk/vexv5/libv5rt.a(v5_apijump.c.obj)
                0x0000000003803468                vexDeviceMotorZeroPositionFlagGet
 .text.vexDeviceMotorReverseFlagSet
                0x000000000380348c       0x2c /Applications/VEXcode.app/Contents/Resources/sdk/vexv5/libv5rt.a(v5_apijump.c.obj)
                0x000000000380348c                vexDeviceMotorReverseFlagSet
 .text.vexDeviceMotorEncoderUnitsSet
                0x00000000038034b8       0x2c /Applications/VEXcode.app/Contents/Resources/sdk/vexv5/libv5rt.a(v5_apijump.c.obj)
                0x00000000038034b8                vexDeviceMotorEncoderUnitsSet
 .text.vexDeviceMotorBrakeModeSet
                0x00000000038034e4       0x2c /Applications/VEXcode.app/Contents/Resources/sdk/vexv5/libv5rt.a(v5_apijump.c.obj)
                0x00000000038034e4                vexDeviceMotorBrakeModeSet
 .text.vexDeviceMotorPositionSet
                0x0000000003803510       0x34 /Applications/VEXcode.app/Contents/Resources/sdk/vexv5/libv5rt.a(v5_apijump.c.obj)
                0x0000000003803510                vexDeviceMotorPositionSet
 .text.vexDeviceMotorPositionGet
                0x0000000003803544       0x24 /Applications/VEXcode.app/Contents/Resources/sdk/vexv5/libv5rt.a(v5_apijump.c.obj)
                0x0000000003803544                vexDeviceMotorPositionGet
 .text.vexDeviceMotorRelativeTargetSet
                0x0000000003803568       0x3c /Applications/VEXcode.app/Contents/Resources/sdk/vexv5/libv5rt.a(v5_apijump.c.obj)
                0x0000000003803568                vexDeviceMotorRelativeTargetSet
 .text.vexDeviceMotorGearingGet
                0x00000000038035a4       0x24 /Applications/VEXcode.app/Contents/Resources/sdk/vexv5/libv5rt.a(v5_apijump.c.obj)
                0x00000000038035a4                vexDeviceMotorGearingGet
 .text.vexDisplayForegroundColor
                0x00000000038035c8       0x24 /Applications/VEXcode.app/Contents/Resources/sdk/vexv5/libv5rt.a(v5_apijump.c.obj)
                0x00000000038035c8                vexDisplayForegroundColor
 .text.vexDisplayBackgroundColor
                0x00000000038035ec       0x24 /Applications/VEXcode.app/Contents/Resources/sdk/vexv5/libv5rt.a(v5_apijump.c.obj)
                0x00000000038035ec                vexDisplayBackgroundColor
 .text.vexDisplayBackgroundColorGet
                0x0000000003803610       0x1c /Applications/VEXcode.app/Contents/Resources/sdk/vexv5/libv5rt.a(v5_apijump.c.obj)
                0x0000000003803610                vexDisplayBackgroundColorGet
 .text.vexDisplayRectDraw
                0x000000000380362c       0x4c /Applications/VEXcode.app/Contents/Resources/sdk/vexv5/libv5rt.a(v5_apijump.c.obj)
                0x000000000380362c                vexDisplayRectDraw
 .text.vexDisplayRectClear
                0x0000000003803678       0x4c /Applications/VEXcode.app/Contents/Resources/sdk/vexv5/libv5rt.a(v5_apijump.c.obj)
                0x0000000003803678                vexDisplayRectClear
 .text.vexDisplayTextReference
                0x00000000038036c4       0x24 /Applications/VEXcode.app/Contents/Resources/sdk/vexv5/libv5rt.a(v5_apijump.c.obj)
                0x00000000038036c4                vexDisplayTextReference
 .text.vexDisplayTextSize
                0x00000000038036e8       0x2c /Applications/VEXcode.app/Contents/Resources/sdk/vexv5/libv5rt.a(v5_apijump.c.obj)
                0x00000000038036e8                vexDisplayTextSize
 .text.vexDisplayFontNamedSet
                0x0000000003803714       0x24 /Applications/VEXcode.app/Contents/Resources/sdk/vexv5/libv5rt.a(v5_apijump.c.obj)
                0x0000000003803714                vexDisplayFontNamedSet
 .text.vexDisplayPenSizeGet
                0x0000000003803738       0x1c /Applications/VEXcode.app/Contents/Resources/sdk/vexv5/libv5rt.a(v5_apijump.c.obj)
                0x0000000003803738                vexDisplayPenSizeGet
 .text.vexSystemStdlibImpureDataAddr
                0x0000000003803754       0x28 /Applications/VEXcode.app/Contents/Resources/sdk/vexv5/libv5rt.a(v5_apijump.c.obj)
                0x0000000003803754                vexSystemStdlibImpureDataAddr
 .text.vexSystemStdlibImpureDataSize
                0x000000000380377c       0x28 /Applications/VEXcode.app/Contents/Resources/sdk/vexv5/libv5rt.a(v5_apijump.c.obj)
                0x000000000380377c                vexSystemStdlibImpureDataSize
 .text.vexSystemSaveUserData
                0x00000000038037a4       0x3c /Applications/VEXcode.app/Contents/Resources/sdk/vexv5/libv5rt.a(v5_apijump.c.obj)
                0x00000000038037a4                vexSystemSaveUserData
 .text.vexTouchDataGet
                0x00000000038037e0       0x10 /Applications/VEXcode.app/Contents/Resources/sdk/vexv5/libv5rt.a(v5_apijump.c.obj)
                0x00000000038037e0                vexTouchDataGet
 .text.vexDisplayThemeIdGet
                0x00000000038037f0       0x38 /Applications/VEXcode.app/Contents/Resources/sdk/vexv5/libv5rt.a(v5_apijump.c.obj)
                0x00000000038037f0                vexDisplayThemeIdGet
 .text.vexDeviceEventMaskSet
                0x0000000003803828       0x48 /Applications/VEXcode.app/Contents/Resources/sdk/vexv5/libv5rt.a(v5_apijump.c.obj)
                0x0000000003803828                vexDeviceEventMaskSet
 .text.vexDeviceEventMaskGet
                0x0000000003803870       0x3c /Applications/VEXcode.app/Contents/Resources/sdk/vexv5/libv5rt.a(v5_apijump.c.obj)
                0x0000000003803870                vexDeviceEventMaskGet
 .text.vexAdiPortConfigSet
                0x00000000038038ac       0x28 /Applications/VEXcode.app/Contents/Resources/sdk/vexv5/libv5rt.a(v5_apiuser.c.obj)
                0x00000000038038ac                vexAdiPortConfigSet
 .text.vexMotorVelocitySet
                0x00000000038038d4       0x20 /Applications/VEXcode.app/Contents/Resources/sdk/vexv5/libv5rt.a(v5_apiuser.c.obj)
                0x00000000038038d4                vexMotorVelocitySet
 .text.vexMotorVoltageSet
                0x00000000038038f4       0x20 /Applications/VEXcode.app/Contents/Resources/sdk/vexv5/libv5rt.a(v5_apiuser.c.obj)
                0x00000000038038f4                vexMotorVoltageSet
 .text.vexMotorActualVelocityGet
                0x0000000003803914       0x24 /Applications/VEXcode.app/Contents/Resources/sdk/vexv5/libv5rt.a(v5_apiuser.c.obj)
                0x0000000003803914                vexMotorActualVelocityGet
 .text.vexMotorTemperatureGet
                0x0000000003803938       0x24 /Applications/VEXcode.app/Contents/Resources/sdk/vexv5/libv5rt.a(v5_apiuser.c.obj)
                0x0000000003803938                vexMotorTemperatureGet
 .text.vexMotorZeroPositionFlagGet
                0x000000000380395c       0x18 /Applications/VEXcode.app/Contents/Resources/sdk/vexv5/libv5rt.a(v5_apiuser.c.obj)
                0x000000000380395c                vexMotorZeroPositionFlagGet
 .text.vexMotorReverseFlagSet
                0x0000000003803974       0x20 /Applications/VEXcode.app/Contents/Resources/sdk/vexv5/libv5rt.a(v5_apiuser.c.obj)
                0x0000000003803974                vexMotorReverseFlagSet
 .text.vexMotorEncoderUnitsSet
                0x0000000003803994       0x20 /Applications/VEXcode.app/Contents/Resources/sdk/vexv5/libv5rt.a(v5_apiuser.c.obj)
                0x0000000003803994                vexMotorEncoderUnitsSet
 .text.vexMotorBrakeModeSet
                0x00000000038039b4       0x20 /Applications/VEXcode.app/Contents/Resources/sdk/vexv5/libv5rt.a(v5_apiuser.c.obj)
                0x00000000038039b4                vexMotorBrakeModeSet
 .text.vexMotorPositionSet
                0x00000000038039d4       0x28 /Applications/VEXcode.app/Contents/Resources/sdk/vexv5/libv5rt.a(v5_apiuser.c.obj)
                0x00000000038039d4                vexMotorPositionSet
 .text.vexMotorPositionGet
                0x00000000038039fc       0x24 /Applications/VEXcode.app/Contents/Resources/sdk/vexv5/libv5rt.a(v5_apiuser.c.obj)
                0x00000000038039fc                vexMotorPositionGet
 .text.vexMotorRelativeTargetSet
                0x0000000003803a20       0x30 /Applications/VEXcode.app/Contents/Resources/sdk/vexv5/libv5rt.a(v5_apiuser.c.obj)
                0x0000000003803a20                vexMotorRelativeTargetSet
 .text.vexMotorGearingGet
                0x0000000003803a50       0x18 /Applications/VEXcode.app/Contents/Resources/sdk/vexv5/libv5rt.a(v5_apiuser.c.obj)
                0x0000000003803a50                vexMotorGearingGet
 .text.vexEventMaskSet
                0x0000000003803a68       0x28 /Applications/VEXcode.app/Contents/Resources/sdk/vexv5/libv5rt.a(v5_apiuser.c.obj)
                0x0000000003803a68                vexEventMaskSet
 .text.vexEventMaskGet
                0x0000000003803a90       0x18 /Applications/VEXcode.app/Contents/Resources/sdk/vexv5/libv5rt.a(v5_apiuser.c.obj)
                0x0000000003803a90                vexEventMaskGet
 .text.vexSystemVersion
                0x0000000003803aa8       0x10 /Applications/VEXcode.app/Contents/Resources/sdk/vexv5/libv5rt.a(v5_apiversions.c.obj)
                0x0000000003803aa8                vexSystemVersion
 .text.vexStdlibVersion
                0x0000000003803ab8       0x10 /Applications/VEXcode.app/Contents/Resources/sdk/vexv5/libv5rt.a(v5_apiversions.c.obj)
                0x0000000003803ab8                vexStdlibVersion
 .text._ZN3vex5motor9installedEv
                0x0000000003803ac8       0x18 /Applications/VEXcode.app/Contents/Resources/sdk/vexv5/libv5rt.a(vex_motor.cpp.obj)
                0x0000000003803ac8                vex::motor::installed()
 .text._ZN3vex5motorD2Ev
                0x0000000003803ae0       0x20 /Applications/VEXcode.app/Contents/Resources/sdk/vexv5/libv5rt.a(vex_motor.cpp.obj)
                0x0000000003803ae0                vex::motor::~motor()
                0x0000000003803ae0                vex::motor::~motor()
 .text._ZN3vex5motor15defaultStoppingENS_9brakeTypeE
                0x0000000003803b00       0x30 /Applications/VEXcode.app/Contents/Resources/sdk/vexv5/libv5rt.a(vex_motor.cpp.obj)
                0x0000000003803b00                vex::motor::defaultStopping(vex::brakeType)
 .text._ZN3vex5motorC2El
                0x0000000003803b30       0x70 /Applications/VEXcode.app/Contents/Resources/sdk/vexv5/libv5rt.a(vex_motor.cpp.obj)
                0x0000000003803b30                vex::motor::motor(long)
                0x0000000003803b30                vex::motor::motor(long)
 .text._ZN3vex5motorC2Elb
                0x0000000003803ba0       0x24 /Applications/VEXcode.app/Contents/Resources/sdk/vexv5/libv5rt.a(vex_motor.cpp.obj)
                0x0000000003803ba0                vex::motor::motor(long, bool)
                0x0000000003803ba0                vex::motor::motor(long, bool)
 .text._ZN3vex5motor10isSpinningEv
                0x0000000003803bc4       0x38 /Applications/VEXcode.app/Contents/Resources/sdk/vexv5/libv5rt.a(vex_motor.cpp.obj)
                0x0000000003803bc4                vex::motor::isSpinning()
 .text._ZN3vex5motor4stopENS_9brakeTypeE
                0x0000000003803bfc       0x30 /Applications/VEXcode.app/Contents/Resources/sdk/vexv5/libv5rt.a(vex_motor.cpp.obj)
                0x0000000003803bfc                vex::motor::stop(vex::brakeType)
 .text._ZN3vex5motor4stopEv
                0x0000000003803c2c        0x8 /Applications/VEXcode.app/Contents/Resources/sdk/vexv5/libv5rt.a(vex_motor.cpp.obj)
                0x0000000003803c2c                vex::motor::stop()
 *fill*         0x0000000003803c34        0x4 
 .text._ZN3vex5motor11temperatureENS_12percentUnitsE
                0x0000000003803c38       0x68 /Applications/VEXcode.app/Contents/Resources/sdk/vexv5/libv5rt.a(vex_motor.cpp.obj)
                0x0000000003803c38                vex::motor::temperature(vex::percentUnits)
 .text._ZN3vex5motor16velocityToScaledEdNS_13velocityUnitsE
                0x0000000003803ca0       0x5c /Applications/VEXcode.app/Contents/Resources/sdk/vexv5/libv5rt.a(vex_motor.cpp.obj)
                0x0000000003803ca0                vex::motor::velocityToScaled(double, vex::velocityUnits)
 .text._ZN3vex5motor8velocityENS_13velocityUnitsE
                0x0000000003803cfc       0x30 /Applications/VEXcode.app/Contents/Resources/sdk/vexv5/libv5rt.a(vex_motor.cpp.obj)
                0x0000000003803cfc                vex::motor::velocity(vex::velocityUnits)
 .text._ZN3vex5motor5valueEv
                0x0000000003803d2c       0x1c /Applications/VEXcode.app/Contents/Resources/sdk/vexv5/libv5rt.a(vex_motor.cpp.obj)
                0x0000000003803d2c                vex::motor::value()
 .text._ZN3vex5motor16scaledToVelocityEdNS_13velocityUnitsE
                0x0000000003803d48       0xa4 /Applications/VEXcode.app/Contents/Resources/sdk/vexv5/libv5rt.a(vex_motor.cpp.obj)
                0x0000000003803d48                vex::motor::scaledToVelocity(double, vex::velocityUnits)
 .text._ZN3vex5motor4spinENS_13directionTypeEdNS_13velocityUnitsE
                0x0000000003803dec       0x5c /Applications/VEXcode.app/Contents/Resources/sdk/vexv5/libv5rt.a(vex_motor.cpp.obj)
                0x0000000003803dec                vex::motor::spin(vex::directionType, double, vex::velocityUnits)
 .text._ZN3vex5motor16setRotationUnitsENS_13rotationUnitsE
                0x0000000003803e48       0x1c /Applications/VEXcode.app/Contents/Resources/sdk/vexv5/libv5rt.a(vex_motor.cpp.obj)
                0x0000000003803e48                vex::motor::setRotationUnits(vex::rotationUnits)
 .text._ZN3vex5motor11setRotationEdNS_13rotationUnitsE
                0x0000000003803e64       0x44 /Applications/VEXcode.app/Contents/Resources/sdk/vexv5/libv5rt.a(vex_motor.cpp.obj)
                0x0000000003803e64                vex::motor::setRotation(double, vex::rotationUnits)
 .text._ZN3vex5motor13resetRotationEv
                0x0000000003803ea8       0x20 /Applications/VEXcode.app/Contents/Resources/sdk/vexv5/libv5rt.a(vex_motor.cpp.obj)
                0x0000000003803ea8                vex::motor::resetRotation()
 .text._ZN3vex5motor9rotateForEdNS_13rotationUnitsEdNS_13velocityUnitsEb
                0x0000000003803ec8       0xe0 /Applications/VEXcode.app/Contents/Resources/sdk/vexv5/libv5rt.a(vex_motor.cpp.obj)
                0x0000000003803ec8                vex::motor::rotateFor(double, vex::rotationUnits, double, vex::velocityUnits, bool)
 .text._ZN3vex5motor14startRotateForEdNS_13rotationUnitsEdNS_13velocityUnitsE
                0x0000000003803fa8       0x34 /Applications/VEXcode.app/Contents/Resources/sdk/vexv5/libv5rt.a(vex_motor.cpp.obj)
                0x0000000003803fa8                vex::motor::startRotateFor(double, vex::rotationUnits, double, vex::velocityUnits)
 .text._ZN3vex5motor8rotationENS_13rotationUnitsE
                0x0000000003803fdc       0x44 /Applications/VEXcode.app/Contents/Resources/sdk/vexv5/libv5rt.a(vex_motor.cpp.obj)
                0x0000000003803fdc                vex::motor::rotation(vex::rotationUnits)
 .text.startup._GLOBAL__sub_I__ZN3vex5motorC2El
                0x0000000003804020       0x30 /Applications/VEXcode.app/Contents/Resources/sdk/vexv5/libv5rt.a(vex_motor.cpp.obj)
 .text._ZN3vex10controllerD2Ev
                0x0000000003804050        0x4 /Applications/VEXcode.app/Contents/Resources/sdk/vexv5/libv5rt.a(vex_controller.cpp.obj)
                0x0000000003804050                vex::controller::~controller()
                0x0000000003804050                vex::controller::~controller()
 .text._ZN3vex10controller5valueE19_V5_ControllerIndex
                0x0000000003804054        0x8 /Applications/VEXcode.app/Contents/Resources/sdk/vexv5/libv5rt.a(vex_controller.cpp.obj)
                0x0000000003804054                vex::controller::value(_V5_ControllerIndex)
 .text._ZN3vex10controller6rumbleEPKc
                0x000000000380405c       0x4c /Applications/VEXcode.app/Contents/Resources/sdk/vexv5/libv5rt.a(vex_controller.cpp.obj)
                0x000000000380405c                vex::controller::rumble(char const*)
 .text._ZN3vex10controller6button8pressingEv
                0x00000000038040a8       0xc8 /Applications/VEXcode.app/Contents/Resources/sdk/vexv5/libv5rt.a(vex_controller.cpp.obj)
                0x00000000038040a8                vex::controller::button::pressing()
 .text._ZN3vex10controller6button21_buttonToPressedEventEv
                0x0000000003804170       0x20 /Applications/VEXcode.app/Contents/Resources/sdk/vexv5/libv5rt.a(vex_controller.cpp.obj)
                0x0000000003804170                vex::controller::button::_buttonToPressedEvent()
 .text._ZN3vex10controller6button22_buttonToReleasedEventEv
                0x0000000003804190       0x20 /Applications/VEXcode.app/Contents/Resources/sdk/vexv5/libv5rt.a(vex_controller.cpp.obj)
                0x0000000003804190                vex::controller::button::_buttonToReleasedEvent()
 .text._ZN3vex10controller6buttonC2ENS0_11tButtonTypeEPS0_
                0x00000000038041b0       0x48 /Applications/VEXcode.app/Contents/Resources/sdk/vexv5/libv5rt.a(vex_controller.cpp.obj)
                0x00000000038041b0                vex::controller::button::button(vex::controller::tButtonType, vex::controller*)
                0x00000000038041b0                vex::controller::button::button(vex::controller::tButtonType, vex::controller*)
 .text._ZN3vex10controller4axis5valueEv
                0x00000000038041f8       0x58 /Applications/VEXcode.app/Contents/Resources/sdk/vexv5/libv5rt.a(vex_controller.cpp.obj)
                0x00000000038041f8                vex::controller::axis::value()
 .text._ZN3vex10controller4axis23_joystickToChangedEventEv
                0x0000000003804250       0x20 /Applications/VEXcode.app/Contents/Resources/sdk/vexv5/libv5rt.a(vex_controller.cpp.obj)
                0x0000000003804250                vex::controller::axis::_joystickToChangedEvent()
 .text._ZN3vex10controller4axisC2ENS0_9tAxisTypeEPS0_
                0x0000000003804270       0x2c /Applications/VEXcode.app/Contents/Resources/sdk/vexv5/libv5rt.a(vex_controller.cpp.obj)
                0x0000000003804270                vex::controller::axis::axis(vex::controller::tAxisType, vex::controller*)
                0x0000000003804270                vex::controller::axis::axis(vex::controller::tAxisType, vex::controller*)
 .text._ZN3vex10controllerC2Ev
                0x000000000380429c      0x204 /Applications/VEXcode.app/Contents/Resources/sdk/vexv5/libv5rt.a(vex_controller.cpp.obj)
                0x000000000380429c                vex::controller::controller()
                0x000000000380429c                vex::controller::controller()
 .text._ZN3vex10controller3lcd15getControllerIdEv
                0x00000000038044a0       0x10 /Applications/VEXcode.app/Contents/Resources/sdk/vexv5/libv5rt.a(vex_controller.cpp.obj)
                0x00000000038044a0                vex::controller::lcd::getControllerId()
 .text._ZN3vex10controller3lcd5printEPKcz
                0x00000000038044b0       0x54 /Applications/VEXcode.app/Contents/Resources/sdk/vexv5/libv5rt.a(vex_controller.cpp.obj)
                0x00000000038044b0                vex::controller::lcd::print(char const*, ...)
 .text._ZN3vex10controller3lcd7newLineEv
                0x0000000003804504       0x20 /Applications/VEXcode.app/Contents/Resources/sdk/vexv5/libv5rt.a(vex_controller.cpp.obj)
                0x0000000003804504                vex::controller::lcd::newLine()
 .text._ZN3vex4taskC2EPFivE
                0x0000000003804524       0x54 /Applications/VEXcode.app/Contents/Resources/sdk/vexv5/libv5rt.a(vex_task.cpp.obj)
                0x0000000003804524                vex::task::task(int (*)())
                0x0000000003804524                vex::task::task(int (*)())
 .text._ZN3vex4taskD2Ev
                0x0000000003804578        0x4 /Applications/VEXcode.app/Contents/Resources/sdk/vexv5/libv5rt.a(vex_task.cpp.obj)
                0x0000000003804578                vex::task::~task()
                0x0000000003804578                vex::task::~task()
 .text._ZN3vex4task4stopEPFivE
                0x000000000380457c        0xc /Applications/VEXcode.app/Contents/Resources/sdk/vexv5/libv5rt.a(vex_task.cpp.obj)
                0x000000000380457c                vex::task::stop(int (*)())
 .text._ZN3vex4task5sleepEm
                0x0000000003804588        0x4 /Applications/VEXcode.app/Contents/Resources/sdk/vexv5/libv5rt.a(vex_task.cpp.obj)
                0x0000000003804588                vex::task::sleep(unsigned long)
 .text._ZN3vex4task6_indexEPFivE
                0x000000000380458c       0x14 /Applications/VEXcode.app/Contents/Resources/sdk/vexv5/libv5rt.a(vex_task.cpp.obj)
                0x000000000380458c                vex::task::_index(int (*)())
 .text._ZN3vex4task8_stopAllEv
                0x00000000038045a0       0x3c /Applications/VEXcode.app/Contents/Resources/sdk/vexv5/libv5rt.a(vex_task.cpp.obj)
                0x00000000038045a0                vex::task::_stopAll()
 .text._ZN3vex5event4initEmmPFvvE
                0x00000000038045dc        0x4 /Applications/VEXcode.app/Contents/Resources/sdk/vexv5/libv5rt.a(vex_event.cpp.obj)
                0x00000000038045dc                vex::event::init(unsigned long, unsigned long, void (*)())
 .text._ZN3vex5event4initEmmPFvPvES1_
                0x00000000038045e0        0x4 /Applications/VEXcode.app/Contents/Resources/sdk/vexv5/libv5rt.a(vex_event.cpp.obj)
                0x00000000038045e0                vex::event::init(unsigned long, unsigned long, void (*)(void*), void*)
 .text._ZN3vex5event9userindexEv
                0x00000000038045e4        0x4 /Applications/VEXcode.app/Contents/Resources/sdk/vexv5/libv5rt.a(vex_event.cpp.obj)
                0x00000000038045e4                vex::event::userindex()
 .text._ZZN3vex6meventC4EmmENUlvE_4_FUNEv
                0x00000000038045e8        0x4 /Applications/VEXcode.app/Contents/Resources/sdk/vexv5/libv5rt.a(vex_mevent.cpp.obj)
 .text._ZN3vex6meventC2Emm
                0x00000000038045ec       0x70 /Applications/VEXcode.app/Contents/Resources/sdk/vexv5/libv5rt.a(vex_mevent.cpp.obj)
                0x00000000038045ec                vex::mevent::mevent(unsigned long, unsigned long)
                0x00000000038045ec                vex::mevent::mevent(unsigned long, unsigned long)
 .text._ZN3vex5brainD2Ev
                0x000000000380465c       0x20 /Applications/VEXcode.app/Contents/Resources/sdk/vexv5/libv5rt.a(vex_brain.cpp.obj)
                0x000000000380465c                vex::brain::~brain()
                0x000000000380465c                vex::brain::~brain()
 .text._ZN3vex5brain9_getIndexEv
                0x000000000380467c       0x10 /Applications/VEXcode.app/Contents/Resources/sdk/vexv5/libv5rt.a(vex_brain.cpp.obj)
                0x000000000380467c                vex::brain::_getIndex()
 .text._ZN3vex5brain3lcd9setCursorEll
                0x000000000380468c       0x44 /Applications/VEXcode.app/Contents/Resources/sdk/vexv5/libv5rt.a(vex_brain.cpp.obj)
                0x000000000380468c                vex::brain::lcd::setCursor(long, long)
 .text._ZN3vex5brain3lcd7setFontENS_8fontTypeE
                0x00000000038046d0      0x228 /Applications/VEXcode.app/Contents/Resources/sdk/vexv5/libv5rt.a(vex_brain.cpp.obj)
                0x00000000038046d0                vex::brain::lcd::setFont(vex::fontType)
 .text._ZN3vex5brain3lcdC2Ev
                0x00000000038048f8       0x94 /Applications/VEXcode.app/Contents/Resources/sdk/vexv5/libv5rt.a(vex_brain.cpp.obj)
                0x00000000038048f8                vex::brain::lcd::lcd()
                0x00000000038048f8                vex::brain::lcd::lcd()
 .text._ZN3vex5brainC2Ev
                0x000000000380498c       0x40 /Applications/VEXcode.app/Contents/Resources/sdk/vexv5/libv5rt.a(vex_brain.cpp.obj)
                0x000000000380498c                vex::brain::brain()
                0x000000000380498c                vex::brain::brain()
 .text._ZN3vex5brain3lcd13drawRectangleEiiii
                0x00000000038049cc       0xdc /Applications/VEXcode.app/Contents/Resources/sdk/vexv5/libv5rt.a(vex_brain.cpp.obj)
                0x00000000038049cc                vex::brain::lcd::drawRectangle(int, int, int, int)
 .text._ZN3vex5brain3lcd14_drawRectangleEiiiim
                0x0000000003804aa8       0x74 /Applications/VEXcode.app/Contents/Resources/sdk/vexv5/libv5rt.a(vex_brain.cpp.obj)
                0x0000000003804aa8                vex::brain::lcd::_drawRectangle(int, int, int, int, unsigned long)
 .text._ZN3vex5brain3lcd13drawRectangleEiiiiRKNS_5colorE
                0x0000000003804b1c       0x68 /Applications/VEXcode.app/Contents/Resources/sdk/vexv5/libv5rt.a(vex_brain.cpp.obj)
                0x0000000003804b1c                vex::brain::lcd::drawRectangle(int, int, int, int, vex::color const&)
 .text._ZN3vex5brain3lcd8pressingEv
                0x0000000003804b84       0x20 /Applications/VEXcode.app/Contents/Resources/sdk/vexv5/libv5rt.a(vex_brain.cpp.obj)
                0x0000000003804b84                vex::brain::lcd::pressing()
 .text._ZN3vex11competition8_disableEPv
                0x0000000003804ba4       0x9c /Applications/VEXcode.app/Contents/Resources/sdk/vexv5/libv5rt.a(vex_competition.cpp.obj)
                0x0000000003804ba4                vex::competition::_disable(void*)
 .text._ZN3vex11competition11_autonomousEv
                0x0000000003804c40       0x7c /Applications/VEXcode.app/Contents/Resources/sdk/vexv5/libv5rt.a(vex_competition.cpp.obj)
                0x0000000003804c40                vex::competition::_autonomous()
 .text._ZN3vex11competition14_drivercontrolEv
                0x0000000003804cbc       0x7c /Applications/VEXcode.app/Contents/Resources/sdk/vexv5/libv5rt.a(vex_competition.cpp.obj)
                0x0000000003804cbc                vex::competition::_drivercontrol()
 .text._ZN3vex11competitionC2Ev
                0x0000000003804d38      0x13c /Applications/VEXcode.app/Contents/Resources/sdk/vexv5/libv5rt.a(vex_competition.cpp.obj)
                0x0000000003804d38                vex::competition::competition()
                0x0000000003804d38                vex::competition::competition()
 .text._ZN3vex11competitionD2Ev
                0x0000000003804e74        0x4 /Applications/VEXcode.app/Contents/Resources/sdk/vexv5/libv5rt.a(vex_competition.cpp.obj)
                0x0000000003804e74                vex::competition::~competition()
                0x0000000003804e74                vex::competition::~competition()
 .text._ZN3vex11competition10autonomousEPFvvE
                0x0000000003804e78       0x44 /Applications/VEXcode.app/Contents/Resources/sdk/vexv5/libv5rt.a(vex_competition.cpp.obj)
                0x0000000003804e78                vex::competition::autonomous(void (*)())
 .text._ZN3vex11competition13drivercontrolEPFvvE
                0x0000000003804ebc       0x44 /Applications/VEXcode.app/Contents/Resources/sdk/vexv5/libv5rt.a(vex_competition.cpp.obj)
                0x0000000003804ebc                vex::competition::drivercontrol(void (*)())
 .text._ZN3vex7triport9installedEv
                0x0000000003804f00       0x18 /Applications/VEXcode.app/Contents/Resources/sdk/vexv5/libv5rt.a(vex_triport.cpp.obj)
                0x0000000003804f00                vex::triport::installed()
 .text._ZN3vex7triportD2Ev
                0x0000000003804f18       0x38 /Applications/VEXcode.app/Contents/Resources/sdk/vexv5/libv5rt.a(vex_triport.cpp.obj)
                0x0000000003804f18                vex::triport::~triport()
                0x0000000003804f18                vex::triport::~triport()
 .text._ZN3vex7triport4portC2ElPS0_
                0x0000000003804f50       0x90 /Applications/VEXcode.app/Contents/Resources/sdk/vexv5/libv5rt.a(vex_triport.cpp.obj)
                0x0000000003804f50                vex::triport::port::port(long, vex::triport*)
                0x0000000003804f50                vex::triport::port::port(long, vex::triport*)
 .text._ZN3vex7triportC2El
                0x0000000003804fe0       0xf0 /Applications/VEXcode.app/Contents/Resources/sdk/vexv5/libv5rt.a(vex_triport.cpp.obj)
                0x0000000003804fe0                vex::triport::triport(long)
                0x0000000003804fe0                vex::triport::triport(long)
 .text.startup._GLOBAL__sub_I__ZN3vex7triportC2El
                0x00000000038050d0       0x30 /Applications/VEXcode.app/Contents/Resources/sdk/vexv5/libv5rt.a(vex_triport.cpp.obj)
 .text._ZN3vex5colorD2Ev
                0x0000000003805100        0x4 /Applications/VEXcode.app/Contents/Resources/sdk/vexv5/libv5rt.a(vex_color.cpp.obj)
                0x0000000003805100                vex::color::~color()
                0x0000000003805100                vex::color::~color()
 .text._ZNK3vex5colorcvmEv
                0x0000000003805104        0x8 /Applications/VEXcode.app/Contents/Resources/sdk/vexv5/libv5rt.a(vex_color.cpp.obj)
                0x0000000003805104                vex::color::operator unsigned long() const
 .text._ZNK3vex5color13isTransparentEv
                0x000000000380510c        0x8 /Applications/VEXcode.app/Contents/Resources/sdk/vexv5/libv5rt.a(vex_color.cpp.obj)
                0x000000000380510c                vex::color::isTransparent() const
 .text.startup._GLOBAL__sub_I__ZN3vex5color5blackE
                0x0000000003805114      0x164 /Applications/VEXcode.app/Contents/Resources/sdk/vexv5/libv5rt.a(vex_color.cpp.obj)
 .text._ZN3vex5timerD2Ev
                0x0000000003805278        0x4 /Applications/VEXcode.app/Contents/Resources/sdk/vexv5/libv5rt.a(vex_timer.cpp.obj)
                0x0000000003805278                vex::timer::~timer()
                0x0000000003805278                vex::timer::~timer()
 .text._ZN3vex5timer5clearEv
                0x000000000380527c       0x1c /Applications/VEXcode.app/Contents/Resources/sdk/vexv5/libv5rt.a(vex_timer.cpp.obj)
                0x000000000380527c                vex::timer::clear()
 .text._ZN3vex5timerC2Ev
                0x0000000003805298       0x14 /Applications/VEXcode.app/Contents/Resources/sdk/vexv5/libv5rt.a(vex_timer.cpp.obj)
                0x0000000003805298                vex::timer::timer()
                0x0000000003805298                vex::timer::timer()
 *fill*         0x00000000038052ac        0x4 
 .text._ZNK3vex5timer4timeENS_9timeUnitsE
                0x00000000038052b0       0x40 /Applications/VEXcode.app/Contents/Resources/sdk/vexv5/libv5rt.a(vex_timer.cpp.obj)
                0x00000000038052b0                vex::timer::time(vex::timeUnits) const
 .text._ZN3vex6device5valueEv
                0x00000000038052f0        0x8 /Applications/VEXcode.app/Contents/Resources/sdk/vexv5/libv5rt.a(vex_device.cpp.obj)
                0x00000000038052f0                vex::device::value()
 .text._ZN3vex6deviceD2Ev
                0x00000000038052f8        0x4 /Applications/VEXcode.app/Contents/Resources/sdk/vexv5/libv5rt.a(vex_device.cpp.obj)
                0x00000000038052f8                vex::device::~device()
                0x00000000038052f8                vex::device::~device()
 .text._ZN3vex6device4initEl
                0x00000000038052fc       0x30 /Applications/VEXcode.app/Contents/Resources/sdk/vexv5/libv5rt.a(vex_device.cpp.obj)
                0x00000000038052fc                vex::device::init(long)
 .text._ZN3vex6deviceC2El
                0x000000000380532c       0x20 /Applications/VEXcode.app/Contents/Resources/sdk/vexv5/libv5rt.a(vex_device.cpp.obj)
                0x000000000380532c                vex::device::device(long)
                0x000000000380532c                vex::device::device(long)
 .text._ZN3vex6device4typeEv
                0x000000000380534c       0x10 /Applications/VEXcode.app/Contents/Resources/sdk/vexv5/libv5rt.a(vex_device.cpp.obj)
                0x000000000380534c                vex::device::type()
 .text._ZN3vex6device9installedEv
                0x000000000380535c       0x14 /Applications/VEXcode.app/Contents/Resources/sdk/vexv5/libv5rt.a(vex_device.cpp.obj)
                0x000000000380535c                vex::device::installed()
 .text.__libc_fini_array
                0x0000000003805370       0x30 /Applications/VEXcode.app/Contents/Resources/sdk/vexv5/gcc/libs/libc.a(lib_a-fini.o)
                0x0000000003805370                __libc_fini_array
 .text.__libc_init_array
                0x00000000038053a0       0x58 /Applications/VEXcode.app/Contents/Resources/sdk/vexv5/gcc/libs/libc.a(lib_a-init.o)
                0x00000000038053a0                __libc_init_array
 .text.__libc_init_array.__stub
                0x00000000038053f8       0x18 linker stubs
 *(.gnu.linkonce.t.*)
 *(.plt)
 *(.gnu_warning)
 *(.gcc_except_table)
 *(.glue_7)
 .glue_7        0x0000000003805410        0x0 linker stubs
 *(.glue_7t)
 .glue_7t       0x0000000003805410        0x0 linker stubs
 *(.vfp11_veneer)
 .vfp11_veneer  0x0000000003805410        0x0 linker stubs
 *(.ARM.extab)
 *(.gnu.linkonce.armextab.*)

.v4_bx          0x0000000003805410        0x0
 .v4_bx         0x0000000003805410        0x0 linker stubs

.iplt           0x0000000003805410        0x0
 .iplt          0x0000000003805410        0x0 build/src/main.o

.init
 *(.init)

.fini
 *(.fini)

.rodata         0x0000000003805410      0x18c
                0x0000000003805410                __rodata_start = .
 *(.rodata)
 *(.rodata.*)
 .rodata.str1.1
                0x0000000003805410       0xa9 build/src/main.o
 *fill*         0x00000000038054b9        0x3 
 .rodata._ZTVN3vex13motor_specialE
                0x00000000038054bc       0x10 build/src/main.o
                0x00000000038054bc                vtable for vex::motor_special
 .rodata.str1.1
                0x00000000038054cc       0x2e /Applications/VEXcode.app/Contents/Resources/sdk/vexv5/libv5rt.a(v5_startup.c.obj)
 *fill*         0x00000000038054fa        0x2 
 .rodata._ZN3vex4blueE
                0x00000000038054fc        0x4 /Applications/VEXcode.app/Contents/Resources/sdk/vexv5/libv5rt.a(vex_global.cpp.obj)
                0x00000000038054fc                vex::blue
 .rodata._ZN3vex6PORT22E
                0x0000000003805500        0x4 /Applications/VEXcode.app/Contents/Resources/sdk/vexv5/libv5rt.a(vex_global.cpp.obj)
                0x0000000003805500                vex::PORT22
 .rodata._ZN3vex5PORT2E
                0x0000000003805504        0x4 /Applications/VEXcode.app/Contents/Resources/sdk/vexv5/libv5rt.a(vex_global.cpp.obj)
                0x0000000003805504                vex::PORT2
 .rodata._ZN3vex6PORT12E
                0x0000000003805508        0x4 /Applications/VEXcode.app/Contents/Resources/sdk/vexv5/libv5rt.a(vex_global.cpp.obj)
                0x0000000003805508                vex::PORT12
 .rodata._ZN3vex6PORT13E
                0x000000000380550c        0x4 /Applications/VEXcode.app/Contents/Resources/sdk/vexv5/libv5rt.a(vex_global.cpp.obj)
                0x000000000380550c                vex::PORT13
 .rodata._ZN3vex5PORT7E
                0x0000000003805510        0x4 /Applications/VEXcode.app/Contents/Resources/sdk/vexv5/libv5rt.a(vex_global.cpp.obj)
                0x0000000003805510                vex::PORT7
 .rodata._ZN3vex5PORT1E
                0x0000000003805514        0x4 /Applications/VEXcode.app/Contents/Resources/sdk/vexv5/libv5rt.a(vex_global.cpp.obj)
                0x0000000003805514                vex::PORT1
 .rodata._ZN3vex5PORT9E
                0x0000000003805518        0x4 /Applications/VEXcode.app/Contents/Resources/sdk/vexv5/libv5rt.a(vex_global.cpp.obj)
                0x0000000003805518                vex::PORT9
 .rodata._ZN3vex6PORT10E
                0x000000000380551c        0x4 /Applications/VEXcode.app/Contents/Resources/sdk/vexv5/libv5rt.a(vex_global.cpp.obj)
                0x000000000380551c                vex::PORT10
 .rodata._ZN3vex3redE
                0x0000000003805520        0x4 /Applications/VEXcode.app/Contents/Resources/sdk/vexv5/libv5rt.a(vex_global.cpp.obj)
                0x0000000003805520                vex::red
 .rodata._ZN3vex5PORT3E
                0x0000000003805524        0x4 /Applications/VEXcode.app/Contents/Resources/sdk/vexv5/libv5rt.a(vex_global.cpp.obj)
                0x0000000003805524                vex::PORT3
 .rodata._ZTVN3vex5motorE
                0x0000000003805528       0x10 /Applications/VEXcode.app/Contents/Resources/sdk/vexv5/libv5rt.a(vex_motor.cpp.obj)
                0x0000000003805528                vtable for vex::motor
 .rodata.CSWTCH.15
                0x0000000003805538        0xb /Applications/VEXcode.app/Contents/Resources/sdk/vexv5/libv5rt.a(vex_controller.cpp.obj)
 .rodata.CSWTCH.17
                0x0000000003805543        0xb /Applications/VEXcode.app/Contents/Resources/sdk/vexv5/libv5rt.a(vex_controller.cpp.obj)
 .rodata.CSWTCH.23
                0x000000000380554e        0x3 /Applications/VEXcode.app/Contents/Resources/sdk/vexv5/libv5rt.a(vex_controller.cpp.obj)
 .rodata.str1.1
                0x0000000003805551        0xa /Applications/VEXcode.app/Contents/Resources/sdk/vexv5/libv5rt.a(vex_task.cpp.obj)
 .rodata.str1.1
                0x000000000380555b       0x1a /Applications/VEXcode.app/Contents/Resources/sdk/vexv5/libv5rt.a(vex_brain.cpp.obj)
 *fill*         0x0000000003805575        0x3 
 .rodata._ZTVN3vex7triportE
                0x0000000003805578       0x10 /Applications/VEXcode.app/Contents/Resources/sdk/vexv5/libv5rt.a(vex_triport.cpp.obj)
                0x0000000003805578                vtable for vex::triport
 .rodata._ZTVN3vex6deviceE
                0x0000000003805588       0x10 /Applications/VEXcode.app/Contents/Resources/sdk/vexv5/libv5rt.a(vex_device.cpp.obj)
                0x0000000003805588                vtable for vex::device
 .rodata.str1.4
                0x0000000003805598        0x4 /Applications/VEXcode.app/Contents/Resources/sdk/vexv5/gcc/libs/libc.a(lib_a-impure.o)
                                          0x2 (size before relaxing)
 *(.gnu.linkonce.r.*)
                0x000000000380559c                __rodata_end = .

.rodata1        0x000000000380559c        0x0
                0x000000000380559c                __rodata1_start = .
 *(.rodata1)
 *(.rodata1.*)
                0x000000000380559c                __rodata1_end = .

.sdata2         0x000000000380559c        0x0
                0x000000000380559c                __sdata2_start = .
 *(.sdata2)
 *(.sdata2.*)
 *(.gnu.linkonce.s2.*)
                0x000000000380559c                __sdata2_end = .

.sbss2          0x000000000380559c        0x0
                0x000000000380559c                __sbss2_start = .
 *(.sbss2)
 *(.sbss2.*)
 *(.gnu.linkonce.sb2.*)
                0x000000000380559c                __sbss2_end = .

.data           0x00000000038055a0      0x444
                0x00000000038055a0                __data_start = .
 *(.data)
 *(.data.*)
 .data.hSpeed   0x00000000038055a0        0x8 build/src/main.o
                0x00000000038055a0                hSpeed
 .data.autoRunning
                0x00000000038055a8        0x1 build/src/main.o
                0x00000000038055a8                autoRunning
 *fill*         0x00000000038055a9        0x3 
 .data.appRunning
                0x00000000038055ac        0x4 /Applications/VEXcode.app/Contents/Resources/sdk/vexv5/libv5rt.a(v5_startup.c.obj)
                0x00000000038055ac                appRunning
 .data.__yoff   0x00000000038055b0        0x4 /Applications/VEXcode.app/Contents/Resources/sdk/vexv5/libv5rt.a(v5_apijump.c.obj)
 *fill*         0x00000000038055b4        0x4 
 .data.impure_data
                0x00000000038055b8      0x428 /Applications/VEXcode.app/Contents/Resources/sdk/vexv5/gcc/libs/libc.a(lib_a-impure.o)
 .data._impure_ptr
                0x00000000038059e0        0x4 /Applications/VEXcode.app/Contents/Resources/sdk/vexv5/gcc/libs/libc.a(lib_a-impure.o)
                0x00000000038059e0                _impure_ptr
 *(.gnu.linkonce.d.*)
 *(.jcr)
 *(.got)
 *(.got.plt)
                0x00000000038059e4                __data_end = .

.igot.plt       0x00000000038059e4        0x0
 .igot.plt      0x00000000038059e4        0x0 build/src/main.o

.data1          0x00000000038059e4        0x0
                0x00000000038059e4                __data1_start = .
 *(.data1)
 *(.data1.*)
                0x00000000038059e4                __data1_end = .

.got
 *(.got)

.ctors          0x00000000038059e4        0x0
                0x00000000038059e4                __CTOR_LIST__ = .
                0x00000000038059e4                ___CTORS_LIST___ = .
 *crtbegin.o(.ctors)
 *(EXCLUDE_FILE(*crtend.o) .ctors)
 *(SORT_BY_NAME(.ctors.*))
 *(.ctors)
                0x00000000038059e4                __CTOR_END__ = .
                0x00000000038059e4                ___CTORS_END___ = .

.dtors          0x00000000038059e4        0x0
                0x00000000038059e4                __DTOR_LIST__ = .
                0x00000000038059e4                ___DTORS_LIST___ = .
 *crtbegin.o(.dtors)
 *(EXCLUDE_FILE(*crtend.o) .dtors)
 *(SORT_BY_NAME(.dtors.*))
 *(.dtors)
                0x00000000038059e4                __DTOR_END__ = .
                0x00000000038059e4                ___DTORS_END___ = .

.fixup          0x00000000038059e4        0x0
                0x00000000038059e4                __fixup_start = .
 *(.fixup)
                0x00000000038059e4                __fixup_end = .

.eh_frame
 *(.eh_frame)

.eh_framehdr    0x00000000038059e4        0x0
                0x00000000038059e4                __eh_framehdr_start = .
 *(.eh_framehdr)
                0x00000000038059e4                __eh_framehdr_end = .

.gcc_except_table
 *(.gcc_except_table)

.mmu_tbl        0x0000000003808000        0x0
                0x0000000003808000                __mmu_tbl_start = .
 *(.mmu_tbl)
                0x0000000003808000                __mmu_tbl_end = .

.ARM.exidx      0x00000000038059e4        0x8
                0x00000000038059e4                __exidx_start = .
 *(.ARM.exidx*)
 .ARM.exidx.text._Z13baseBrakeHoldi
                0x00000000038059e4        0x8 build/src/main.o
 .ARM.exidx.text._Z14baseBrakeCoasti
                0x00000000038059ec        0x0 build/src/main.o
                                          0x8 (size before relaxing)
 .ARM.exidx.text._Z6govoltfff
                0x00000000038059ec        0x0 build/src/main.o
                                          0x8 (size before relaxing)
 .ARM.exidx.text._ZN3vex13motor_special4spinENS_13directionTypeEdNS_12voltageUnitsE
                0x00000000038059ec        0x0 build/src/main.o
                                          0x8 (size before relaxing)
 .ARM.exidx.text._Z8movebasei
                0x00000000038059ec        0x0 build/src/main.o
                                          0x8 (size before relaxing)
 .ARM.exidx.text._Z10intakeMoveidd
                0x00000000038059ec        0x0 build/src/main.o
                                          0x8 (size before relaxing)
 .ARM.exidx.text._Z6upMoveidd
                0x00000000038059ec        0x0 build/src/main.o
                                          0x8 (size before relaxing)
 .ARM.exidx.text._Z14stopEverythingv
                0x00000000038059ec        0x0 build/src/main.o
                                          0x8 (size before relaxing)
 .ARM.exidx.text._Z7routined
                0x00000000038059ec        0x0 build/src/main.o
                                          0x8 (size before relaxing)
 .ARM.exidx.text._Z3goHddd
                0x00000000038059ec        0x0 build/src/main.o
                                          0x8 (size before relaxing)
 .ARM.exidx.text._Z7goSidesdddddd
                0x00000000038059ec        0x0 build/src/main.o
                                          0x8 (size before relaxing)
 .ARM.exidx.text._Z11turnEncoderddd
                0x00000000038059ec        0x0 build/src/main.o
                                          0x8 (size before relaxing)
 .ARM.exidx.text._Z2upif
                0x00000000038059ec        0x0 build/src/main.o
                                          0x8 (size before relaxing)
 .ARM.exidx.text._Z6upGoUpddd
                0x00000000038059ec        0x0 build/src/main.o
                                          0x8 (size before relaxing)
 .ARM.exidx.text._Z3gooidddd
                0x00000000038059ec        0x0 build/src/main.o
                                          0x8 (size before relaxing)
 .ARM.exidx.text._Z8goOldPIDffddf
                0x00000000038059ec        0x0 build/src/main.o
                                          0x8 (size before relaxing)
 .ARM.exidx.text._Z15autoColorSelectv
                0x00000000038059ec        0x0 build/src/main.o
                                          0x8 (size before relaxing)
 .ARM.exidx.text._Z7runAutoiib
                0x00000000038059ec        0x0 build/src/main.o
                                          0x8 (size before relaxing)
 .ARM.exidx.text._Z10autonomousv
                0x00000000038059ec        0x0 build/src/main.o
                                          0x8 (size before relaxing)
 .ARM.exidx.text._Z11usercontrolv
                0x00000000038059ec        0x0 build/src/main.o
                                          0x8 (size before relaxing)
 .ARM.exidx.text.main
                0x00000000038059ec        0x0 build/src/main.o
                                          0x8 (size before relaxing)
 .ARM.exidx.text._GLOBAL__sub_I_main.cpp
                0x00000000038059ec        0x0 build/src/main.o
                                          0x8 (size before relaxing)
 *(.gnu.linkonce.armexidix.*.*)
                0x00000000038059ec                __exidx_end = .

.rel.dyn        0x00000000038059ec        0x0
 .rel.iplt      0x00000000038059ec        0x0 build/src/main.o

.preinit_array  0x00000000038059ec        0x0
                0x00000000038059ec                __preinit_array_start = .
 *(SORT_BY_NAME(.preinit_array.*))
 *(.preinit_array)
                0x00000000038059ec                __preinit_array_end = .

.init_array     0x00000000038059ec       0x10
                0x00000000038059ec                __init_array_start = .
 *(SORT_BY_NAME(.init_array.*))
 *(.init_array)
 .init_array    0x00000000038059ec        0x4 build/src/main.o
 .init_array    0x00000000038059f0        0x4 /Applications/VEXcode.app/Contents/Resources/sdk/vexv5/libv5rt.a(vex_motor.cpp.obj)
 .init_array    0x00000000038059f4        0x4 /Applications/VEXcode.app/Contents/Resources/sdk/vexv5/libv5rt.a(vex_triport.cpp.obj)
 .init_array    0x00000000038059f8        0x4 /Applications/VEXcode.app/Contents/Resources/sdk/vexv5/libv5rt.a(vex_color.cpp.obj)
                0x00000000038059fc                __init_array_end = .

.fini_array     0x00000000038059fc        0x0
                0x00000000038059fc                __fini_array_start = .
 *(SORT_BY_NAME(.fini_array.*))
 *(.fini_array)
                0x00000000038059fc                __fini_array_end = .

.ARM.attributes
                0x00000000038059fc       0x3c
                0x00000000038059fc                __ARM.attributes_start = .
 *(.ARM.attributes)
 .ARM.attributes
                0x00000000038059fc       0x3a build/src/main.o
 .ARM.attributes
                0x0000000003805a36       0x35 /Applications/VEXcode.app/Contents/Resources/sdk/vexv5/libv5rt.a(v5_startup.c.obj)
 .ARM.attributes
                0x0000000003805a6b       0x35 /Applications/VEXcode.app/Contents/Resources/sdk/vexv5/libv5rt.a(v5_util.c.obj)
 .ARM.attributes
                0x0000000003805aa0       0x35 /Applications/VEXcode.app/Contents/Resources/sdk/vexv5/libv5rt.a(v5_apijump.c.obj)
 .ARM.attributes
                0x0000000003805ad5       0x35 /Applications/VEXcode.app/Contents/Resources/sdk/vexv5/libv5rt.a(v5_apiuser.c.obj)
 .ARM.attributes
                0x0000000003805b0a       0x35 /Applications/VEXcode.app/Contents/Resources/sdk/vexv5/libv5rt.a(v5_apiversions.c.obj)
 .ARM.attributes
                0x0000000003805b3f       0x35 /Applications/VEXcode.app/Contents/Resources/sdk/vexv5/libv5rt.a(vex_global.cpp.obj)
 .ARM.attributes
                0x0000000003805b74       0x35 /Applications/VEXcode.app/Contents/Resources/sdk/vexv5/libv5rt.a(vex_motor.cpp.obj)
 .ARM.attributes
                0x0000000003805ba9       0x35 /Applications/VEXcode.app/Contents/Resources/sdk/vexv5/libv5rt.a(vex_controller.cpp.obj)
 .ARM.attributes
                0x0000000003805bde       0x35 /Applications/VEXcode.app/Contents/Resources/sdk/vexv5/libv5rt.a(vex_task.cpp.obj)
 .ARM.attributes
                0x0000000003805c13       0x35 /Applications/VEXcode.app/Contents/Resources/sdk/vexv5/libv5rt.a(vex_event.cpp.obj)
 .ARM.attributes
                0x0000000003805c48       0x35 /Applications/VEXcode.app/Contents/Resources/sdk/vexv5/libv5rt.a(vex_mevent.cpp.obj)
 .ARM.attributes
                0x0000000003805c7d       0x35 /Applications/VEXcode.app/Contents/Resources/sdk/vexv5/libv5rt.a(vex_brain.cpp.obj)
 .ARM.attributes
                0x0000000003805cb2       0x35 /Applications/VEXcode.app/Contents/Resources/sdk/vexv5/libv5rt.a(vex_competition.cpp.obj)
 .ARM.attributes
                0x0000000003805ce7       0x35 /Applications/VEXcode.app/Contents/Resources/sdk/vexv5/libv5rt.a(vex_triport.cpp.obj)
 .ARM.attributes
                0x0000000003805d1c       0x35 /Applications/VEXcode.app/Contents/Resources/sdk/vexv5/libv5rt.a(vex_color.cpp.obj)
 .ARM.attributes
                0x0000000003805d51       0x35 /Applications/VEXcode.app/Contents/Resources/sdk/vexv5/libv5rt.a(vex_timer.cpp.obj)
 .ARM.attributes
                0x0000000003805d86       0x35 /Applications/VEXcode.app/Contents/Resources/sdk/vexv5/libv5rt.a(vex_device.cpp.obj)
 .ARM.attributes
                0x0000000003805dbb       0x2b /Applications/VEXcode.app/Contents/Resources/sdk/vexv5/gcc/libs/libc.a(lib_a-fini.o)
 .ARM.attributes
                0x0000000003805de6       0x2b /Applications/VEXcode.app/Contents/Resources/sdk/vexv5/gcc/libs/libc.a(lib_a-impure.o)
 .ARM.attributes
                0x0000000003805e11       0x2b /Applications/VEXcode.app/Contents/Resources/sdk/vexv5/gcc/libs/libc.a(lib_a-init.o)
                0x0000000003805e3c                __ARM.attributes_end = .

.sdata          0x00000000038059fc        0x0
                0x00000000038059fc                __sdata_start = .
 *(.sdata)
 *(.sdata.*)
 *(.gnu.linkonce.s.*)
                0x00000000038059fc                __sdata_end = .

.sbss           0x00000000038059fc        0x0
                0x00000000038059fc                __sbss_start = .
 *(.sbss)
 *(.sbss.*)
 *(.gnu.linkonce.sb.*)
                0x00000000038059fc                __sbss_end = .

.tdata          0x00000000038059fc        0x0
                0x00000000038059fc                __tdata_start = .
 *(.tdata)
 *(.tdata.*)
 *(.gnu.linkonce.td.*)
                0x00000000038059fc                __tdata_end = .

.tbss           0x00000000038059fc        0x0
                0x00000000038059fc                __tbss_start = .
 *(.tbss)
 *(.tbss.*)
 *(.gnu.linkonce.tb.*)
                0x00000000038059fc                __tbss_end = .

.bss            0x0000000003805a00      0x799
                0x0000000003805a00                __bss_start = .
 *(.bss)
 *(.bss.*)
 .bss.Brain     0x0000000003805a00      0x2e0 build/src/main.o
                0x0000000003805a00                Brain
 .bss.Controller1
                0x0000000003805ce0      0x1e0 build/src/main.o
                0x0000000003805ce0                Controller1
 .bss.TimerDrive
                0x0000000003805ec0        0x8 build/src/main.o
                0x0000000003805ec0                TimerDrive
 .bss.TimerUp   0x0000000003805ec8        0x8 build/src/main.o
                0x0000000003805ec8                TimerUp
 .bss.Lwheel2   0x0000000003805ed0       0x28 build/src/main.o
                0x0000000003805ed0                Lwheel2
 .bss.Lwheel    0x0000000003805ef8       0x28 build/src/main.o
                0x0000000003805ef8                Lwheel
 .bss.Rwheel2   0x0000000003805f20       0x28 build/src/main.o
                0x0000000003805f20                Rwheel2
 .bss.Rwheel    0x0000000003805f48       0x28 build/src/main.o
                0x0000000003805f48                Rwheel
 .bss.Hwheel    0x0000000003805f70       0x28 build/src/main.o
                0x0000000003805f70                Hwheel
 .bss.Intake    0x0000000003805f98       0x28 build/src/main.o
                0x0000000003805f98                Intake
 .bss.LUp       0x0000000003805fc0       0x28 build/src/main.o
                0x0000000003805fc0                LUp
 .bss.RUp       0x0000000003805fe8       0x28 build/src/main.o
                0x0000000003805fe8                RUp
 .bss.RF        0x0000000003806010       0x2c build/src/main.o
                0x0000000003806010                RF
 .bss.RB        0x000000000380603c       0x2c build/src/main.o
                0x000000000380603c                RB
 .bss.LF        0x0000000003806068       0x2c build/src/main.o
                0x0000000003806068                LF
 .bss.LB        0x0000000003806094       0x2c build/src/main.o
                0x0000000003806094                LB
 .bss.MH        0x00000000038060c0       0x2c build/src/main.o
                0x00000000038060c0                MH
 .bss.brakeVar  0x00000000038060ec        0x4 build/src/main.o
                0x00000000038060ec                brakeVar
 .bss.intakeBrakeVar
                0x00000000038060f0        0x4 build/src/main.o
                0x00000000038060f0                intakeBrakeVar
 *fill*         0x00000000038060f4        0x4 
 .bss.autoCol   0x00000000038060f8        0x8 build/src/main.o
                0x00000000038060f8                autoCol
 .bss.Competition
                0x0000000003806100       0x28 build/src/main.o
                0x0000000003806100                Competition
 .bss.__dso_handle
                0x0000000003806128        0x4 /Applications/VEXcode.app/Contents/Resources/sdk/vexv5/libv5rt.a(v5_startup.c.obj)
                0x0000000003806128                __dso_handle
 .bss.lastTime.8082
                0x000000000380612c        0x4 /Applications/VEXcode.app/Contents/Resources/sdk/vexv5/libv5rt.a(v5_apijump.c.obj)
 .bss._ZStL8__ioinit
                0x0000000003806130        0x1 /Applications/VEXcode.app/Contents/Resources/sdk/vexv5/libv5rt.a(vex_motor.cpp.obj)
 *fill*         0x0000000003806131        0x3 
 .bss._ZN3vex4task8_labelIdE
                0x0000000003806134        0x4 /Applications/VEXcode.app/Contents/Resources/sdk/vexv5/libv5rt.a(vex_task.cpp.obj)
                0x0000000003806134                vex::task::_labelId
 .bss._ZN3vex11competition22bStopTasksBetweenModesE
                0x0000000003806138        0x1 /Applications/VEXcode.app/Contents/Resources/sdk/vexv5/libv5rt.a(vex_competition.cpp.obj)
                0x0000000003806138                vex::competition::bStopTasksBetweenModes
 .bss._ZN3vex11competition25bStopAllTasksBetweenModesE
                0x0000000003806139        0x1 /Applications/VEXcode.app/Contents/Resources/sdk/vexv5/libv5rt.a(vex_competition.cpp.obj)
                0x0000000003806139                vex::competition::bStopAllTasksBetweenModes
 .bss._ZN3vex11competition14_auton_pendingE
                0x000000000380613a        0x1 /Applications/VEXcode.app/Contents/Resources/sdk/vexv5/libv5rt.a(vex_competition.cpp.obj)
                0x000000000380613a                vex::competition::_auton_pending
 *fill*         0x000000000380613b        0x1 
 .bss._ZN3vex11competition20_autonomous_callbackE
                0x000000000380613c        0x4 /Applications/VEXcode.app/Contents/Resources/sdk/vexv5/libv5rt.a(vex_competition.cpp.obj)
                0x000000000380613c                vex::competition::_autonomous_callback
 .bss._ZN3vex11competition23_drivercontrol_callbackE
                0x0000000003806140        0x4 /Applications/VEXcode.app/Contents/Resources/sdk/vexv5/libv5rt.a(vex_competition.cpp.obj)
                0x0000000003806140                vex::competition::_drivercontrol_callback
 .bss._ZN3vex11competition15_driver_pendingE
                0x0000000003806144        0x1 /Applications/VEXcode.app/Contents/Resources/sdk/vexv5/libv5rt.a(vex_competition.cpp.obj)
                0x0000000003806144                vex::competition::_driver_pending
 .bss._ZStL8__ioinit
                0x0000000003806145        0x1 /Applications/VEXcode.app/Contents/Resources/sdk/vexv5/libv5rt.a(vex_triport.cpp.obj)
 *fill*         0x0000000003806146        0x2 
 .bss._ZN3vex5color6orangeE
                0x0000000003806148        0x8 /Applications/VEXcode.app/Contents/Resources/sdk/vexv5/libv5rt.a(vex_color.cpp.obj)
                0x0000000003806148                vex::color::orange
 .bss._ZN3vex5color5blackE
                0x0000000003806150        0x8 /Applications/VEXcode.app/Contents/Resources/sdk/vexv5/libv5rt.a(vex_color.cpp.obj)
                0x0000000003806150                vex::color::black
 .bss._ZN3vex5color6yellowE
                0x0000000003806158        0x8 /Applications/VEXcode.app/Contents/Resources/sdk/vexv5/libv5rt.a(vex_color.cpp.obj)
                0x0000000003806158                vex::color::yellow
 .bss._ZN3vex5color5greenE
                0x0000000003806160        0x8 /Applications/VEXcode.app/Contents/Resources/sdk/vexv5/libv5rt.a(vex_color.cpp.obj)
                0x0000000003806160                vex::color::green
 .bss._ZN3vex5color6purpleE
                0x0000000003806168        0x8 /Applications/VEXcode.app/Contents/Resources/sdk/vexv5/libv5rt.a(vex_color.cpp.obj)
                0x0000000003806168                vex::color::purple
 .bss._ZN3vex5color4cyanE
                0x0000000003806170        0x8 /Applications/VEXcode.app/Contents/Resources/sdk/vexv5/libv5rt.a(vex_color.cpp.obj)
                0x0000000003806170                vex::color::cyan
 .bss._ZN3vex5color4blueE
                0x0000000003806178        0x8 /Applications/VEXcode.app/Contents/Resources/sdk/vexv5/libv5rt.a(vex_color.cpp.obj)
                0x0000000003806178                vex::color::blue
 .bss._ZN3vex5color3redE
                0x0000000003806180        0x8 /Applications/VEXcode.app/Contents/Resources/sdk/vexv5/libv5rt.a(vex_color.cpp.obj)
                0x0000000003806180                vex::color::red
 .bss._ZN3vex5color11transparentE
                0x0000000003806188        0x8 /Applications/VEXcode.app/Contents/Resources/sdk/vexv5/libv5rt.a(vex_color.cpp.obj)
                0x0000000003806188                vex::color::transparent
 .bss._ZN3vex5color5whiteE
                0x0000000003806190        0x8 /Applications/VEXcode.app/Contents/Resources/sdk/vexv5/libv5rt.a(vex_color.cpp.obj)
                0x0000000003806190                vex::color::white
 *(.gnu.linkonce.b.*)
 *(COMMON)
 COMMON         0x0000000003806198        0x1 /Applications/VEXcode.app/Contents/Resources/sdk/vexv5/libv5rt.a(v5_startup.c.obj)
                0x0000000003806198                __vex_critical_section
                0x0000000003806199                __bss_end = .
                0x00000000038059fc                _SDA_BASE_ = (__sdata_start + ((__sbss_end - __sdata_start) / 0x2))
                0x000000000380559c                _SDA2_BASE_ = (__sdata2_start + ((__sbss2_end - __sdata2_start) / 0x2))

.heap           0x0000000003806199   0x100007
                0x00000000038061a0                . = ALIGN (0x10)
 *fill*         0x0000000003806199        0x7 
                0x00000000038061a0                _heap = .
                0x00000000038061a0                HeapBase = .
                0x00000000038061a0                _heap_start = .
                0x00000000039061a0                . = (. + _HEAP_SIZE)
 *fill*         0x00000000038061a0   0x100000 
                0x00000000039061a0                _heap_end = .
                0x00000000039061a0                HeapLimit = .

.stack          0x00000000039061a0     0x3800
                0x00000000039061a0                . = ALIGN (0x10)
                0x00000000039061a0                _stack_end = .
                0x00000000039081a0                . = (. + _STACK_SIZE)
 *fill*         0x00000000039061a0     0x2000 
                0x00000000039081a0                . = ALIGN (0x10)
                0x00000000039081a0                _stack = .
                0x00000000039081a0                __stack = _stack
                0x00000000039081a0                . = ALIGN (0x10)
                0x00000000039081a0                _irq_stack_end = .
                0x00000000039085a0                . = (. + _IRQ_STACK_SIZE)
 *fill*         0x00000000039081a0      0x400 
                0x00000000039085a0                . = ALIGN (0x10)
                0x00000000039085a0                __irq_stack = .
                0x00000000039085a0                _supervisor_stack_end = .
                0x0000000003908da0                . = (. + _SUPERVISOR_STACK_SIZE)
 *fill*         0x00000000039085a0      0x800 
                0x0000000003908da0                . = ALIGN (0x10)
                0x0000000003908da0                __supervisor_stack = .
                0x0000000003908da0                _abort_stack_end = .
                0x00000000039091a0                . = (. + _ABORT_STACK_SIZE)
 *fill*         0x0000000003908da0      0x400 
                0x00000000039091a0                . = ALIGN (0x10)
                0x00000000039091a0                __abort_stack = .
                0x00000000039091a0                _fiq_stack_end = .
                0x00000000039095a0                . = (. + _FIQ_STACK_SIZE)
 *fill*         0x00000000039091a0      0x400 
                0x00000000039095a0                . = ALIGN (0x10)
                0x00000000039095a0                __fiq_stack = .
                0x00000000039095a0                _undef_stack_end = .
                0x00000000039099a0                . = (. + _UNDEF_STACK_SIZE)
 *fill*         0x00000000039095a0      0x400 
                0x00000000039099a0                . = ALIGN (0x10)
                0x00000000039099a0                __undef_stack = .
                0x00000000039099a0                _end = .
LOAD /Applications/VEXcode.app/Contents/Resources/sdk/vexv5/stdlib_0.lib
LOAD build/src/main.o
START GROUP
LOAD /Applications/VEXcode.app/Contents/Resources/sdk/vexv5/libv5rt.a
LOAD /Applications/VEXcode.app/Contents/Resources/sdk/vexv5/gcc/libs/libstdc++.a
LOAD /Applications/VEXcode.app/Contents/Resources/sdk/vexv5/gcc/libs/libc.a
LOAD /Applications/VEXcode.app/Contents/Resources/sdk/vexv5/gcc/libs/libm.a
LOAD /Applications/VEXcode.app/Contents/Resources/sdk/vexv5/gcc/libs/libgcc.a
END GROUP
OUTPUT(build/McQueen.elf elf32-littlearm)

.comment        0x0000000000000000       0x9d
 .comment       0x0000000000000000       0x2d build/src/main.o
                                         0x2e (size before relaxing)
 .comment       0x000000000000002d       0x70 /Applications/VEXcode.app/Contents/Resources/sdk/vexv5/libv5rt.a(v5_startup.c.obj)
                                         0x71 (size before relaxing)
 .comment       0x000000000000009d       0x71 /Applications/VEXcode.app/Contents/Resources/sdk/vexv5/libv5rt.a(v5_util.c.obj)
 .comment       0x000000000000009d       0x71 /Applications/VEXcode.app/Contents/Resources/sdk/vexv5/libv5rt.a(v5_apijump.c.obj)
 .comment       0x000000000000009d       0x71 /Applications/VEXcode.app/Contents/Resources/sdk/vexv5/libv5rt.a(v5_apiuser.c.obj)
 .comment       0x000000000000009d       0x71 /Applications/VEXcode.app/Contents/Resources/sdk/vexv5/libv5rt.a(v5_apiversions.c.obj)
 .comment       0x000000000000009d       0x71 /Applications/VEXcode.app/Contents/Resources/sdk/vexv5/libv5rt.a(vex_global.cpp.obj)
 .comment       0x000000000000009d       0x71 /Applications/VEXcode.app/Contents/Resources/sdk/vexv5/libv5rt.a(vex_motor.cpp.obj)
 .comment       0x000000000000009d       0x71 /Applications/VEXcode.app/Contents/Resources/sdk/vexv5/libv5rt.a(vex_controller.cpp.obj)
 .comment       0x000000000000009d       0x71 /Applications/VEXcode.app/Contents/Resources/sdk/vexv5/libv5rt.a(vex_task.cpp.obj)
 .comment       0x000000000000009d       0x71 /Applications/VEXcode.app/Contents/Resources/sdk/vexv5/libv5rt.a(vex_event.cpp.obj)
 .comment       0x000000000000009d       0x71 /Applications/VEXcode.app/Contents/Resources/sdk/vexv5/libv5rt.a(vex_mevent.cpp.obj)
 .comment       0x000000000000009d       0x71 /Applications/VEXcode.app/Contents/Resources/sdk/vexv5/libv5rt.a(vex_brain.cpp.obj)
 .comment       0x000000000000009d       0x71 /Applications/VEXcode.app/Contents/Resources/sdk/vexv5/libv5rt.a(vex_competition.cpp.obj)
 .comment       0x000000000000009d       0x71 /Applications/VEXcode.app/Contents/Resources/sdk/vexv5/libv5rt.a(vex_triport.cpp.obj)
 .comment       0x000000000000009d       0x71 /Applications/VEXcode.app/Contents/Resources/sdk/vexv5/libv5rt.a(vex_color.cpp.obj)
 .comment       0x000000000000009d       0x71 /Applications/VEXcode.app/Contents/Resources/sdk/vexv5/libv5rt.a(vex_timer.cpp.obj)
 .comment       0x000000000000009d       0x71 /Applications/VEXcode.app/Contents/Resources/sdk/vexv5/libv5rt.a(vex_device.cpp.obj)

.note.GNU-stack
                0x0000000000000000        0x0
 .note.GNU-stack
                0x0000000000000000        0x0 build/src/main.o

.debug_frame    0x0000000000000000       0x60
 .debug_frame   0x0000000000000000       0x34 /Applications/VEXcode.app/Contents/Resources/sdk/vexv5/gcc/libs/libc.a(lib_a-fini.o)
 .debug_frame   0x0000000000000034       0x2c /Applications/VEXcode.app/Contents/Resources/sdk/vexv5/gcc/libs/libc.a(lib_a-init.o)
